Archive member included to satisfy reference by file (symbol)

build/cooja/mtype158.a(simEnvChange.o)
                              build/cooja/mtype158.o (simDontFallAsleep)
build/cooja/mtype158.a(cooja_mt.o)
                              build/cooja/mtype158.o (cooja_mt_start)
build/cooja/mtype158.a(cooja_mtarch.o)
                              build/cooja/mtype158.a(cooja_mt.o) (cooja_mtarch_start)
build/cooja/mtype158.a(rtimer-arch.o)
                              build/cooja/mtype158.o (rtimer_arch_check)
build/cooja/mtype158.a(beep.o)
                              build/cooja/mtype158.o (beep_interface)
build/cooja/mtype158.a(leds-arch.o)
                              build/cooja/mtype158.o (leds_interface)
build/cooja/mtype158.a(moteid.o)
                              build/cooja/mtype158.o (moteid_interface)
build/cooja/mtype158.a(pir-sensor.o)
                              build/cooja/mtype158.o (pir_interface)
build/cooja/mtype158.a(rs232.o)
                              build/cooja/mtype158.o (rs232_interface)
build/cooja/mtype158.a(vib-sensor.o)
                              build/cooja/mtype158.o (vib_interface)
build/cooja/mtype158.a(clock.o)
                              build/cooja/mtype158.o (clock_interface)
build/cooja/mtype158.a(cooja-log.o)
                              build/cooja/mtype158.o (simlog_interface)
build/cooja/mtype158.a(cfs-cooja.o)
                              build/cooja/mtype158.o (cfs_interface)
build/cooja/mtype158.a(cooja-radio.o)
                              build/cooja/mtype158.o (radio_interface)
build/cooja/mtype158.a(eeprom.o)
                              build/cooja/mtype158.o (eeprom_interface)
build/cooja/mtype158.a(random.o)
                              build/cooja/mtype158.a(moteid.o) (random_init)
build/cooja/mtype158.a(sensors.o)
                              build/cooja/mtype158.a(pir-sensor.o) (sensors_changed)
build/cooja/mtype158.a(leds.o)
                              build/cooja/mtype158.a(leds-arch.o) (leds_get)
build/cooja/mtype158.a(gpio-hal-arch.o)
                              build/cooja/mtype158.a(leds-arch.o) (gpio_hal_arch_register_pin_callback)
build/cooja/mtype158.a(buttons.o)
                              build/cooja/mtype158.o (button_interface)
build/cooja/mtype158.a(mqtt.o)
                              mqtt-client_light_temperature.o (mqtt_disconnect)
build/cooja/mtype158.a(contiki-main.o)
                              build/cooja/mtype158.o (main)
build/cooja/mtype158.a(autostart.o)
                              build/cooja/mtype158.a(contiki-main.o) (autostart_start)
build/cooja/mtype158.a(ctimer.o)
                              build/cooja/mtype158.a(contiki-main.o) (ctimer_init)
build/cooja/mtype158.a(log.o)
                              build/cooja/mtype158.a(contiki-main.o) (curr_log_level_main)
build/cooja/mtype158.a(energest.o)
                              build/cooja/mtype158.a(contiki-main.o) (energest_init)
build/cooja/mtype158.a(etimer.o)
                              build/cooja/mtype158.a(contiki-main.o) (etimer_process)
build/cooja/mtype158.a(node-id.o)
                              build/cooja/mtype158.a(contiki-main.o) (node_id)
build/cooja/mtype158.a(rtimer.o)
                              build/cooja/mtype158.a(contiki-main.o) (rtimer_init)
build/cooja/mtype158.a(process.o)
                              build/cooja/mtype158.a(mqtt.o) (process_current)
build/cooja/mtype158.a(timer.o)
                              build/cooja/mtype158.a(mqtt.o) (timer_set)
build/cooja/mtype158.a(list.o)
                              build/cooja/mtype158.a(mqtt.o) (list_init)
build/cooja/mtype158.a(button-hal.o)
                              build/cooja/mtype158.o (button_hal_init)
build/cooja/mtype158.a(serial-line.o)
                              mqtt-client_light_temperature.o (serial_line_event_message)
build/cooja/mtype158.a(gpio-hal.o)
                              build/cooja/mtype158.a(button-hal.o) (gpio_hal_register_handler)
build/cooja/mtype158.a(queuebuf.o)
                              build/cooja/mtype158.a(contiki-main.o) (queuebuf_init)
build/cooja/mtype158.a(packetbuf.o)
                              build/cooja/mtype158.a(cooja-radio.o) (packetbuf_clear)
build/cooja/mtype158.a(netstack.o)
                              build/cooja/mtype158.a(contiki-main.o) (netstack_init)
build/cooja/mtype158.a(linkaddr.o)
                              mqtt-client_light_temperature.o (linkaddr_node_addr)
build/cooja/mtype158.a(csma.o)
                              build/cooja/mtype158.a(cooja-radio.o) (csma_driver)
build/cooja/mtype158.a(csma-output.o)
                              build/cooja/mtype158.a(csma.o) (csma_output_packet)
build/cooja/mtype158.a(uip-ds6.o)
                              build/cooja/mtype158.a(contiki-main.o) (uip_ds6_get_link_local)
build/cooja/mtype158.a(tcp-socket.o)
                              build/cooja/mtype158.a(mqtt.o) (tcp_socket_register)
build/cooja/mtype158.a(uip-ds6-route.o)
[...]
Memory Configuration

Name             Origin             Length             Attributes
*default*        0x0000000000000000 0xffffffffffffffff

Linker script and memory map

LOAD /usr/lib/gcc/i686-linux-gnu/5/../../../i386-linux-gnu/crti.o
LOAD /usr/lib/gcc/i686-linux-gnu/5/crtbeginS.o
LOAD mqtt-client_light_temperature.o
LOAD build/cooja/mtype158.o
LOAD build/cooja/obj/mysensor.o
LOAD build/cooja/mtype158.a
LOAD /usr/lib/gcc/i686-linux-gnu/5/libgcc.a
LOAD /usr/lib/gcc/i686-linux-gnu/5/libgcc_s.so
LOAD /usr/lib/gcc/i686-linux-gnu/5/../../../i386-linux-gnu/libc.so
START GROUP
LOAD /lib/i386-linux-gnu/libc.so.6
LOAD /usr/lib/i386-linux-gnu/libc_nonshared.a
LOAD /lib/i386-linux-gnu/ld-linux.so.2
END GROUP
LOAD /usr/lib/gcc/i686-linux-gnu/5/libgcc.a
LOAD /usr/lib/gcc/i686-linux-gnu/5/libgcc_s.so
LOAD /usr/lib/gcc/i686-linux-gnu/5/crtendS.o
LOAD /usr/lib/gcc/i686-linux-gnu/5/../../../i386-linux-gnu/crtn.o
                0x0000000000000114                . = (0x0 + SIZEOF_HEADERS)

.note.gnu.build-id
                0x0000000000000114       0x24
 *(.note.gnu.build-id)
 .note.gnu.build-id
                0x0000000000000114       0x24 /usr/lib/gcc/i686-linux-gnu/5/../../../i386-linux-gnu/crti.o

.hash
 *(.hash)

.gnu.hash       0x0000000000000138     0x14a8
 *(.gnu.hash)
 .gnu.hash      0x0000000000000138     0x14a8 /usr/lib/gcc/i686-linux-gnu/5/../../../i386-linux-gnu/crti.o

.dynsym         0x00000000000015e0     0x2b20
 *(.dynsym)
 .dynsym        0x00000000000015e0     0x2b20 /usr/lib/gcc/i686-linux-gnu/5/../../../i386-linux-gnu/crti.o

.dynstr         0x0000000000004100     0x30a6
 *(.dynstr)
 .dynstr        0x0000000000004100     0x30a6 /usr/lib/gcc/i686-linux-gnu/5/../../../i386-linux-gnu/crti.o

.gnu.version    0x00000000000071a6      0x564
 *(.gnu.version)
 .gnu.version   0x00000000000071a6      0x564 /usr/lib/gcc/i686-linux-gnu/5/../../../i386-linux-gnu/crti.o

.gnu.version_d  0x000000000000770c        0x0
 *(.gnu.version_d)
 .gnu.version_d
                0x000000000000770c        0x0 /usr/lib/gcc/i686-linux-gnu/5/../../../i386-linux-gnu/crti.o

.gnu.version_r  0x000000000000770c       0x40
 *(.gnu.version_r)
 .gnu.version_r
                0x000000000000770c       0x40 /usr/lib/gcc/i686-linux-gnu/5/../../../i386-linux-gnu/crti.o

.rel.dyn        0x000000000000774c     0xa218
 *(.rel.init)
 .rel.init      0x000000000000774c        0x0 /usr/lib/gcc/i686-linux-gnu/5/../../../i386-linux-gnu/crti.o
 *(.rel.text .rel.text.* .rel.gnu.linkonce.t.*)
 .rel.text      0x000000000000774c     0x9a08 /usr/lib/gcc/i686-linux-gnu/5/../../../i386-linux-gnu/crti.o
 *(.rel.fini)
 .rel.fini      0x0000000000011154        0x0 /usr/lib/gcc/i686-linux-gnu/5/../../../i386-linux-gnu/crti.o
 *(.rel.rodata .rel.rodata.* .rel.gnu.linkonce.r.*)
 .rel.rodata    0x0000000000011154      0x448 /usr/lib/gcc/i686-linux-gnu/5/../../../i386-linux-gnu/crti.o
 *(.rel.data.rel.ro .rel.data.rel.ro.* .rel.gnu.linkonce.d.rel.ro.*)
 *(.rel.data .rel.data.* .rel.gnu.linkonce.d.*)
 .rel.data.rel.local
                0x000000000001159c        0x8 /usr/lib/gcc/i686-linux-gnu/5/../../../i386-linux-gnu/crti.o
 .rel.data      0x00000000000115a4      0x388 /usr/lib/gcc/i686-linux-gnu/5/../../../i386-linux-gnu/crti.o
 *(.rel.tdata .rel.tdata.* .rel.gnu.linkonce.td.*)
 *(.rel.tbss .rel.tbss.* .rel.gnu.linkonce.tb.*)
 *(.rel.ctors)
 *(.rel.dtors)
 *(.rel.got)
 .rel.got       0x000000000001192c       0x28 /usr/lib/gcc/i686-linux-gnu/5/../../../i386-linux-gnu/crti.o
 *(.rel.bss .rel.bss.* .rel.gnu.linkonce.b.*)
 *(.rel.ifunc)
 .rel.ifunc     0x0000000000011954        0x0 /usr/lib/gcc/i686-linux-gnu/5/../../../i386-linux-gnu/crti.o
 .rel.fini_array
                0x0000000000011954        0x8 /usr/lib/gcc/i686-linux-gnu/5/../../../i386-linux-gnu/crti.o
 .rel.init_array
                0x000000000001195c        0x8 /usr/lib/gcc/i686-linux-gnu/5/../../../i386-linux-gnu/crti.o

.rel.plt        0x0000000000011964        0x0
 *(.rel.plt)
 .rel.plt       0x0000000000011964        0x0 /usr/lib/gcc/i686-linux-gnu/5/../../../i386-linux-gnu/crti.o
 *(.rel.iplt)

.init           0x0000000000011964       0x23
 *(SORT(.init))
 .init          0x0000000000011964       0x1e /usr/lib/gcc/i686-linux-gnu/5/../../../i386-linux-gnu/crti.o
                0x0000000000011964                _init
 .init          0x0000000000011982        0x5 /usr/lib/gcc/i686-linux-gnu/5/../../../i386-linux-gnu/crtn.o

.plt            0x0000000000011990       0x10
 *(.plt)
 .plt           0x0000000000011990       0x10 /usr/lib/gcc/i686-linux-gnu/5/../../../i386-linux-gnu/crti.o
 *(.iplt)

.plt.got        0x00000000000119a0       0x10
 *(.plt.got)
 .plt.got       0x00000000000119a0       0x10 /usr/lib/gcc/i686-linux-gnu/5/../../../i386-linux-gnu/crti.o

.text           0x00000000000119b0    0x1a8c7
 *(.text.unlikely .text.*_unlikely .text.unlikely.*)
 .text.unlikely
                0x00000000000119b0        0x0 /usr/lib/gcc/i686-linux-gnu/5/crtbeginS.o
 *(.text.exit .text.exit.*)
 *(.text.startup .text.startup.*)
 *(.text.hot .text.hot.*)
 *(.text .stub .text.* .gnu.linkonce.t.*)
 .text          0x00000000000119b0        0x0 /usr/lib/gcc/i686-linux-gnu/5/../../../i386-linux-gnu/crti.o
 .gnu.linkonce.t.__x86.get_pc_thunk.bx
                0x00000000000119b0        0x4 /usr/lib/gcc/i686-linux-gnu/5/../../../i386-linux-gnu/crti.o
                0x00000000000119b0                __x86.get_pc_thunk.bx
 *fill*         0x00000000000119b4        0xc 
 .text          0x00000000000119c0      0x11c /usr/lib/gcc/i686-linux-gnu/5/crtbeginS.o
 .text.__x86.get_pc_thunk.dx
                0x0000000000011adc        0x4 /usr/lib/gcc/i686-linux-gnu/5/crtbeginS.o
                0x0000000000011adc                __x86.get_pc_thunk.dx
 .text          0x0000000000011ae0      0xa67 mqtt-client_light_temperature.o
 .text          0x0000000000012547      0x283 build/cooja/mtype158.o
                0x00000000000125d9                platform_init_stage_one
                0x00000000000125ec                platform_init_stage_two
                0x00000000000125ff                platform_init_stage_three
                0x0000000000012612                platform_main_loop
                0x0000000000012685                Java_org_contikios_cooja_corecomm_Lib84_init
                0x00000000000126bc                Java_org_contikios_cooja_corecomm_Lib84_getMemory
                0x00000000000126ef                Java_org_contikios_cooja_corecomm_Lib84_setMemory
                0x000000000001274f                Java_org_contikios_cooja_corecomm_Lib84_tick
                0x00000000000127b7                Java_org_contikios_cooja_corecomm_Lib84_setReferenceAddress
 .text          0x00000000000127ca      0x53b build/cooja/obj/mysensor.o
                0x00000000000127ca                random_value
                0x00000000000127f4                read_temperature
                0x0000000000012970                read_lightness
                0x0000000000012b33                set_type_of_attuator
                0x0000000000012c12                set_type_of_single_attuator
 .text          0x0000000000012d05       0x65 build/cooja/mtype158.a(simEnvChange.o)
                0x0000000000012d05                doActionsBeforeTick
                0x0000000000012d37                doActionsAfterTick
 .text          0x0000000000012d6a       0x83 build/cooja/mtype158.a(cooja_mt.o)
                0x0000000000012d6a                cooja_mt_start
                0x0000000000012d94                cooja_mt_exec
                0x0000000000012dca                cooja_mt_yield
 .text          0x0000000000012ded       0xbe build/cooja/mtype158.a(cooja_mtarch.o)
                0x0000000000012ded                cooja_mtarch_start
                0x0000000000012e60                cooja_sw
                0x0000000000012e83                cooja_mtarch_exec
                0x0000000000012ea0                cooja_mtarch_yield
 .text          0x0000000000012eab       0xc5 build/cooja/mtype158.a(rtimer-arch.o)
                0x0000000000012eab                rtimer_arch_init
                0x0000000000012ecf                rtimer_arch_schedule
                0x0000000000012eff                rtimer_arch_next
                0x0000000000012f0f                rtimer_arch_pending
                0x0000000000012f19                rtimer_arch_check
                0x0000000000012f60                rtimer_arch_now
 .text          0x0000000000012f70       0x81 build/cooja/mtype158.a(beep.o)
                0x0000000000012f70                beep_alarm
                0x0000000000012f7d                beep_beep
                0x0000000000012f8a                beep
                0x0000000000012f97                beep_down
                0x0000000000012fa4                beep_on
                0x0000000000012fb1                beep_off
                0x0000000000012fbe                beep_spinup
                0x0000000000012fcb                beep_quick
                0x0000000000012fd8                beep_long
 .text          0x0000000000012ff1       0x65 build/cooja/mtype158.a(leds-arch.o)
                0x0000000000013004                leds_arch_init
 .text          0x0000000000013056       0x35 build/cooja/mtype158.a(moteid.o)
 .text          0x000000000001308b       0xb7 build/cooja/mtype158.a(pir-sensor.o)
 .text          0x0000000000013142      0x148 build/cooja/mtype158.a(rs232.o)
                0x0000000000013142                rs232_init
                0x0000000000013148                rs232_set_speed
                0x0000000000013157                rs232_set_input
                0x0000000000013165                rs232_send
                0x0000000000013189                rs232_print
                0x00000000000131a5                slip_arch_writeb
 .text          0x000000000001328a       0xb7 build/cooja/mtype158.a(vib-sensor.o)
 .text          0x0000000000013341       0x38 build/cooja/mtype158.a(clock.o)
                0x0000000000013341                clock_init
                0x0000000000013347                clock_time
                0x0000000000013351                clock_seconds
                0x0000000000013367                clock_delay
 .text          0x0000000000013379      0x219 build/cooja/mtype158.a(cooja-log.o)
                0x0000000000013379                simlog_char
                0x00000000000133bc                simlog
                0x0000000000013432                log_message
                0x0000000000013463                log_set_putchar_with_slip
                0x0000000000013471                log_putchar
                0x00000000000134ec                log_puts
                0x0000000000013514                log_printf
 .text          0x0000000000013592      0x2b9 build/cooja/mtype158.a(cfs-cooja.o)
                0x0000000000013592                cfs_open
                0x00000000000135fb                cfs_close
                0x0000000000013608                cfs_read
                0x000000000001369d                cfs_write
                0x0000000000013779                cfs_seek
                0x0000000000013801                cfs_remove
                0x0000000000013825                cfs_opendir
                0x000000000001382f                cfs_readdir
                0x0000000000013839                cfs_closedir
 .text          0x000000000001384b      0x620 build/cooja/mtype158.a(cooja-radio.o)
                0x000000000001388d                radio_set_channel
                0x000000000001389b                radio_set_txpower
                0x00000000000138b3                radio_signal_strength_last
                0x00000000000138bd                radio_signal_strength_current
                0x00000000000138c7                radio_LQI
 .text          0x0000000000013e6b       0xee build/cooja/mtype158.a(eeprom.o)
                0x0000000000013e6b                eeprom_init
                0x0000000000013e71                eeprom_read
                0x0000000000013edf                eeprom_write
 .text          0x0000000000013f59       0x2d build/cooja/mtype158.a(random.o)
                0x0000000000013f59                random_init
                0x0000000000013f79                random_rand
 .text          0x0000000000013f86      0x29c build/cooja/mtype158.a(sensors.o)
                0x0000000000013fc1                sensors_first
                0x0000000000013fcb                sensors_next
                0x0000000000013fe5                sensors_changed
                0x0000000000014019                sensors_find
 .text          0x0000000000014222      0x349 build/cooja/mtype158.a(leds.o)
                0x0000000000014222                leds_init
                0x0000000000014269                leds_single_on
                0x00000000000142c8                leds_single_off
                0x0000000000014327                leds_single_toggle
                0x0000000000014359                leds_on
                0x00000000000143db                leds_off
                0x000000000001445d                leds_toggle
                0x00000000000144b2                leds_set
                0x00000000000144de                leds_get
 .text          0x000000000001456b      0x343 build/cooja/mtype158.a(gpio-hal-arch.o)
                0x000000000001456b                gpio_hal_arch_register_pin_callback
                0x00000000000145d7                gpio_hal_arch_init
                0x000000000001461c                gpio_hal_arch_no_port_interrupt_enable
                0x000000000001464c                gpio_hal_arch_no_port_interrupt_disable
                0x000000000001467c                gpio_hal_arch_no_port_pin_cfg_set
                0x00000000000146a1                gpio_hal_arch_no_port_pin_cfg_get
                0x00000000000146c7                gpio_hal_arch_no_port_pin_set_input
                0x00000000000146d9                gpio_hal_arch_no_port_pin_set_output
                0x00000000000146eb                gpio_hal_arch_no_port_set_pin
                0x000000000001470c                gpio_hal_arch_no_port_clear_pin
                0x000000000001472d                gpio_hal_arch_no_port_read_pin
                0x0000000000014753                gpio_hal_arch_no_port_write_pin
                0x000000000001477d                gpio_hal_arch_no_port_set_pins
                0x00000000000147c4                gpio_hal_arch_no_port_clear_pins
                0x000000000001480b                gpio_hal_arch_no_port_read_pins
                0x000000000001484e                gpio_hal_arch_no_port_write_pins
 .text          0x00000000000148ae       0x89 build/cooja/mtype158.a(buttons.o)
 .text          0x0000000000014937     0x388f build/cooja/mtype158.a(mqtt.o)
                0x0000000000017bd4                mqtt_init
                0x0000000000017c92                mqtt_register
                0x0000000000017d2f                mqtt_connect
                0x0000000000017e5d                mqtt_disconnect
                0x0000000000017e9b                mqtt_subscribe
                0x0000000000017f58                mqtt_unsubscribe
                0x0000000000018006                mqtt_publish
                0x00000000000180e7                mqtt_set_username_password
                0x0000000000018172                mqtt_set_last_will
 .text          0x00000000000181c6      0x32a build/cooja/mtype158.a(contiki-main.o)
                0x00000000000181c6                main
 .text          0x00000000000184f0       0x92 build/cooja/mtype158.a(autostart.o)
                0x00000000000184f0                autostart_start
                0x000000000001853a                autostart_exit
 .text          0x0000000000018582      0x355 build/cooja/mtype158.a(ctimer.o)
                0x00000000000186aa                ctimer_init
                0x00000000000186dd                ctimer_set
                0x0000000000018703                ctimer_set_with_process
                0x0000000000018780                ctimer_reset
                0x00000000000187d4                ctimer_restart
                0x0000000000018828                ctimer_stop
                0x0000000000018878                ctimer_expired
 .text          0x00000000000188d7      0x394 build/cooja/mtype158.a(log.o)
                0x00000000000188d7                log_6addr
                0x000000000001892a                log_6addr_compact_snprint
                0x00000000000189c8                log_6addr_compact
                0x0000000000018a1b                log_lladdr
                0x0000000000018a8d                log_lladdr_compact
                0x0000000000018af5                log_set_level
                0x0000000000018bb0                log_get_level
                0x0000000000018c29                log_level_to_str
 .text          0x0000000000018c6b       0x1b build/cooja/mtype158.a(energest.o)
                0x0000000000018c6b                energest_init
                0x0000000000018c71                energest_flush
                0x0000000000018c77                energest_get_total_time
 .text          0x0000000000018c86      0x43f build/cooja/mtype158.a(etimer.o)
                0x0000000000018eaa                etimer_request_poll
                0x0000000000018f33                etimer_set
                0x0000000000018f5c                etimer_reset_with_new_interval
                0x0000000000018f8b                etimer_reset
                0x0000000000018fb1                etimer_restart
                0x0000000000018fd7                etimer_adjust
                0x0000000000018ff4                etimer_expired
                0x0000000000019007                etimer_expiration_time
                0x0000000000019019                etimer_start_time
                0x0000000000019023                etimer_pending
                0x0000000000019035                etimer_next_expiration_time
                0x000000000001904f                etimer_stop
 .text          0x00000000000190c5       0x25 build/cooja/mtype158.a(node-id.o)
                0x00000000000190c5                node_id_init
 .text          0x00000000000190ea       0xeb build/cooja/mtype158.a(rtimer.o)
                0x00000000000190ea                rtimer_init
                0x00000000000190f8                rtimer_set
                0x0000000000019173                rtimer_run_next
 .text          0x00000000000191d5      0x4fb build/cooja/mtype158.a(process.o)
                0x00000000000191d5                process_alloc_event
                0x00000000000191ea                process_start
                0x00000000000193c4                process_exit
                0x00000000000193e1                process_init
                0x0000000000019576                process_run
                0x00000000000195a9                process_nevents
                0x00000000000195c4                process_post
                0x0000000000019657                process_post_synch
                0x000000000001968c                process_poll
                0x00000000000196bc                process_is_running
 .text          0x00000000000196d0       0xb1 build/cooja/mtype158.a(timer.o)
                0x00000000000196d0                timer_set
                0x00000000000196ee                timer_reset
                0x000000000001971b                timer_restart
                0x0000000000019730                timer_expired
                0x000000000001975d                timer_remaining
 .text          0x0000000000019781      0x28f build/cooja/mtype158.a(list.o)
                0x0000000000019781                list_init
                0x0000000000019790                list_head
                0x000000000001979a                list_copy
                0x00000000000197aa                list_tail
                0x00000000000197e0                list_add
                0x000000000001982c                list_push
                0x0000000000019858                list_chop
                0x00000000000198c2                list_pop
                0x00000000000198ea                list_remove
                0x0000000000019952                list_length
                0x0000000000019980                list_insert
                0x00000000000199c5                list_item_next
                0x00000000000199dc                list_contains
 .text          0x0000000000019a10      0x41c build/cooja/mtype158.a(button-hal.o)
                0x0000000000019b89                button_hal_get_by_id
                0x0000000000019bc7                button_hal_get_by_index
                0x0000000000019bf3                button_hal_get_state
                0x0000000000019c45                button_hal_init
 .text          0x0000000000019e2c      0x1f3 build/cooja/mtype158.a(serial-line.o)
                0x0000000000019e2c                serial_line_input_byte
                0x0000000000019fea                serial_line_init
 .text          0x000000000001a01f      0x168 build/cooja/mtype158.a(gpio-hal.o)
                0x000000000001a01f                gpio_hal_register_handler
                0x000000000001a03c                gpio_hal_event_handler
                0x000000000001a098                gpio_hal_init
                0x000000000001a0b7                gpio_hal_arch_port_toggle_pin
                0x000000000001a0f3                gpio_hal_arch_port_toggle_pins
                0x000000000001a121                gpio_hal_arch_no_port_toggle_pin
                0x000000000001a15f                gpio_hal_arch_no_port_toggle_pins
 .text          0x000000000001a187      0x2e7 build/cooja/mtype158.a(queuebuf.o)
                0x000000000001a191                queuebuf_init
                0x000000000001a1ba                queuebuf_numfree
                0x000000000001a1d2                queuebuf_new_from_packetbuf
                0x000000000001a271                queuebuf_update_attr_from_packetbuf
                0x000000000001a2a6                queuebuf_update_from_packetbuf
                0x000000000001a2f6                queuebuf_free
                0x000000000001a33f                queuebuf_to_packetbuf
                0x000000000001a3ab                queuebuf_dataptr
                0x000000000001a3e5                queuebuf_datalen
                0x000000000001a408                queuebuf_addr
                0x000000000001a43d                queuebuf_attr
                0x000000000001a468                queuebuf_debug_print
 .text          0x000000000001a46e      0x407 build/cooja/mtype158.a(packetbuf.o)
                0x000000000001a46e                packetbuf_clear
                0x000000000001a499                packetbuf_copyfrom
                0x000000000001a4e8                packetbuf_copyto
                0x000000000001a57b                packetbuf_hdralloc
                0x000000000001a5f7                packetbuf_hdrreduce
                0x000000000001a63d                packetbuf_set_datalen
                0x000000000001a657                packetbuf_dataptr
                0x000000000001a674                packetbuf_hdrptr
                0x000000000001a67e                packetbuf_datalen
                0x000000000001a68a                packetbuf_hdrlen
                0x000000000001a6a1                packetbuf_totlen
                0x000000000001a6b7                packetbuf_remaininglen
                0x000000000001a6ca                packetbuf_attr_clear
                0x000000000001a716                packetbuf_attr_copyto
                0x000000000001a76e                packetbuf_attr_copyfrom
                0x000000000001a7c6                packetbuf_set_attr
                0x000000000001a7f0                packetbuf_attr
                0x000000000001a80a                packetbuf_set_addr
                0x000000000001a83b                packetbuf_addr
                0x000000000001a858                packetbuf_holds_broadcast
 .text          0x000000000001a875       0xef build/cooja/mtype158.a(netstack.o)
                0x000000000001a875                netstack_process_ip_callback
                0x000000000001a906                netstack_ip_packet_processor_add
                0x000000000001a929                uip_ds6_ip_packet_processor_rm
                0x000000000001a946                netstack_init
 .text          0x000000000001a964       0x4f build/cooja/mtype158.a(linkaddr.o)
                0x000000000001a964                linkaddr_copy
                0x000000000001a97a                linkaddr_cmp
                0x000000000001a99d                linkaddr_set_node_addr
 .text          0x000000000001a9b3      0x1f6 build/cooja/mtype158.a(csma.o)
 .text          0x000000000001aba9      0x95d build/cooja/mtype158.a(csma-output.o)
                0x000000000001b240                csma_output_packet
                0x000000000001b4cd                csma_output_init
 .text          0x000000000001b506      0xc11 build/cooja/mtype158.a(uip-ds6.o)
                0x000000000001b506                uip_ds6_default_prefix
                0x000000000001b510                uip_ds6_set_default_prefix
                0x000000000001b53b                uip_ds6_init
                0x000000000001b79d                uip_ds6_periodic
                0x000000000001b824                uip_ds6_list_loop
                0x000000000001b8e4                uip_ds6_prefix_add
                0x000000000001b990                uip_ds6_prefix_rm
                0x000000000001b9a3                uip_ds6_prefix_lookup
                0x000000000001b9e2                uip_ds6_is_addr_onlink
                0x000000000001ba55                uip_ds6_addr_add
                0x000000000001bb75                uip_ds6_addr_rm
                0x000000000001bc1e                uip_ds6_addr_lookup
                0x000000000001bc57                uip_ds6_get_link_local
                0x000000000001bcd8                uip_ds6_get_global
                0x000000000001bd59                uip_ds6_maddr_add
                0x000000000001bdb9                uip_ds6_maddr_rm
                0x000000000001bdcc                uip_ds6_maddr_lookup
                0x000000000001be05                uip_ds6_aaddr_add
                0x000000000001be65                uip_ds6_aaddr_rm
                0x000000000001be78                uip_ds6_aaddr_lookup
                0x000000000001beb1                uip_ds6_select_src
                0x000000000001bffa                uip_ds6_set_addr_iid
                0x000000000001c025                uip_ds6_set_lladdr_from_iid
                0x000000000001c04e                get_match_length
                0x000000000001c0df                uip_ds6_compute_reachable_time
 .text          0x000000000001c117      0x9d5 build/cooja/mtype158.a(tcp-socket.o)
                0x000000000001c762                tcp_socket_register
                0x000000000001c7f3                tcp_socket_connect
                0x000000000001c88a                tcp_socket_listen
                0x000000000001c901                tcp_socket_unlisten
                0x000000000001c975                tcp_socket_send
                0x000000000001ca15                tcp_socket_send_str
                0x000000000001ca3d                tcp_socket_close
                0x000000000001ca66                tcp_socket_unregister
                0x000000000001cac0                tcp_socket_max_sendlen
                0x000000000001cadd                tcp_socket_queuelen
 .text          0x000000000001caec      0x35b build/cooja/mtype158.a(uip-ds6-route.o)
                0x000000000001cb3d                uip_ds6_route_init
                0x000000000001cb67                uip_ds6_route_nexthop
                0x000000000001cb71                uip_ds6_route_head
                0x000000000001cb7b                uip_ds6_route_next
                0x000000000001cb85                uip_ds6_route_is_nexthop
                0x000000000001cb8f                uip_ds6_route_num_routes
                0x000000000001cb99                uip_ds6_route_lookup
                0x000000000001cba3                uip_ds6_route_add
                0x000000000001cbb6                uip_ds6_route_rm
                0x000000000001cbbc                uip_ds6_route_rm_by_nexthop
                0x000000000001cbc2                uip_ds6_defrt_head
                0x000000000001cbdb                uip_ds6_defrt_add
                0x000000000001cc89                uip_ds6_defrt_rm
                0x000000000001ccef                uip_ds6_defrt_lookup
                0x000000000001cd56                uip_ds6_defrt_choose
                0x000000000001cdcc                uip_ds6_defrt_periodic
 .text          0x000000000001ce47      0xa3f build/cooja/mtype158.a(tcpip.o)
                0x000000000001ce61                tcpip_output
                0x000000000001cf42                tcp_connect
                0x000000000001cf9a                tcp_unlisten
                0x000000000001cffa                tcp_listen
                0x000000000001d058                tcp_attach
                0x000000000001d070                udp_attach
                0x000000000001d088                udp_new
                0x000000000001d0d2                udp_broadcast_new
                0x000000000001d357                tcpip_input
                0x000000000001d4e7                tcpip_ipv6_output
                0x000000000001d6db                tcpip_poll_udp
                0x000000000001d6f9                tcpip_poll_tcp
                0x000000000001d717                tcpip_uipcall
 .text          0x000000000001d886     0x2d5b build/cooja/mtype158.a(uip6.o)
                0x000000000001d886                uip_add32
                0x000000000001da20                uip_chksum
                0x000000000001daf7                uip_icmp6chksum
                0x000000000001db0c                uip_tcpchksum
                0x000000000001db21                uip_udpchksum
                0x000000000001db36                uip_init
                0x000000000001dbc6                uip_connect
                0x000000000001dd4f                uip_remove_ext_hdr
                0x000000000001de29                uip_udp_new
                0x000000000001df4b                uip_unlisten
                0x000000000001df8d                uip_listen
                0x000000000001e225                uip_process
                0x00000000000204bb                uip_htons
                0x00000000000204dd                uip_htonl
                0x000000000002051b                uip_send
 .text          0x00000000000205e1      0x369 build/cooja/mtype158.a(uip-ds6-nbr.o)
                0x00000000000205e1                uip_ds6_neighbors_init
                0x0000000000020605                uip_ds6_nbr_add
                0x000000000002068b                uip_ds6_nbr_rm
                0x00000000000206d6                uip_ds6_nbr_update_ll
                0x00000000000207c4                uip_ds6_nbr_get_ipaddr
                0x00000000000207d9                uip_ds6_nbr_get_ll
                0x00000000000207f5                uip_ds6_nbr_num
                0x000000000002083e                uip_ds6_nbr_head
                0x0000000000020857                uip_ds6_nbr_next
                0x0000000000020873                uip_ds6_nbr_lookup
                0x00000000000208cb                uip_ds6_nbr_ll_lookup
                0x00000000000208e7                uip_ds6_nbr_ipaddr_from_lladdr
                0x0000000000020910                uip_ds6_nbr_lladdr_from_ipaddr
                0x0000000000020944                uip_ds6_link_callback
 .text          0x000000000002094a      0x6a7 build/cooja/mtype158.a(uip-nd6.o)
                0x0000000000020fd8                uip_nd6_init
 .text          0x0000000000020ff1     0x2c17 build/cooja/mtype158.a(sicslowpan.o)
                0x00000000000215f8                netstack_sniffer_add
                0x0000000000021606                netstack_sniffer_remove
                0x0000000000023bdc                sicslowpan_init
                0x0000000000023bfe                sicslowpan_get_last_rssi
 .text          0x0000000000023c08      0x4d1 build/cooja/mtype158.a(uiplib.o)
                0x0000000000023c08                uiplib_ip6addrconv
                0x0000000000023dc0                uiplib_ip4addrconv
                0x0000000000023e83                uiplib_ipaddr_print
                0x0000000000023ed6                uiplib_ipaddr_snprint
 .text          0x00000000000240d9      0x4c9 build/cooja/mtype158.a(rpl.o)
                0x00000000000240d9                rpl_lollipop_greater_than
                0x0000000000024133                rpl_get_global_address
                0x000000000002422b                rpl_link_callback
                0x000000000002426f                rpl_has_joined
                0x0000000000024294                rpl_is_reachable
                0x0000000000024315                rpl_reset_prefix
                0x000000000002437f                rpl_set_prefix_from_addr
                0x0000000000024464                rpl_set_prefix
                0x000000000002457e                rpl_set_leaf_only
                0x0000000000024596                rpl_get_leaf_only
 .text          0x00000000000245a2     0x138c build/cooja/mtype158.a(rpl-icmp6.o)
                0x00000000000246c7                rpl_icmp6_update_nbr_table
                0x0000000000024750                rpl_icmp6_dis_output
                0x0000000000024d96                rpl_icmp6_dio_output
                0x0000000000025594                rpl_icmp6_dao_output
                0x0000000000025875                rpl_icmp6_dao_ack_output
                0x00000000000258e5                rpl_icmp6_init
 .text          0x000000000002592e      0x264 build/cooja/mtype158.a(rpl-dag-root.o)
                0x000000000002592e                rpl_dag_root_print_links
                0x0000000000025a5a                rpl_dag_root_set_prefix
                0x0000000000025a86                rpl_dag_root_start
                0x0000000000025b63                rpl_dag_root_is_root
 .text          0x0000000000025b92       0x30 build/cooja/mtype158.a(watchdog.o)
                0x0000000000025b92                watchdog_init
                0x0000000000025b98                watchdog_start
                0x0000000000025b9e                watchdog_periodic
                0x0000000000025bb6                watchdog_stop
                0x0000000000025bbc                watchdog_reboot
 .text          0x0000000000025bc2       0x4a build/cooja/mtype158.a(int-master.o)
                0x0000000000025bc2                int_master_enable
                0x0000000000025bd2                int_master_read_and_disable
                0x0000000000025bef                int_master_status_set
                0x0000000000025bfd                int_master_is_enabled
 .text          0x0000000000025c0c       0xc7 build/cooja/mtype158.a(stimer.o)
                0x0000000000025c0c                stimer_set
                0x0000000000025c2a                stimer_reset
                0x0000000000025c57                stimer_restart
                0x0000000000025c6c                stimer_expired
                0x0000000000025c97                stimer_remaining
                0x0000000000025cbb                stimer_elapsed
 .text          0x0000000000025cd3      0x156 build/cooja/mtype158.a(ringbuf.o)
                0x0000000000025cd3                ringbuf_init
                0x0000000000025d05                ringbuf_put
                0x0000000000025d83                ringbuf_get
                0x0000000000025df0                ringbuf_size
                0x0000000000025e02                ringbuf_elements
 .text          0x0000000000025e29      0x1b5 build/cooja/mtype158.a(memb.o)
                0x0000000000025e29                memb_init
                0x0000000000025e7e                memb_alloc
                0x0000000000025ee1                memb_free
                0x0000000000025f58                memb_inmemb
                0x0000000000025f97                memb_numfree
 .text          0x0000000000025fde       0x1f build/cooja/mtype158.a(assert.o)
                0x0000000000025fde                _xassert
 .text          0x0000000000025ffd      0x79b build/cooja/mtype158.a(nbr-table.o)
                0x0000000000026476                nbr_table_register
                0x00000000000264e3                nbr_table_is_registered
                0x000000000002651e                nbr_table_head
                0x0000000000026579                nbr_table_next
                0x00000000000265da                nbr_table_add_lladdr
                0x00000000000266b4                nbr_table_get_from_lladdr
                0x0000000000026700                nbr_table_remove
                0x0000000000026738                nbr_table_lock
                0x0000000000026752                nbr_table_unlock
                0x000000000002676c                nbr_table_get_lladdr
 .text          0x0000000000026798      0x3a5 build/cooja/mtype158.a(link-stats.o)
                0x0000000000026798                link_stats_from_lladdr
                0x00000000000267b4                link_stats_get_lladdr
                0x00000000000267d0                link_stats_is_fresh
                0x000000000002680c                guess_etx_from_rssi
                0x0000000000026888                link_stats_packet_sent
                0x00000000000269a8                link_stats_input_callback
                0x0000000000026ab8                link_stats_reset
                0x0000000000026b08                link_stats_init
 .text          0x0000000000026b3d      0x187 build/cooja/mtype158.a(mac-sequence.o)
                0x0000000000026b3d                mac_sequence_is_duplicate
                0x0000000000026bdd                mac_sequence_register_seqno
 .text          0x0000000000026cc4       0x23 build/cooja/mtype158.a(mac.o)
                0x0000000000026cc4                mac_call_sent_callback
 .text          0x0000000000026ce7      0x432 build/cooja/mtype158.a(framer-802154.o)
                0x0000000000026e76                framer_802154_setup_params
 .text          0x0000000000027119      0xb6f build/cooja/mtype158.a(frame802154.o)
                0x000000000002714a                frame802154_get_pan_id
                0x0000000000027156                frame802154_set_pan_id
                0x0000000000027170                frame802154_has_panid
                0x000000000002731f                frame802154_check_dest_panid
                0x00000000000273a7                frame802154_is_broadcast_addr
                0x00000000000273f4                frame802154_extract_linkaddr
                0x0000000000027659                frame802154_hdrlen
                0x00000000000276cc                frame802154_create_fcf
                0x0000000000027784                frame802154_create
                0x00000000000278f9                frame802154_parse_fcf
                0x00000000000279db                frame802154_parse
 .text          0x0000000000027c88       0x2d build/cooja/mtype158.a(csma-security.o)
                0x0000000000027c88                csma_security_create_frame
                0x0000000000027ca6                csma_security_parse_frame
 .text          0x0000000000027cb5      0x4e4 build/cooja/mtype158.a(uipbuf.o)
                0x0000000000027cb5                uipbuf_clear
                0x0000000000027cdc                uipbuf_add_ext_hdr
                0x0000000000027d5c                uipbuf_set_len
                0x0000000000027d89                uipbuf_set_len_field
                0x0000000000027db5                uipbuf_get_len_field
                0x0000000000027dd5                uipbuf_get_next_header
                0x0000000000027f07                uipbuf_get_last_header
                0x0000000000027f80                uipbuf_search_header
                0x0000000000028036                uipbuf_get_attr
                0x000000000002805d                uipbuf_set_attr
                0x0000000000028094                uipbuf_set_default_attr
                0x00000000000280cb                uipbuf_clear_attr
                0x00000000000280ef                uipbuf_set_attr_flag
                0x0000000000028110                uipbuf_clr_attr_flag
                0x0000000000028137                uipbuf_is_attr_flag
                0x000000000002815b                uipbuf_init
 .text          0x0000000000028199      0x73f build/cooja/mtype158.a(uip-icmp6.o)
                0x000000000002820e                uip_icmp6_input
                0x0000000000028265                uip_icmp6_register_input_handler
                0x00000000000283b8                uip_icmp6_error_output
                0x0000000000028669                uip_icmp6_send
                0x0000000000028860                uip_icmp6_echo_reply_callback_add
                0x0000000000028892                uip_icmp6_echo_reply_callback_rm
                0x00000000000288af                uip_icmp6_init
 .text          0x00000000000288d8      0x69b build/cooja/mtype158.a(uip-sr.o)
                0x00000000000288d8                uip_sr_num_nodes
                0x0000000000028966                uip_sr_get_node
                0x00000000000289bd                uip_sr_is_addr_reachable
                0x0000000000028a6b                uip_sr_expire_parent
                0x0000000000028ab4                uip_sr_update_node
                0x0000000000028be4                uip_sr_init
                0x0000000000028c18                uip_sr_node_head
                0x0000000000028c31                uip_sr_node_next
                0x0000000000028c47                uip_sr_periodic
                0x0000000000028d4d                uip_sr_free_all
                0x0000000000028dbd                uip_sr_link_snprint
 .text          0x0000000000028f73      0x146 build/cooja/mtype158.a(uip-packetqueue)
                0x0000000000028fa1                uip_packetqueue_new
                0x0000000000028fb0                uip_packetqueue_alloc
                0x000000000002900b                uip_packetqueue_free
                0x0000000000029052                uip_packetqueue_buf
                0x000000000002906f                uip_packetqueue_buflen
                0x0000000000029090                uip_packetqueue_set_buflen
 .text          0x00000000000290b9      0x1b0 build/cooja/mtype158.a(rpl-nbr-policy.)
                0x0000000000029226                rpl_nbr_policy_find_removable
 .text          0x0000000000029269      0x915 build/cooja/mtype158.a(rpl-neighbor.o)
                0x00000000000292e5                rpl_neighbor_snprint
                0x0000000000029598                rpl_neighbor_print_list
                0x000000000002964d                rpl_neighbor_count
                0x00000000000296f4                rpl_neighbor_get_from_lladdr
                0x0000000000029710                rpl_neighbor_is_acceptable_parent
                0x0000000000029744                rpl_neighbor_get_link_metric
                0x0000000000029778                rpl_neighbor_rank_via_nbr
                0x00000000000297ac                rpl_neighbor_get_lladdr
                0x00000000000297c8                rpl_neighbor_get_ipaddr
                0x00000000000297ef                rpl_neighbor_get_link_stats
                0x0000000000029816                rpl_neighbor_is_fresh
                0x000000000002983d                rpl_neighbor_is_reachable
                0x0000000000029888                rpl_neighbor_is_parent
                0x00000000000298b2                rpl_neighbor_set_preferred_parent
                0x0000000000029949                rpl_neighbor_remove_all
                0x00000000000299a5                rpl_neighbor_get_from_ipaddr
                0x0000000000029ab3                rpl_neighbor_select_best
                0x0000000000029b5f                rpl_neighbor_init
 .text          0x0000000000029b7e      0xe69 build/cooja/mtype158.a(rpl-dag.o)
                0x0000000000029b7e                rpl_dag_state_to_str
                0x0000000000029bbd                rpl_dag_get_root_ipaddr
                0x0000000000029c05                rpl_dag_leave
                0x0000000000029c8e                rpl_dag_poison_and_leave
                0x0000000000029ca6                rpl_dag_periodic
                0x0000000000029d2e                rpl_is_addr_in_our_dag
                0x0000000000029d72                rpl_get_default_instance
                0x0000000000029d8e                rpl_get_any_dag
                0x0000000000029de7                rpl_refresh_routes
                0x0000000000029e27                rpl_global_repair
                0x0000000000029ec0                rpl_local_repair
                0x0000000000029f0a                rpl_dag_ready_to_advertise
                0x0000000000029f4d                rpl_dag_update_state
                0x000000000002a67a                rpl_process_dio
                0x000000000002a6f8                rpl_process_dis
                0x000000000002a73d                rpl_process_dao
                0x000000000002a7cc                rpl_process_dao_ack
                0x000000000002a863                rpl_process_hbh
                0x000000000002a8b3                rpl_dag_init_root
                0x000000000002a9c7                rpl_dag_init
 .text          0x000000000002a9e7      0x9e7 build/cooja/mtype158.a(rpl-timers.o)
                0x000000000002a9e7                rpl_timers_schedule_periodic_dis
                0x000000000002ab35                rpl_timers_dio_reset
                0x000000000002ac43                rpl_timers_schedule_unicast_dio
                0x000000000002ad97                rpl_timers_schedule_dao
                0x000000000002ae56                rpl_timers_schedule_dao_ack
                0x000000000002aedc                rpl_timers_notify_dao_ack
                0x000000000002af3a                get_probing_delay
                0x000000000002af6e                get_probing_target
                0x000000000002b158                rpl_schedule_probing
                0x000000000002b186                rpl_schedule_probing_now
                0x000000000002b1f0                rpl_timers_unschedule_leaving
                0x000000000002b228                rpl_timers_schedule_leaving
                0x000000000002b269                rpl_timers_init
                0x000000000002b2f9                rpl_timers_stop_dag_timers
                0x000000000002b372                rpl_timers_unschedule_state_update
                0x000000000002b396                rpl_timers_schedule_state_update
 .text          0x000000000002b3ce      0xb8e build/cooja/mtype158.a(rpl-ext-header.)
                0x000000000002b3ce                rpl_ext_header_srh_get_next_hop
                0x000000000002b4b5                rpl_ext_header_srh_update
                0x000000000002ba21                rpl_ext_header_hbh_update
                0x000000000002bd21                rpl_ext_header_update
                0x000000000002bdaa                rpl_ext_header_remove
 .text          0x000000000002bf5c      0x31b build/cooja/mtype158.a(rpl-mrhof.o)
 .text          0x000000000002c277        0x0 /usr/lib/gcc/i686-linux-gnu/5/crtendS.o
 .text          0x000000000002c277        0x0 /usr/lib/gcc/i686-linux-gnu/5/../../../i386-linux-gnu/crtn.o
 *(.gnu.warning)

.fini           0x000000000002c278       0x14
 *(SORT(.fini))
 .fini          0x000000000002c278        0xf /usr/lib/gcc/i686-linux-gnu/5/../../../i386-linux-gnu/crti.o
                0x000000000002c278                _fini
 .fini          0x000000000002c287        0x5 /usr/lib/gcc/i686-linux-gnu/5/../../../i386-linux-gnu/crtn.o
                [!provide]                        PROVIDE (__etext, .)
                [!provide]                        PROVIDE (_etext, .)
                [!provide]                        PROVIDE (etext, .)

.rodata         0x000000000002c2a0      0xc2b
 *(.rodata .rodata.* .gnu.linkonce.r.*)
 .rodata        0x000000000002c2a0      0x454 mqtt-client_light_temperature.o
                0x000000000002c2a8                autostart_processes
 *fill*         0x000000000002c6f4        0x4 
 .rodata        0x000000000002c6f8       0x5c build/cooja/obj/mysensor.o
 .rodata        0x000000000002c754        0x8 build/cooja/mtype158.a(beep.o)
                0x000000000002c754                beep_interface
 .rodata        0x000000000002c75c        0xe build/cooja/mtype158.a(leds-arch.o)
                0x000000000002c75c                leds_interface
                0x000000000002c764                leds_arch_leds
 *fill*         0x000000000002c76a        0x2 
 .rodata        0x000000000002c76c        0x8 build/cooja/mtype158.a(moteid.o)
                0x000000000002c76c                moteid_interface
 .rodata        0x000000000002c774       0x1c build/cooja/mtype158.a(pir-sensor.o)
                0x000000000002c774                pir_interface
                0x000000000002c780                pir_sensor
 .rodata        0x000000000002c790        0xe build/cooja/mtype158.a(rs232.o)
                0x000000000002c790                rs232_interface
 *fill*         0x000000000002c79e        0x2 
 .rodata        0x000000000002c7a0       0x24 build/cooja/mtype158.a(vib-sensor.o)
                0x000000000002c7a0                vib_interface
                0x000000000002c7b4                vib_sensor
 .rodata        0x000000000002c7c4        0x8 build/cooja/mtype158.a(clock.o)
                0x000000000002c7c4                clock_interface
 .rodata        0x000000000002c7cc        0x8 build/cooja/mtype158.a(cooja-log.o)
                0x000000000002c7cc                simlog_interface
 .rodata        0x000000000002c7d4       0x2f build/cooja/mtype158.a(cfs-cooja.o)
                0x000000000002c7d4                cfs_interface
 *fill*         0x000000000002c803       0x1d 
 .rodata        0x000000000002c820       0xb8 build/cooja/mtype158.a(cooja-radio.o)
                0x000000000002c820                radio_interface
                0x000000000002c8a0                cooja_radio_driver
 .rodata        0x000000000002c8d8        0x8 build/cooja/mtype158.a(eeprom.o)
                0x000000000002c8d8                eeprom_interface
 .rodata        0x000000000002c8e0        0x8 build/cooja/mtype158.a(sensors.o)
 .rodata        0x000000000002c8e8       0x2c build/cooja/mtype158.a(buttons.o)
                0x000000000002c8e8                button_interface
                0x000000000002c8fc                button_hal_button_count
                0x000000000002c904                button_sensor
 .rodata        0x000000000002c914       0x14 build/cooja/mtype158.a(mqtt.o)
 .rodata        0x000000000002c928       0xf8 build/cooja/mtype158.a(contiki-main.o)
 .rodata        0x000000000002ca20        0xf build/cooja/mtype158.a(ctimer.o)
 *fill*         0x000000000002ca2f        0x1 
 .rodata        0x000000000002ca30       0xc4 build/cooja/mtype158.a(log.o)
 .rodata        0x000000000002caf4        0xc build/cooja/mtype158.a(etimer.o)
 .rodata        0x000000000002cb00       0x13 build/cooja/mtype158.a(button-hal.o)
 .rodata        0x000000000002cb13        0xe build/cooja/mtype158.a(serial-line.o)
 *fill*         0x000000000002cb21        0x3 
 .rodata        0x000000000002cb24        0x8 build/cooja/mtype158.a(linkaddr.o)
                0x000000000002cb24                linkaddr_null
 .rodata        0x000000000002cb2c       0x24 build/cooja/mtype158.a(csma.o)
                0x000000000002cb34                csma_driver
 .rodata        0x000000000002cb50       0x25 build/cooja/mtype158.a(csma-output.o)
 .rodata        0x000000000002cb75       0x13 build/cooja/mtype158.a(tcp-socket.o)
 .rodata        0x000000000002cb88       0x4d build/cooja/mtype158.a(uip-ds6-route.o)
 .rodata        0x000000000002cbd5        0xd build/cooja/mtype158.a(tcpip.o)
 *fill*         0x000000000002cbe2        0x2 
 .rodata        0x000000000002cbe4       0x48 build/cooja/mtype158.a(uip6.o)
 .rodata        0x000000000002cc2c       0x30 build/cooja/mtype158.a(sicslowpan.o)
                0x000000000002cc2c                unc_llconf
                0x000000000002cc30                unc_ctxconf
                0x000000000002cc34                unc_mxconf
                0x000000000002cc38                llprefix
                0x000000000002cc4c                sicslowpan_driver
 .rodata        0x000000000002cc5c       0x2d build/cooja/mtype158.a(uiplib.o)
 *fill*         0x000000000002cc89       0x17 
 .rodata        0x000000000002cca0       0x74 build/cooja/mtype158.a(rpl.o)
                0x000000000002ccc0                rpl_lite_driver
 .rodata        0x000000000002cd14       0x25 build/cooja/mtype158.a(assert.o)
 *fill*         0x000000000002cd39        0x3 
 .rodata        0x000000000002cd3c        0xc build/cooja/mtype158.a(framer-802154.o)
                0x000000000002cd3c                framer_802154
 .rodata        0x000000000002cd48       0x44 build/cooja/mtype158.a(uip-sr.o)
 .rodata        0x000000000002cd8c       0x58 build/cooja/mtype158.a(rpl-neighbor.o)
 .rodata        0x000000000002cde4       0xdb build/cooja/mtype158.a(rpl-dag.o)
 .rodata        0x000000000002cebf        0xc build/cooja/mtype158.a(rpl-timers.o)

.rodata1
 *(.rodata1)

.eh_frame_hdr   0x000000000002cecc     0x180c
 *(.eh_frame_hdr)
 .eh_frame_hdr  0x000000000002cecc     0x180c mqtt-client_light_temperature.o
                0x000000000002cecc                __GNU_EH_FRAME_HDR
 *(.eh_frame_entry .eh_frame_entry.*)

.eh_frame       0x000000000002e6d8     0x613c
 *(.eh_frame)
 .eh_frame      0x000000000002e6d8       0x3c /usr/lib/gcc/i686-linux-gnu/5/../../../i386-linux-gnu/crti.o
                                         0x40 (size before relaxing)
 .eh_frame      0x000000000002e714       0x9c mqtt-client_light_temperature.o
                                         0xb4 (size before relaxing)
 .eh_frame      0x000000000002e7b0      0x178 build/cooja/mtype158.o
                                        0x190 (size before relaxing)
 .eh_frame      0x000000000002e928       0xa0 build/cooja/obj/mysensor.o
                                         0xb8 (size before relaxing)
 .eh_frame      0x000000000002e9c8       0x40 build/cooja/mtype158.a(simEnvChange.o)
                                         0x58 (size before relaxing)
 .eh_frame      0x000000000002ea08       0x60 build/cooja/mtype158.a(cooja_mt.o)
                                         0x78 (size before relaxing)
 .eh_frame      0x000000000002ea68       0x80 build/cooja/mtype158.a(cooja_mtarch.o)
                                         0x98 (size before relaxing)
 .eh_frame      0x000000000002eae8       0xc8 build/cooja/mtype158.a(rtimer-arch.o)
                                         0xe0 (size before relaxing)
 .eh_frame      0x000000000002ebb0      0x160 build/cooja/mtype158.a(beep.o)
                                        0x178 (size before relaxing)
 .eh_frame      0x000000000002ed10       0x80 build/cooja/mtype158.a(leds-arch.o)
                                         0x98 (size before relaxing)
 .eh_frame      0x000000000002ed90       0x40 build/cooja/mtype158.a(moteid.o)
                                         0x58 (size before relaxing)
 .eh_frame      0x000000000002edd0       0xa0 build/cooja/mtype158.a(pir-sensor.o)
                                         0xb8 (size before relaxing)
 .eh_frame      0x000000000002ee70      0x100 build/cooja/mtype158.a(rs232.o)
                                        0x118 (size before relaxing)
 .eh_frame      0x000000000002ef70       0xa0 build/cooja/mtype158.a(vib-sensor.o)
                                         0xb8 (size before relaxing)
 .eh_frame      0x000000000002f010       0xc0 build/cooja/mtype158.a(clock.o)
                                         0xd8 (size before relaxing)
 .eh_frame      0x000000000002f0d0      0x120 build/cooja/mtype158.a(cooja-log.o)
                                        0x138 (size before relaxing)
 .eh_frame      0x000000000002f1f0      0x160 build/cooja/mtype158.a(cfs-cooja.o)
                                        0x178 (size before relaxing)
 .eh_frame      0x000000000002f350      0x340 build/cooja/mtype158.a(cooja-radio.o)
                                        0x358 (size before relaxing)
 .eh_frame      0x000000000002f690       0xa0 build/cooja/mtype158.a(eeprom.o)
                                         0xb8 (size before relaxing)
 .eh_frame      0x000000000002f730       0x40 build/cooja/mtype158.a(random.o)
                                         0x58 (size before relaxing)
 .eh_frame      0x000000000002f770       0xc0 build/cooja/mtype158.a(sensors.o)
                                         0xd8 (size before relaxing)
 .eh_frame      0x000000000002f830      0x120 build/cooja/mtype158.a(leds.o)
                                        0x138 (size before relaxing)
 .eh_frame      0x000000000002f950      0x220 build/cooja/mtype158.a(gpio-hal-arch.o)
                                        0x238 (size before relaxing)
 .eh_frame      0x000000000002fb70       0xa0 build/cooja/mtype158.a(buttons.o)
                                         0xb8 (size before relaxing)
 .eh_frame      0x000000000002fc10      0x4a8 build/cooja/mtype158.a(mqtt.o)
                                        0x4c0 (size before relaxing)
 .eh_frame      0x00000000000300b8       0x30 build/cooja/mtype158.a(contiki-main.o)
                                         0x48 (size before relaxing)
 .eh_frame      0x00000000000300e8       0x40 build/cooja/mtype158.a(autostart.o)
                                         0x58 (size before relaxing)
 .eh_frame      0x0000000000030128      0x100 build/cooja/mtype158.a(ctimer.o)
                                        0x118 (size before relaxing)
 .eh_frame      0x0000000000030228      0x100 build/cooja/mtype158.a(log.o)
                                        0x118 (size before relaxing)
 .eh_frame      0x0000000000030328       0x60 build/cooja/mtype158.a(energest.o)
                                         0x78 (size before relaxing)
 .eh_frame      0x0000000000030388      0x1e0 build/cooja/mtype158.a(etimer.o)
                                        0x1f8 (size before relaxing)
 .eh_frame      0x0000000000030568       0x20 build/cooja/mtype158.a(node-id.o)
                                         0x38 (size before relaxing)
 .eh_frame      0x0000000000030588       0x60 build/cooja/mtype158.a(rtimer.o)
                                         0x78 (size before relaxing)
 .eh_frame      0x00000000000305e8      0x1c4 build/cooja/mtype158.a(process.o)
                                        0x1dc (size before relaxing)
 .eh_frame      0x00000000000307ac       0xa4 build/cooja/mtype158.a(timer.o)
                                         0xbc (size before relaxing)
 .eh_frame      0x0000000000030850      0x1a0 build/cooja/mtype158.a(list.o)
                                        0x1b8 (size before relaxing)
 .eh_frame      0x00000000000309f0      0x144 build/cooja/mtype158.a(button-hal.o)
                                        0x15c (size before relaxing)
 .eh_frame      0x0000000000030b34       0x60 build/cooja/mtype158.a(serial-line.o)
                                         0x78 (size before relaxing)
 .eh_frame      0x0000000000030b94       0xe0 build/cooja/mtype158.a(gpio-hal.o)
                                         0xf8 (size before relaxing)
 .eh_frame      0x0000000000030c74      0x1a0 build/cooja/mtype158.a(queuebuf.o)
                                        0x1b8 (size before relaxing)
 .eh_frame      0x0000000000030e14      0x28c build/cooja/mtype158.a(packetbuf.o)
                                        0x2a4 (size before relaxing)
 .eh_frame      0x00000000000310a0       0x80 build/cooja/mtype158.a(netstack.o)
                                         0x98 (size before relaxing)
 .eh_frame      0x0000000000031120       0x60 build/cooja/mtype158.a(linkaddr.o)
                                         0x78 (size before relaxing)
 .eh_frame      0x0000000000031180       0xe0 build/cooja/mtype158.a(csma.o)
                                         0xf8 (size before relaxing)
 .eh_frame      0x0000000000031260      0x1d0 build/cooja/mtype158.a(csma-output.o)
                                        0x1e8 (size before relaxing)
 .eh_frame      0x0000000000031430      0x328 build/cooja/mtype158.a(uip-ds6.o)
                                        0x340 (size before relaxing)
 .eh_frame      0x0000000000031758      0x248 build/cooja/mtype158.a(tcp-socket.o)
                                        0x260 (size before relaxing)
 .eh_frame      0x00000000000319a0      0x220 build/cooja/mtype158.a(uip-ds6-route.o)
                                        0x238 (size before relaxing)
 .eh_frame      0x0000000000031bc0      0x308 build/cooja/mtype158.a(tcpip.o)
                                        0x320 (size before relaxing)
 .eh_frame      0x0000000000031ec8      0x2b4 build/cooja/mtype158.a(uip6.o)
                                        0x2cc (size before relaxing)
 .eh_frame      0x000000000003217c      0x1c0 build/cooja/mtype158.a(uip-ds6-nbr.o)
                                        0x1d8 (size before relaxing)
 .eh_frame      0x000000000003233c       0x84 build/cooja/mtype158.a(uip-nd6.o)
                                         0x9c (size before relaxing)
 .eh_frame      0x00000000000323c0      0x2f8 build/cooja/mtype158.a(sicslowpan.o)
                                        0x310 (size before relaxing)
 .eh_frame      0x00000000000326b8       0x88 build/cooja/mtype158.a(uiplib.o)
                                         0xa0 (size before relaxing)
 .eh_frame      0x0000000000032740      0x1e0 build/cooja/mtype158.a(rpl.o)
                                        0x1f8 (size before relaxing)
 .eh_frame      0x0000000000032920      0x1c4 build/cooja/mtype158.a(rpl-icmp6.o)
                                        0x1dc (size before relaxing)
 .eh_frame      0x0000000000032ae4       0xa0 build/cooja/mtype158.a(rpl-dag-root.o)
                                         0xb8 (size before relaxing)
 .eh_frame      0x0000000000032b84       0xa0 build/cooja/mtype158.a(watchdog.o)
                                         0xb8 (size before relaxing)
 .eh_frame      0x0000000000032c24       0x80 build/cooja/mtype158.a(int-master.o)
                                         0x98 (size before relaxing)
 .eh_frame      0x0000000000032ca4       0xc4 build/cooja/mtype158.a(stimer.o)
                                         0xdc (size before relaxing)
 .eh_frame      0x0000000000032d68       0xa0 build/cooja/mtype158.a(ringbuf.o)
                                         0xb8 (size before relaxing)
 .eh_frame      0x0000000000032e08       0xa0 build/cooja/mtype158.a(memb.o)
                                         0xb8 (size before relaxing)
 .eh_frame      0x0000000000032ea8       0x20 build/cooja/mtype158.a(assert.o)
                                         0x38 (size before relaxing)
 .eh_frame      0x0000000000032ec8      0x2ac build/cooja/mtype158.a(nbr-table.o)
                                        0x2c4 (size before relaxing)
 .eh_frame      0x0000000000033174      0x120 build/cooja/mtype158.a(link-stats.o)
                                        0x138 (size before relaxing)
 .eh_frame      0x0000000000033294       0x48 build/cooja/mtype158.a(mac-sequence.o)
                                         0x60 (size before relaxing)
 .eh_frame      0x00000000000332dc       0x20 build/cooja/mtype158.a(mac.o)
                                         0x38 (size before relaxing)
 .eh_frame      0x00000000000332fc       0xa4 build/cooja/mtype158.a(framer-802154.o)
                                         0xbc (size before relaxing)
 .eh_frame      0x00000000000333a0      0x1a4 build/cooja/mtype158.a(frame802154.o)
                                        0x1bc (size before relaxing)
 .eh_frame      0x0000000000033544       0x40 build/cooja/mtype158.a(csma-security.o)
                                         0x58 (size before relaxing)
 .eh_frame      0x0000000000033584      0x200 build/cooja/mtype158.a(uipbuf.o)
                                        0x218 (size before relaxing)
 .eh_frame      0x0000000000033784      0x150 build/cooja/mtype158.a(uip-icmp6.o)
                                        0x168 (size before relaxing)
 .eh_frame      0x00000000000338d4      0x184 build/cooja/mtype158.a(uip-sr.o)
                                        0x19c (size before relaxing)
 .eh_frame      0x0000000000033a58       0xe0 build/cooja/mtype158.a(uip-packetqueue)
                                         0xf8 (size before relaxing)
 .eh_frame      0x0000000000033b38       0x80 build/cooja/mtype158.a(rpl-nbr-policy.)
                                         0x98 (size before relaxing)
 .eh_frame      0x0000000000033bb8      0x2d4 build/cooja/mtype158.a(rpl-neighbor.o)
                                        0x2ec (size before relaxing)
 .eh_frame      0x0000000000033e8c      0x370 build/cooja/mtype158.a(rpl-dag.o)
                                        0x388 (size before relaxing)
 .eh_frame      0x00000000000341fc      0x3a8 build/cooja/mtype158.a(rpl-timers.o)
                                        0x3c0 (size before relaxing)
 .eh_frame      0x00000000000345a4      0x124 build/cooja/mtype158.a(rpl-ext-header.)
                                        0x13c (size before relaxing)
 .eh_frame      0x00000000000346c8      0x148 build/cooja/mtype158.a(rpl-mrhof.o)
                                        0x160 (size before relaxing)
 .eh_frame      0x0000000000034810        0x4 /usr/lib/gcc/i686-linux-gnu/5/crtendS.o
 *(.eh_frame.*)

.gcc_except_table
 *(.gcc_except_table .gcc_except_table.*)

.gnu_extab
 *(.gnu_extab*)

.exception_ranges
 *(.exception_ranges .exception_ranges*)
                0x0000000000035f10                . = DATA_SEGMENT_ALIGN (0x1000, 0x1000)

.eh_frame
 *(.eh_frame)
 *(.eh_frame.*)

.gnu_extab
 *(.gnu_extab)

.gcc_except_table
 *(.gcc_except_table .gcc_except_table.*)

.exception_ranges
 *(.exception_ranges .exception_ranges*)

.tdata
 *(.tdata .tdata.* .gnu.linkonce.td.*)

.tbss
 *(.tbss .tbss.* .gnu.linkonce.tb.*)
 *(.tcommon)

.preinit_array
 *(.preinit_array)

.init_array     0x0000000000035f10        0x4
 *(SORT(.init_array.*) SORT(.ctors.*))
 *(.init_array EXCLUDE_FILE(*crtend?.o *crtend.o *crtbegin?.o *crtbegin.o) .ctors)
 .init_array    0x0000000000035f10        0x4 /usr/lib/gcc/i686-linux-gnu/5/crtbeginS.o

.fini_array     0x0000000000035f14        0x4
 *(SORT(.fini_array.*) SORT(.dtors.*))
 *(.fini_array EXCLUDE_FILE(*crtend?.o *crtend.o *crtbegin?.o *crtbegin.o) .dtors)
 .fini_array    0x0000000000035f14        0x4 /usr/lib/gcc/i686-linux-gnu/5/crtbeginS.o

.ctors
 *crtbegin.o(.ctors)
 *crtbegin?.o(.ctors)
 *(EXCLUDE_FILE(*crtend?.o *crtend.o) .ctors)
 *(SORT(.ctors.*))
 *(.ctors)

.dtors
 *crtbegin.o(.dtors)
 *crtbegin?.o(.dtors)
 *(EXCLUDE_FILE(*crtend?.o *crtend.o) .dtors)
 *(SORT(.dtors.*))
 *(.dtors)

.jcr            0x0000000000035f18        0x4
 *(.jcr)
 .jcr           0x0000000000035f18        0x0 /usr/lib/gcc/i686-linux-gnu/5/crtbeginS.o
 .jcr           0x0000000000035f18        0x4 /usr/lib/gcc/i686-linux-gnu/5/crtendS.o

.data.rel.ro
 *(.data.rel.ro.local* .gnu.linkonce.d.rel.ro.local.*)
 *(.data.rel.ro .data.rel.ro.* .gnu.linkonce.d.rel.ro.*)

.dynamic        0x0000000000035f1c       0xd0
 *(.dynamic)
 .dynamic       0x0000000000035f1c       0xd0 /usr/lib/gcc/i686-linux-gnu/5/../../../i386-linux-gnu/crti.o
                0x0000000000035f1c                _DYNAMIC

.got            0x0000000000035fec       0x14
 *(.got)
 .got           0x0000000000035fec       0x14 /usr/lib/gcc/i686-linux-gnu/5/../../../i386-linux-gnu/crti.o
 *(.igot)
                0x0000000000036ff4                . = DATA_SEGMENT_RELRO_END (., (SIZEOF (.got.plt) >= 0xc)?0xc:0x0)

.got.plt        0x0000000000036000        0xc
 *(.got.plt)
 .got.plt       0x0000000000036000        0xc /usr/lib/gcc/i686-linux-gnu/5/../../../i386-linux-gnu/crti.o
                0x0000000000036000                _GLOBAL_OFFSET_TABLE_
 *(.igot.plt)

.data           0x0000000000036020      0x3a4
 *(.data .data.* .gnu.linkonce.d.*)
 .data          0x0000000000036020        0x0 /usr/lib/gcc/i686-linux-gnu/5/../../../i386-linux-gnu/crti.o
 .data          0x0000000000036020        0x0 /usr/lib/gcc/i686-linux-gnu/5/crtbeginS.o
 .data.rel.local
                0x0000000000036020        0x4 /usr/lib/gcc/i686-linux-gnu/5/crtbeginS.o
                0x0000000000036020                __dso_handle
 .data          0x0000000000036024       0x14 mqtt-client_light_temperature.o
                0x0000000000036028                mqtt_client_light_temperature_process
 *fill*         0x0000000000036038        0x8 
 .data          0x0000000000036040       0x44 build/cooja/mtype158.o
                0x0000000000036040                simInterfaces
                0x0000000000036074                sensors
 .data          0x0000000000036084        0x0 build/cooja/obj/mysensor.o
 .data          0x0000000000036084        0x0 build/cooja/mtype158.a(simEnvChange.o)
 .data          0x0000000000036084        0x0 build/cooja/mtype158.a(cooja_mt.o)
 .data          0x0000000000036084        0x0 build/cooja/mtype158.a(cooja_mtarch.o)
 .data          0x0000000000036084        0x0 build/cooja/mtype158.a(rtimer-arch.o)
 .data          0x0000000000036084        0x0 build/cooja/mtype158.a(beep.o)
 .data          0x0000000000036084        0x0 build/cooja/mtype158.a(leds-arch.o)
 .data          0x0000000000036084        0x0 build/cooja/mtype158.a(moteid.o)
 .data          0x0000000000036084        0x0 build/cooja/mtype158.a(pir-sensor.o)
 .data          0x0000000000036084        0x0 build/cooja/mtype158.a(rs232.o)
 .data          0x0000000000036084        0x0 build/cooja/mtype158.a(vib-sensor.o)
 .data          0x0000000000036084        0x0 build/cooja/mtype158.a(clock.o)
 .data          0x0000000000036084        0x0 build/cooja/mtype158.a(cooja-log.o)
 .data          0x0000000000036084        0x0 build/cooja/mtype158.a(cfs-cooja.o)
 .data          0x0000000000036084       0x2c build/cooja/mtype158.a(cooja-radio.o)
                0x0000000000036084                simRadioHWOn
                0x0000000000036088                simSignalStrength
                0x000000000003608c                simLastSignalStrength
                0x0000000000036090                simPower
                0x0000000000036094                simRadioChannel
                0x0000000000036098                simLQI
                0x00000000000360a0                cooja_radio_process
 .data          0x00000000000360b0        0x0 build/cooja/mtype158.a(eeprom.o)
 .data          0x00000000000360b0        0x0 build/cooja/mtype158.a(random.o)
 .data          0x00000000000360b0       0x10 build/cooja/mtype158.a(sensors.o)
                0x00000000000360b0                sensors_process
 .data          0x00000000000360c0        0x0 build/cooja/mtype158.a(leds.o)
 .data          0x00000000000360c0        0x0 build/cooja/mtype158.a(gpio-hal-arch.o)
 .data          0x00000000000360c0       0x78 build/cooja/mtype158.a(buttons.o)
                0x00000000000360c0                simButtonIsActive
                0x0000000000036130                button_hal_buttons
 .data          0x0000000000036138       0x14 build/cooja/mtype158.a(mqtt.o)
                0x000000000003613c                mqtt_process
 .data          0x000000000003614c        0x0 build/cooja/mtype158.a(contiki-main.o)
 .data          0x000000000003614c        0x0 build/cooja/mtype158.a(autostart.o)
 .data          0x000000000003614c       0x14 build/cooja/mtype158.a(ctimer.o)
                0x0000000000036150                ctimer_process
 .data          0x0000000000036160       0xbc build/cooja/mtype158.a(log.o)
                0x0000000000036160                curr_log_level_main
                0x0000000000036180                all_modules
 .data          0x000000000003621c        0x0 build/cooja/mtype158.a(energest.o)
 .data          0x000000000003621c       0x10 build/cooja/mtype158.a(etimer.o)
                0x000000000003621c                etimer_process
 .data          0x000000000003622c        0x0 build/cooja/mtype158.a(node-id.o)
 .data          0x000000000003622c        0x0 build/cooja/mtype158.a(rtimer.o)
 .data          0x000000000003622c        0x0 build/cooja/mtype158.a(process.o)
 .data          0x000000000003622c        0x0 build/cooja/mtype158.a(timer.o)
 .data          0x000000000003622c        0x0 build/cooja/mtype158.a(list.o)
 .data          0x000000000003622c       0x10 build/cooja/mtype158.a(button-hal.o)
                0x000000000003622c                button_hal_process
 .data          0x000000000003623c       0x10 build/cooja/mtype158.a(serial-line.o)
                0x000000000003623c                serial_line_process
 .data          0x000000000003624c        0x4 build/cooja/mtype158.a(gpio-hal.o)
 .data          0x0000000000036250       0x18 build/cooja/mtype158.a(queuebuf.o)
 .data          0x0000000000036268        0x4 build/cooja/mtype158.a(packetbuf.o)
 .data          0x000000000003626c        0x4 build/cooja/mtype158.a(netstack.o)
 .data          0x0000000000036270        0x0 build/cooja/mtype158.a(linkaddr.o)
 .data          0x0000000000036270        0x0 build/cooja/mtype158.a(csma.o)
 .data          0x0000000000036270       0x28 build/cooja/mtype158.a(csma-output.o)
 .data          0x0000000000036298        0x0 build/cooja/mtype158.a(uip-ds6.o)
 .data          0x0000000000036298       0x14 build/cooja/mtype158.a(tcp-socket.o)
                0x000000000003629c                tcp_socket_process
 .data          0x00000000000362ac       0x10 build/cooja/mtype158.a(uip-ds6-route.o)
 .data          0x00000000000362bc       0x10 build/cooja/mtype158.a(tcpip.o)
                0x00000000000362bc                tcpip_process
 .data          0x00000000000362cc        0x0 build/cooja/mtype158.a(uip6.o)
 .data          0x00000000000362cc       0x14 build/cooja/mtype158.a(uip-ds6-nbr.o)
 .data          0x00000000000362e0        0xc build/cooja/mtype158.a(uip-nd6.o)
 .data          0x00000000000362ec        0x0 build/cooja/mtype158.a(sicslowpan.o)
 .data          0x00000000000362ec        0x0 build/cooja/mtype158.a(uiplib.o)
 .data          0x00000000000362ec        0x0 build/cooja/mtype158.a(rpl.o)
 .data          0x00000000000362ec       0x30 build/cooja/mtype158.a(rpl-icmp6.o)
 .data          0x000000000003631c        0x0 build/cooja/mtype158.a(rpl-dag-root.o)
 .data          0x000000000003631c        0x0 build/cooja/mtype158.a(watchdog.o)
 .data          0x000000000003631c        0x0 build/cooja/mtype158.a(int-master.o)
 .data          0x000000000003631c        0x0 build/cooja/mtype158.a(stimer.o)
 .data          0x000000000003631c        0x0 build/cooja/mtype158.a(ringbuf.o)
 .data          0x000000000003631c        0x0 build/cooja/mtype158.a(memb.o)
 .data          0x000000000003631c        0x0 build/cooja/mtype158.a(assert.o)
 .data          0x000000000003631c       0x10 build/cooja/mtype158.a(nbr-table.o)
 .data          0x000000000003632c       0x14 build/cooja/mtype158.a(link-stats.o)
 .data          0x0000000000036340        0x0 build/cooja/mtype158.a(mac-sequence.o)
 .data          0x0000000000036340        0x0 build/cooja/mtype158.a(mac.o)
 .data          0x0000000000036340        0x0 build/cooja/mtype158.a(framer-802154.o)
 .data          0x0000000000036340        0x2 build/cooja/mtype158.a(frame802154.o)
 .data          0x0000000000036342        0x0 build/cooja/mtype158.a(csma-security.o)
 .data          0x0000000000036342        0x0 build/cooja/mtype158.a(uipbuf.o)
 *fill*         0x0000000000036342        0x2 
 .data          0x0000000000036344       0x20 build/cooja/mtype158.a(uip-icmp6.o)
 .data          0x0000000000036364       0x10 build/cooja/mtype158.a(uip-sr.o)
 .data          0x0000000000036374        0xc build/cooja/mtype158.a(uip-packetqueue)
 .data          0x0000000000036380        0x0 build/cooja/mtype158.a(rpl-nbr-policy.)
 .data          0x0000000000036380       0x14 build/cooja/mtype158.a(rpl-neighbor.o)
                0x0000000000036390                rpl_neighbors
 .data          0x0000000000036394        0x0 build/cooja/mtype158.a(rpl-dag.o)
 .data          0x0000000000036394        0x0 build/cooja/mtype158.a(rpl-timers.o)
 .data          0x0000000000036394        0x0 build/cooja/mtype158.a(rpl-ext-header.)
 *fill*         0x0000000000036394        0xc 
 .data          0x00000000000363a0       0x24 build/cooja/mtype158.a(rpl-mrhof.o)
                0x00000000000363a0                rpl_mrhof
 .data          0x00000000000363c4        0x0 /usr/lib/gcc/i686-linux-gnu/5/crtendS.o
 .data          0x00000000000363c4        0x0 /usr/lib/gcc/i686-linux-gnu/5/../../../i386-linux-gnu/crtn.o

.tm_clone_table
                0x00000000000363c4        0x0
 .tm_clone_table
                0x00000000000363c4        0x0 /usr/lib/gcc/i686-linux-gnu/5/crtbeginS.o
 .tm_clone_table
                0x00000000000363c4        0x0 /usr/lib/gcc/i686-linux-gnu/5/crtendS.o

.data1
 *(.data1)
                0x00000000000363c4                _edata = .
                [!provide]                        PROVIDE (edata, .)
                0x00000000000363c4                . = .
                0x00000000000363c4                __bss_start = .

.bss            0x00000000000363e0    0x147e4
 *(.dynbss)
 .dynbss        0x00000000000363e0        0x0 /usr/lib/gcc/i686-linux-gnu/5/../../../i386-linux-gnu/crti.o
 *(.bss .bss.* .gnu.linkonce.b.*)
 .bss           0x00000000000363e0        0x0 /usr/lib/gcc/i686-linux-gnu/5/../../../i386-linux-gnu/crti.o
 .bss           0x00000000000363e0        0x1 /usr/lib/gcc/i686-linux-gnu/5/crtbeginS.o
 *fill*         0x00000000000363e1       0x1f 
 .bss           0x0000000000036400      0xd24 mqtt-client_light_temperature.o
 *fill*         0x0000000000037124       0x1c 
 .bss           0x0000000000037140     0x2030 build/cooja/mtype158.o
 .bss           0x0000000000039170       0x2c build/cooja/obj/mysensor.o
 .bss           0x000000000003919c        0x1 build/cooja/mtype158.a(simEnvChange.o)
                0x000000000003919c                simDontFallAsleep
 *fill*         0x000000000003919d        0x3 
 .bss           0x00000000000391a0        0x4 build/cooja/mtype158.a(cooja_mt.o)
 .bss           0x00000000000391a4        0x4 build/cooja/mtype158.a(cooja_mtarch.o)
 .bss           0x00000000000391a8        0x0 build/cooja/mtype158.a(rtimer-arch.o)
 .bss           0x00000000000391a8        0x0 build/cooja/mtype158.a(beep.o)
 .bss           0x00000000000391a8        0x1 build/cooja/mtype158.a(leds-arch.o)
                0x00000000000391a8                simLedsValue
 .bss           0x00000000000391a9        0x0 build/cooja/mtype158.a(moteid.o)
 .bss           0x00000000000391a9        0x1 build/cooja/mtype158.a(pir-sensor.o)
                0x00000000000391a9                simPirValue
 *fill*         0x00000000000391aa        0x2 
 .bss           0x00000000000391ac        0x4 build/cooja/mtype158.a(rs232.o)
 .bss           0x00000000000391b0        0x1 build/cooja/mtype158.a(vib-sensor.o)
                0x00000000000391b0                simVibValue
 .bss           0x00000000000391b1        0x0 build/cooja/mtype158.a(clock.o)
 *fill*         0x00000000000391b1        0xf 
 .bss           0x00000000000391c0     0x2020 build/cooja/mtype158.a(cooja-log.o)
 .bss           0x000000000003b1e0      0xfc0 build/cooja/mtype158.a(cfs-cooja.o)
                0x000000000003b1e0                simCFSData
                0x000000000003c180                simCFSSize
                0x000000000003c184                simCFSChanged
                0x000000000003c188                simCFSRead
                0x000000000003c18c                simCFSWritten
 .bss           0x000000000003c1a0       0x24 build/cooja/mtype158.a(cooja-radio.o)
                0x000000000003c1a0                simReceiving
                0x000000000003c1a4                simInSize
                0x000000000003c1a8                simLastPacketTimestamp
                0x000000000003c1b0                simOutSize
 .bss           0x000000000003c1c4        0xc build/cooja/mtype158.a(eeprom.o)
                0x000000000003c1c4                simEEPROMChanged
                0x000000000003c1c8                simEEPROMRead
                0x000000000003c1cc                simEEPROMWritten
 .bss           0x000000000003c1d0        0x0 build/cooja/mtype158.a(random.o)
 .bss           0x000000000003c1d0        0xc build/cooja/mtype158.a(sensors.o)
 .bss           0x000000000003c1dc        0x0 build/cooja/mtype158.a(leds.o)
 .bss           0x000000000003c1dc       0x24 build/cooja/mtype158.a(gpio-hal-arch.o)
 .bss           0x000000000003c200        0x0 build/cooja/mtype158.a(buttons.o)
 .bss           0x000000000003c200       0x15 build/cooja/mtype158.a(mqtt.o)
 .bss           0x000000000003c215        0x0 build/cooja/mtype158.a(contiki-main.o)
 .bss           0x000000000003c215        0x0 build/cooja/mtype158.a(autostart.o)
 *fill*         0x000000000003c215        0x3 
 .bss           0x000000000003c218        0x5 build/cooja/mtype158.a(ctimer.o)
 *fill*         0x000000000003c21d        0x3 
 .bss           0x000000000003c220       0x2c build/cooja/mtype158.a(log.o)
                0x000000000003c220                curr_log_level_rpl
                0x000000000003c224                curr_log_level_tcpip
                0x000000000003c228                curr_log_level_ipv6
                0x000000000003c22c                curr_log_level_6lowpan
                0x000000000003c230                curr_log_level_nullnet
                0x000000000003c234                curr_log_level_mac
                0x000000000003c238                curr_log_level_framer
                0x000000000003c23c                curr_log_level_6top
                0x000000000003c240                curr_log_level_coap
                0x000000000003c244                curr_log_level_snmp
                0x000000000003c248                curr_log_level_lwm2m
 .bss           0x000000000003c24c        0x0 build/cooja/mtype158.a(energest.o)
 .bss           0x000000000003c24c        0x8 build/cooja/mtype158.a(etimer.o)
 .bss           0x000000000003c254        0x2 build/cooja/mtype158.a(node-id.o)
                0x000000000003c254                node_id
 *fill*         0x000000000003c256        0x2 
 .bss           0x000000000003c258        0x4 build/cooja/mtype158.a(rtimer.o)
 *fill*         0x000000000003c25c        0x4 
 .bss           0x000000000003c260      0x1a1 build/cooja/mtype158.a(process.o)
                0x000000000003c260                process_list
                0x000000000003c264                process_current
 .bss           0x000000000003c401        0x0 build/cooja/mtype158.a(timer.o)
 .bss           0x000000000003c401        0x0 build/cooja/mtype158.a(list.o)
 *fill*         0x000000000003c401        0x3 
 .bss           0x000000000003c404       0x10 build/cooja/mtype158.a(button-hal.o)
 *fill*         0x000000000003c414        0xc 
 .bss           0x000000000003c420      0x140 build/cooja/mtype158.a(serial-line.o)
 .bss           0x000000000003c560        0x4 build/cooja/mtype158.a(gpio-hal.o)
 *fill*         0x000000000003c564       0x1c 
 .bss           0x000000000003c580     0x2c80 build/cooja/mtype158.a(queuebuf.o)
 .bss           0x000000000003f200       0xa0 build/cooja/mtype158.a(packetbuf.o)
 .bss           0x000000000003f2a0        0x4 build/cooja/mtype158.a(netstack.o)
 .bss           0x000000000003f2a4        0x0 build/cooja/mtype158.a(linkaddr.o)
 .bss           0x000000000003f2a4        0x0 build/cooja/mtype158.a(csma.o)
 *fill*         0x000000000003f2a4       0x1c 
 .bss           0x000000000003f2c0      0x726 build/cooja/mtype158.a(csma-output.o)
 *fill*         0x000000000003f9e6        0x2 
 .bss           0x000000000003f9e8       0x30 build/cooja/mtype158.a(uip-ds6.o)
 .bss           0x000000000003fa18        0x5 build/cooja/mtype158.a(tcp-socket.o)
 *fill*         0x000000000003fa1d        0x3 
 .bss           0x000000000003fa20       0x60 build/cooja/mtype158.a(uip-ds6-route.o)
 .bss           0x000000000003fa80       0xc4 build/cooja/mtype158.a(tcpip.o)
 .bss           0x000000000003fb44        0xc build/cooja/mtype158.a(uip6.o)
                0x000000000003fb44                uip_ext_bitmap
                0x000000000003fb46                uip_ext_len
                0x000000000003fb48                uip_last_proto
 *fill*         0x000000000003fb50       0x10 
 .bss           0x000000000003fb60     0x1c20 build/cooja/mtype158.a(uip-ds6-nbr.o)
 .bss           0x0000000000041780       0x10 build/cooja/mtype158.a(uip-nd6.o)
 *fill*         0x0000000000041790       0x10 
 .bss           0x00000000000417a0      0x724 build/cooja/mtype158.a(sicslowpan.o)
 .bss           0x0000000000041ec4        0x0 build/cooja/mtype158.a(uiplib.o)
 .bss           0x0000000000041ec4        0x1 build/cooja/mtype158.a(rpl.o)
 .bss           0x0000000000041ec5        0x0 build/cooja/mtype158.a(rpl-icmp6.o)
 *fill*         0x0000000000041ec5        0x3 
 .bss           0x0000000000041ec8       0x11 build/cooja/mtype158.a(rpl-dag-root.o)
 .bss           0x0000000000041ed9        0x0 build/cooja/mtype158.a(watchdog.o)
 *fill*         0x0000000000041ed9        0x3 
 .bss           0x0000000000041edc        0x4 build/cooja/mtype158.a(int-master.o)
 .bss           0x0000000000041ee0        0x0 build/cooja/mtype158.a(stimer.o)
 .bss           0x0000000000041ee0        0x0 build/cooja/mtype158.a(ringbuf.o)
 .bss           0x0000000000041ee0        0x0 build/cooja/mtype158.a(memb.o)
 .bss           0x0000000000041ee0        0x0 build/cooja/mtype158.a(assert.o)
 .bss           0x0000000000041ee0     0x1214 build/cooja/mtype158.a(nbr-table.o)
 *fill*         0x00000000000430f4        0xc 
 .bss           0x0000000000043100      0xe10 build/cooja/mtype158.a(link-stats.o)
 *fill*         0x0000000000043f10       0x10 
 .bss           0x0000000000043f20      0x100 build/cooja/mtype158.a(mac-sequence.o)
 .bss           0x0000000000044020        0x0 build/cooja/mtype158.a(mac.o)
 .bss           0x0000000000044020        0x2 build/cooja/mtype158.a(framer-802154.o)
 .bss           0x0000000000044022        0x0 build/cooja/mtype158.a(frame802154.o)
 .bss           0x0000000000044022        0x0 build/cooja/mtype158.a(csma-security.o)
 *fill*         0x0000000000044022        0x2 
 .bss           0x0000000000044024       0x18 build/cooja/mtype158.a(uipbuf.o)
 .bss           0x000000000004403c       0x18 build/cooja/mtype158.a(uip-icmp6.o)
 *fill*         0x0000000000044054        0xc 
 .bss           0x0000000000044060     0x1d80 build/cooja/mtype158.a(uip-sr.o)
 .bss           0x0000000000045de0      0xa78 build/cooja/mtype158.a(uip-packetqueue)
 .bss           0x0000000000046858        0xe build/cooja/mtype158.a(rpl-nbr-policy.)
 *fill*         0x0000000000046866       0x1a 
 .bss           0x0000000000046880      0x960 build/cooja/mtype158.a(rpl-neighbor.o)
 .bss           0x00000000000471e0        0x0 build/cooja/mtype158.a(rpl-dag.o)
 .bss           0x00000000000471e0       0x40 build/cooja/mtype158.a(rpl-timers.o)
 .bss           0x0000000000047220        0x0 build/cooja/mtype158.a(rpl-ext-header.)
 .bss           0x0000000000047220        0x0 build/cooja/mtype158.a(rpl-mrhof.o)
 .bss           0x0000000000047220        0x0 /usr/lib/gcc/i686-linux-gnu/5/crtendS.o
 .bss           0x0000000000047220        0x0 /usr/lib/gcc/i686-linux-gnu/5/../../../i386-linux-gnu/crtn.o
 *(COMMON)
 COMMON         0x0000000000047220        0x8 build/cooja/mtype158.o
                0x0000000000047220                referenceVar
                0x0000000000047224                sensors_flags
 COMMON         0x0000000000047228        0xc build/cooja/mtype158.a(simEnvChange.o)
                0x0000000000047228                simEtimerPending
                0x000000000004722c                simProcessRunValue
                0x0000000000047230                simEtimerNextExpirationTime
 *fill*         0x0000000000047234        0x4 
 COMMON         0x0000000000047238       0x18 build/cooja/mtype158.a(rtimer-arch.o)
                0x0000000000047238                simRtimerPending
                0x0000000000047240                simRtimerCurrentTicks
                0x0000000000047248                simRtimerNextExpirationTime
 COMMON         0x0000000000047250        0x1 build/cooja/mtype158.a(beep.o)
                0x0000000000047250                simBeeped
 *fill*         0x0000000000047251        0x3 
 COMMON         0x0000000000047254        0xc build/cooja/mtype158.a(moteid.o)
                0x0000000000047254                simRandomSeed
                0x0000000000047258                simMoteIDChanged
                0x000000000004725c                simMoteID
 COMMON         0x0000000000047260        0x2 build/cooja/mtype158.a(pir-sensor.o)
                0x0000000000047260                simPirIsActive
                0x0000000000047261                simPirChanged
 *fill*         0x0000000000047262       0x1e 
 COMMON         0x0000000000047280      0x820 build/cooja/mtype158.a(rs232.o)
                0x0000000000047280                simSerialReceivingFlag
                0x0000000000047284                simSerialReceivingLength
                0x00000000000472a0                simSerialReceivingData
 COMMON         0x0000000000047aa0        0x2 build/cooja/mtype158.a(vib-sensor.o)
                0x0000000000047aa0                simVibChanged
                0x0000000000047aa1                simVibIsActive
 *fill*         0x0000000000047aa2        0x2 
 COMMON         0x0000000000047aa4        0x4 build/cooja/mtype158.a(clock.o)
                0x0000000000047aa4                simCurrentTime
 *fill*         0x0000000000047aa8       0x18 
 COMMON         0x0000000000047ac0     0x2020 build/cooja/mtype158.a(cooja-log.o)
                0x0000000000047ac0                simLoggedLength
                0x0000000000047ac4                simLoggedFlag
                0x0000000000047ae0                simLoggedData
 COMMON         0x0000000000049ae0       0xfd build/cooja/mtype158.a(cooja-radio.o)
                0x0000000000049ae0                simOutDataBuffer
                0x0000000000049b60                simInDataBuffer
 *fill*         0x0000000000049bdd        0x3 
 COMMON         0x0000000000049be0      0x400 build/cooja/mtype158.a(eeprom.o)
                0x0000000000049be0                simEEPROMData
 COMMON         0x0000000000049fe0        0x1 build/cooja/mtype158.a(sensors.o)
                0x0000000000049fe0                sensors_event
 COMMON         0x0000000000049fe1        0x2 build/cooja/mtype158.a(buttons.o)
                0x0000000000049fe1                simButtonIsDown
                0x0000000000049fe2                simButtonChanged
 COMMON         0x0000000000049fe3        0x1 build/cooja/mtype158.a(mqtt.o)
                0x0000000000049fe3                mqtt_update_event
 COMMON         0x0000000000049fe4       0x60 build/cooja/mtype158.a(contiki-main.o)
                0x0000000000049fe4                eb_per_time_source
                0x0000000000049ffc                unicast_per_neighbor_rpl_storing
                0x000000000004a014                unicast_per_neighbor_rpl_ns
                0x000000000004a02c                default_common
 COMMON         0x000000000004a044        0x3 build/cooja/mtype158.a(button-hal.o)
                0x000000000004a044                button_hal_periodic_event
                0x000000000004a045                button_hal_press_event
                0x000000000004a046                button_hal_release_event
 COMMON         0x000000000004a047        0x1 build/cooja/mtype158.a(serial-line.o)
                0x000000000004a047                serial_line_event_message
 COMMON         0x000000000004a048       0x2c build/cooja/mtype158.a(packetbuf.o)
                0x000000000004a048                packetbuf_attrs
                0x000000000004a064                packetbuf_addrs
 COMMON         0x000000000004a074        0x8 build/cooja/mtype158.a(linkaddr.o)
                0x000000000004a074                linkaddr_node_addr
 *fill*         0x000000000004a07c        0x4 
 COMMON         0x000000000004a080      0x181 build/cooja/mtype158.a(uip-ds6.o)
                0x000000000004a080                uip_ds6_prefix_list
                0x000000000004a0e0                uip_ds6_timer_periodic
                0x000000000004a0f0                uip_ds6_netif_addr_list_offset
                0x000000000004a100                uip_ds6_if
                0x000000000004a1f8                uip_ds6_timer_ra
                0x000000000004a200                uip_ds6_addr_size
 COMMON         0x000000000004a201        0x1 build/cooja/mtype158.a(tcpip.o)
                0x000000000004a201                tcpip_event
 *fill*         0x000000000004a202       0x1e 
 COMMON         0x000000000004a220      0x808 build/cooja/mtype158.a(uip6.o)
                0x000000000004a220                uip_slen
                0x000000000004a224                uip_acc32
                0x000000000004a240                uip_conns
                0x000000000004a3c0                uip_lladdr
                0x000000000004a3c8                uip_appdata
                0x000000000004a3cc                uip_flags
                0x000000000004a3e0                uip_aligned_buf
                0x000000000004a8e0                uip_listenports
                0x000000000004a908                uip_len
                0x000000000004a90c                uip_sappdata
                0x000000000004a920                uip_udp_conns
                0x000000000004aa20                uip_udp_conn
                0x000000000004aa24                uip_conn
 COMMON         0x000000000004aa28       0x10 build/cooja/mtype158.a(rpl.o)
                0x000000000004aa28                rpl_multicast_addr
 *fill*         0x000000000004aa38        0x8 
 COMMON         0x000000000004aa40       0x20 build/cooja/mtype158.a(link-stats.o)