Archive member included to satisfy reference by file (symbol)

build/cooja/mtype819.a(simEnvChange.o)
                              build/cooja/mtype819.o (simDontFallAsleep)
build/cooja/mtype819.a(cooja_mt.o)
                              build/cooja/mtype819.o (cooja_mt_start)
build/cooja/mtype819.a(cooja_mtarch.o)
                              build/cooja/mtype819.a(cooja_mt.o) (cooja_mtarch_start)
build/cooja/mtype819.a(rtimer-arch.o)
                              build/cooja/mtype819.o (rtimer_arch_check)
build/cooja/mtype819.a(beep.o)
                              build/cooja/mtype819.o (beep_interface)
build/cooja/mtype819.a(leds-arch.o)
                              build/cooja/mtype819.o (leds_interface)
build/cooja/mtype819.a(moteid.o)
                              build/cooja/mtype819.o (moteid_interface)
build/cooja/mtype819.a(pir-sensor.o)
                              build/cooja/mtype819.o (pir_interface)
build/cooja/mtype819.a(rs232.o)
                              build/cooja/mtype819.o (rs232_interface)
build/cooja/mtype819.a(vib-sensor.o)
                              build/cooja/mtype819.o (vib_interface)
build/cooja/mtype819.a(clock.o)
                              build/cooja/mtype819.o (clock_interface)
build/cooja/mtype819.a(cooja-log.o)
                              build/cooja/mtype819.o (simlog_interface)
build/cooja/mtype819.a(cfs-cooja.o)
                              build/cooja/mtype819.o (cfs_interface)
build/cooja/mtype819.a(cooja-radio.o)
                              build/cooja/mtype819.o (radio_interface)
build/cooja/mtype819.a(eeprom.o)
                              build/cooja/mtype819.o (eeprom_interface)
build/cooja/mtype819.a(random.o)
                              build/cooja/mtype819.a(moteid.o) (random_init)
build/cooja/mtype819.a(sensors.o)
                              build/cooja/mtype819.a(pir-sensor.o) (sensors_changed)
build/cooja/mtype819.a(leds.o)
                              build/cooja/mtype819.a(leds-arch.o) (leds_get)
build/cooja/mtype819.a(gpio-hal-arch.o)
                              build/cooja/mtype819.a(leds-arch.o) (gpio_hal_arch_register_pin_callback)
build/cooja/mtype819.a(buttons.o)
                              build/cooja/mtype819.o (button_interface)
build/cooja/mtype819.a(res-presence.o)
                              presence.o (res_presence)
build/cooja/mtype819.a(coap-engine.o)
                              presence.o (coap_activate_resource)
build/cooja/mtype819.a(coap-res-well-k)
                              build/cooja/mtype819.a(coap-engine.o) (res_well_known_core)
build/cooja/mtype819.a(coap-observe.o)
                              build/cooja/mtype819.a(coap-engine.o) (coap_remove_observer_by_mid)
build/cooja/mtype819.a(coap-uip.o)
                              build/cooja/mtype819.a(coap-observe.o) (coap_endpoint_copy)
build/cooja/mtype819.a(coap-timer.o)
                              build/cooja/mtype819.a(coap-engine.o) (coap_timer_set)
build/cooja/mtype819.a(coap-transactio)
                              build/cooja/mtype819.a(coap-engine.o) (coap_send_transaction)
build/cooja/mtype819.a(coap.o)
                              build/cooja/mtype819.a(coap-engine.o) (coap_status_code)
build/cooja/mtype819.a(contiki-main.o)
                              build/cooja/mtype819.o (main)
build/cooja/mtype819.a(autostart.o)
                              build/cooja/mtype819.a(contiki-main.o) (autostart_start)
build/cooja/mtype819.a(ctimer.o)
                              build/cooja/mtype819.a(contiki-main.o) (ctimer_init)
build/cooja/mtype819.a(log.o)
                              build/cooja/mtype819.a(contiki-main.o) (curr_log_level_main)
build/cooja/mtype819.a(energest.o)
                              build/cooja/mtype819.a(contiki-main.o) (energest_init)
build/cooja/mtype819.a(etimer.o)
                              build/cooja/mtype819.a(contiki-main.o) (etimer_process)
build/cooja/mtype819.a(node-id.o)
                              build/cooja/mtype819.a(contiki-main.o) (node_id)
build/cooja/mtype819.a(rtimer.o)
                              build/cooja/mtype819.a(contiki-main.o) (rtimer_init)
build/cooja/mtype819.a(process.o)
                              build/cooja/mtype819.a(ctimer.o) (process_current)
build/cooja/mtype819.a(timer.o)
                              build/cooja/mtype819.a(etimer.o) (timer_set)
build/cooja/mtype819.a(list.o)
                              build/cooja/mtype819.a(coap-engine.o) (list_init)
build/cooja/mtype819.a(memb.o)
                              build/cooja/mtype819.a(coap-observe.o) (memb_alloc)
build/cooja/mtype819.a(button-hal.o)
                              presence.o (button_hal_press_event)
build/cooja/mtype819.a(serial-line.o)
                              build/cooja/mtype819.a(rs232.o) (serial_line_input_byte)
build/cooja/mtype819.a(gpio-hal.o)
                              build/cooja/mtype819.a(button-hal.o) (gpio_hal_register_handler)
build/cooja/mtype819.a(queuebuf.o)
[...]
Memory Configuration

Name             Origin             Length             Attributes
*default*        0x0000000000000000 0xffffffffffffffff

Linker script and memory map

LOAD /usr/lib/gcc/i686-linux-gnu/5/../../../i386-linux-gnu/crti.o
LOAD /usr/lib/gcc/i686-linux-gnu/5/crtbeginS.o
LOAD presence.o
LOAD build/cooja/mtype819.o
LOAD build/cooja/mtype819.a
LOAD /usr/lib/gcc/i686-linux-gnu/5/libgcc.a
LOAD /usr/lib/gcc/i686-linux-gnu/5/libgcc_s.so
LOAD /usr/lib/gcc/i686-linux-gnu/5/../../../i386-linux-gnu/libc.so
START GROUP
LOAD /lib/i386-linux-gnu/libc.so.6
LOAD /usr/lib/i386-linux-gnu/libc_nonshared.a
LOAD /lib/i386-linux-gnu/ld-linux.so.2
END GROUP
LOAD /usr/lib/gcc/i686-linux-gnu/5/libgcc.a
LOAD /usr/lib/gcc/i686-linux-gnu/5/libgcc_s.so
LOAD /usr/lib/gcc/i686-linux-gnu/5/crtendS.o
LOAD /usr/lib/gcc/i686-linux-gnu/5/../../../i386-linux-gnu/crtn.o
                0x0000000000000114                . = (0x0 + SIZEOF_HEADERS)

.note.gnu.build-id
                0x0000000000000114       0x24
 *(.note.gnu.build-id)
 .note.gnu.build-id
                0x0000000000000114       0x24 /usr/lib/gcc/i686-linux-gnu/5/../../../i386-linux-gnu/crti.o

.hash
 *(.hash)

.gnu.hash       0x0000000000000138     0x158c
 *(.gnu.hash)
 .gnu.hash      0x0000000000000138     0x158c /usr/lib/gcc/i686-linux-gnu/5/../../../i386-linux-gnu/crti.o

.dynsym         0x00000000000016c4     0x2eb0
 *(.dynsym)
 .dynsym        0x00000000000016c4     0x2eb0 /usr/lib/gcc/i686-linux-gnu/5/../../../i386-linux-gnu/crti.o

.dynstr         0x0000000000004574     0x3675
 *(.dynstr)
 .dynstr        0x0000000000004574     0x3675 /usr/lib/gcc/i686-linux-gnu/5/../../../i386-linux-gnu/crti.o

.gnu.version    0x0000000000007bea      0x5d6
 *(.gnu.version)
 .gnu.version   0x0000000000007bea      0x5d6 /usr/lib/gcc/i686-linux-gnu/5/../../../i386-linux-gnu/crti.o

.gnu.version_d  0x00000000000081c0        0x0
 *(.gnu.version_d)
 .gnu.version_d
                0x00000000000081c0        0x0 /usr/lib/gcc/i686-linux-gnu/5/../../../i386-linux-gnu/crti.o

.gnu.version_r  0x00000000000081c0       0x40
 *(.gnu.version_r)
 .gnu.version_r
                0x00000000000081c0       0x40 /usr/lib/gcc/i686-linux-gnu/5/../../../i386-linux-gnu/crti.o

.rel.dyn        0x0000000000008200     0x9170
 *(.rel.init)
 .rel.init      0x0000000000008200        0x0 /usr/lib/gcc/i686-linux-gnu/5/../../../i386-linux-gnu/crti.o
 *(.rel.text .rel.text.* .rel.gnu.linkonce.t.*)
 .rel.text      0x0000000000008200     0x8780 /usr/lib/gcc/i686-linux-gnu/5/../../../i386-linux-gnu/crti.o
 *(.rel.fini)
 .rel.fini      0x0000000000010980        0x0 /usr/lib/gcc/i686-linux-gnu/5/../../../i386-linux-gnu/crti.o
 *(.rel.rodata .rel.rodata.* .rel.gnu.linkonce.r.*)
 .rel.rodata    0x0000000000010980      0x588 /usr/lib/gcc/i686-linux-gnu/5/../../../i386-linux-gnu/crti.o
 *(.rel.data.rel.ro .rel.data.rel.ro.* .rel.gnu.linkonce.d.rel.ro.*)
 *(.rel.data .rel.data.* .rel.gnu.linkonce.d.*)
 .rel.data.rel.local
                0x0000000000010f08        0x8 /usr/lib/gcc/i686-linux-gnu/5/../../../i386-linux-gnu/crti.o
 .rel.data      0x0000000000010f10      0x428 /usr/lib/gcc/i686-linux-gnu/5/../../../i386-linux-gnu/crti.o
 *(.rel.tdata .rel.tdata.* .rel.gnu.linkonce.td.*)
 *(.rel.tbss .rel.tbss.* .rel.gnu.linkonce.tb.*)
 *(.rel.ctors)
 *(.rel.dtors)
 *(.rel.got)
 .rel.got       0x0000000000011338       0x28 /usr/lib/gcc/i686-linux-gnu/5/../../../i386-linux-gnu/crti.o
 *(.rel.bss .rel.bss.* .rel.gnu.linkonce.b.*)
 *(.rel.ifunc)
 .rel.ifunc     0x0000000000011360        0x0 /usr/lib/gcc/i686-linux-gnu/5/../../../i386-linux-gnu/crti.o
 .rel.fini_array
                0x0000000000011360        0x8 /usr/lib/gcc/i686-linux-gnu/5/../../../i386-linux-gnu/crti.o
 .rel.init_array
                0x0000000000011368        0x8 /usr/lib/gcc/i686-linux-gnu/5/../../../i386-linux-gnu/crti.o

.rel.plt        0x0000000000011370        0x0
 *(.rel.plt)
 .rel.plt       0x0000000000011370        0x0 /usr/lib/gcc/i686-linux-gnu/5/../../../i386-linux-gnu/crti.o
 *(.rel.iplt)

.init           0x0000000000011370       0x23
 *(SORT(.init))
 .init          0x0000000000011370       0x1e /usr/lib/gcc/i686-linux-gnu/5/../../../i386-linux-gnu/crti.o
                0x0000000000011370                _init
 .init          0x000000000001138e        0x5 /usr/lib/gcc/i686-linux-gnu/5/../../../i386-linux-gnu/crtn.o

.plt            0x00000000000113a0       0x10
 *(.plt)
 .plt           0x00000000000113a0       0x10 /usr/lib/gcc/i686-linux-gnu/5/../../../i386-linux-gnu/crti.o
 *(.iplt)

.plt.got        0x00000000000113b0       0x10
 *(.plt.got)
 .plt.got       0x00000000000113b0       0x10 /usr/lib/gcc/i686-linux-gnu/5/../../../i386-linux-gnu/crti.o

.text           0x00000000000113c0    0x18682
 *(.text.unlikely .text.*_unlikely .text.unlikely.*)
 .text.unlikely
                0x00000000000113c0        0x0 /usr/lib/gcc/i686-linux-gnu/5/crtbeginS.o
 .text.unlikely
                0x00000000000113c0        0x0 /usr/lib/gcc/i686-linux-gnu/5/libgcc.a(_udivdi3.o)
 *(.text.exit .text.exit.*)
 *(.text.startup .text.startup.*)
 *(.text.hot .text.hot.*)
 *(.text .stub .text.* .gnu.linkonce.t.*)
 .text          0x00000000000113c0        0x0 /usr/lib/gcc/i686-linux-gnu/5/../../../i386-linux-gnu/crti.o
 .gnu.linkonce.t.__x86.get_pc_thunk.bx
                0x00000000000113c0        0x4 /usr/lib/gcc/i686-linux-gnu/5/../../../i386-linux-gnu/crti.o
                0x00000000000113c0                __x86.get_pc_thunk.bx
 *fill*         0x00000000000113c4        0xc 
 .text          0x00000000000113d0      0x11c /usr/lib/gcc/i686-linux-gnu/5/crtbeginS.o
 .text.__x86.get_pc_thunk.dx
                0x00000000000114ec        0x4 /usr/lib/gcc/i686-linux-gnu/5/crtbeginS.o
                0x00000000000114ec                __x86.get_pc_thunk.dx
 .text          0x00000000000114f0       0xca presence.o
 .text          0x00000000000115ba      0x283 build/cooja/mtype819.o
                0x000000000001164c                platform_init_stage_one
                0x000000000001165f                platform_init_stage_two
                0x0000000000011672                platform_init_stage_three
                0x0000000000011685                platform_main_loop
                0x00000000000116f8                Java_org_contikios_cooja_corecomm_Lib23_init
                0x000000000001172f                Java_org_contikios_cooja_corecomm_Lib23_getMemory
                0x0000000000011762                Java_org_contikios_cooja_corecomm_Lib23_setMemory
                0x00000000000117c2                Java_org_contikios_cooja_corecomm_Lib23_tick
                0x000000000001182a                Java_org_contikios_cooja_corecomm_Lib23_setReferenceAddress
 .text          0x000000000001183d       0x65 build/cooja/mtype819.a(simEnvChange.o)
                0x000000000001183d                doActionsBeforeTick
                0x000000000001186f                doActionsAfterTick
 .text          0x00000000000118a2       0x83 build/cooja/mtype819.a(cooja_mt.o)
                0x00000000000118a2                cooja_mt_start
                0x00000000000118cc                cooja_mt_exec
                0x0000000000011902                cooja_mt_yield
 .text          0x0000000000011925       0xbe build/cooja/mtype819.a(cooja_mtarch.o)
                0x0000000000011925                cooja_mtarch_start
                0x0000000000011998                cooja_sw
                0x00000000000119bb                cooja_mtarch_exec
                0x00000000000119d8                cooja_mtarch_yield
 .text          0x00000000000119e3       0xc5 build/cooja/mtype819.a(rtimer-arch.o)
                0x00000000000119e3                rtimer_arch_init
                0x0000000000011a07                rtimer_arch_schedule
                0x0000000000011a37                rtimer_arch_next
                0x0000000000011a47                rtimer_arch_pending
                0x0000000000011a51                rtimer_arch_check
                0x0000000000011a98                rtimer_arch_now
 .text          0x0000000000011aa8       0x81 build/cooja/mtype819.a(beep.o)
                0x0000000000011aa8                beep_alarm
                0x0000000000011ab5                beep_beep
                0x0000000000011ac2                beep
                0x0000000000011acf                beep_down
                0x0000000000011adc                beep_on
                0x0000000000011ae9                beep_off
                0x0000000000011af6                beep_spinup
                0x0000000000011b03                beep_quick
                0x0000000000011b10                beep_long
 .text          0x0000000000011b29       0x65 build/cooja/mtype819.a(leds-arch.o)
                0x0000000000011b3c                leds_arch_init
 .text          0x0000000000011b8e       0x35 build/cooja/mtype819.a(moteid.o)
 .text          0x0000000000011bc3       0xb7 build/cooja/mtype819.a(pir-sensor.o)
 .text          0x0000000000011c7a      0x148 build/cooja/mtype819.a(rs232.o)
                0x0000000000011c7a                rs232_init
                0x0000000000011c80                rs232_set_speed
                0x0000000000011c8f                rs232_set_input
                0x0000000000011c9d                rs232_send
                0x0000000000011cc1                rs232_print
                0x0000000000011cdd                slip_arch_writeb
 .text          0x0000000000011dc2       0xb7 build/cooja/mtype819.a(vib-sensor.o)
 .text          0x0000000000011e79       0x38 build/cooja/mtype819.a(clock.o)
                0x0000000000011e79                clock_init
                0x0000000000011e7f                clock_time
                0x0000000000011e89                clock_seconds
                0x0000000000011e9f                clock_delay
 .text          0x0000000000011eb1      0x219 build/cooja/mtype819.a(cooja-log.o)
                0x0000000000011eb1                simlog_char
                0x0000000000011ef4                simlog
                0x0000000000011f6a                log_message
                0x0000000000011f9b                log_set_putchar_with_slip
                0x0000000000011fa9                log_putchar
                0x0000000000012024                log_puts
                0x000000000001204c                log_printf
 .text          0x00000000000120ca      0x2b9 build/cooja/mtype819.a(cfs-cooja.o)
                0x00000000000120ca                cfs_open
                0x0000000000012133                cfs_close
                0x0000000000012140                cfs_read
                0x00000000000121d5                cfs_write
                0x00000000000122b1                cfs_seek
                0x0000000000012339                cfs_remove
                0x000000000001235d                cfs_opendir
                0x0000000000012367                cfs_readdir
                0x0000000000012371                cfs_closedir
 .text          0x0000000000012383      0x620 build/cooja/mtype819.a(cooja-radio.o)
                0x00000000000123c5                radio_set_channel
                0x00000000000123d3                radio_set_txpower
                0x00000000000123eb                radio_signal_strength_last
                0x00000000000123f5                radio_signal_strength_current
                0x00000000000123ff                radio_LQI
 .text          0x00000000000129a3       0xee build/cooja/mtype819.a(eeprom.o)
                0x00000000000129a3                eeprom_init
                0x00000000000129a9                eeprom_read
                0x0000000000012a17                eeprom_write
 .text          0x0000000000012a91       0x2d build/cooja/mtype819.a(random.o)
                0x0000000000012a91                random_init
                0x0000000000012ab1                random_rand
 .text          0x0000000000012abe      0x29c build/cooja/mtype819.a(sensors.o)
                0x0000000000012af9                sensors_first
                0x0000000000012b03                sensors_next
                0x0000000000012b1d                sensors_changed
                0x0000000000012b51                sensors_find
 .text          0x0000000000012d5a      0x349 build/cooja/mtype819.a(leds.o)
                0x0000000000012d5a                leds_init
                0x0000000000012da1                leds_single_on
                0x0000000000012e00                leds_single_off
                0x0000000000012e5f                leds_single_toggle
                0x0000000000012e91                leds_on
                0x0000000000012f13                leds_off
                0x0000000000012f95                leds_toggle
                0x0000000000012fea                leds_set
                0x0000000000013016                leds_get
 .text          0x00000000000130a3      0x343 build/cooja/mtype819.a(gpio-hal-arch.o)
                0x00000000000130a3                gpio_hal_arch_register_pin_callback
                0x000000000001310f                gpio_hal_arch_init
                0x0000000000013154                gpio_hal_arch_no_port_interrupt_enable
                0x0000000000013184                gpio_hal_arch_no_port_interrupt_disable
                0x00000000000131b4                gpio_hal_arch_no_port_pin_cfg_set
                0x00000000000131d9                gpio_hal_arch_no_port_pin_cfg_get
                0x00000000000131ff                gpio_hal_arch_no_port_pin_set_input
                0x0000000000013211                gpio_hal_arch_no_port_pin_set_output
                0x0000000000013223                gpio_hal_arch_no_port_set_pin
                0x0000000000013244                gpio_hal_arch_no_port_clear_pin
                0x0000000000013265                gpio_hal_arch_no_port_read_pin
                0x000000000001328b                gpio_hal_arch_no_port_write_pin
                0x00000000000132b5                gpio_hal_arch_no_port_set_pins
                0x00000000000132fc                gpio_hal_arch_no_port_clear_pins
                0x0000000000013343                gpio_hal_arch_no_port_read_pins
                0x0000000000013386                gpio_hal_arch_no_port_write_pins
 .text          0x00000000000133e6       0x89 build/cooja/mtype819.a(buttons.o)
 .text          0x000000000001346f       0x9c build/cooja/mtype819.a(res-presence.o)
 .text          0x000000000001350b      0xbea build/cooja/mtype819.a(coap-engine.o)
                0x00000000000135a0                coap_add_handler
                0x00000000000135bd                coap_remove_handler
                0x00000000000135da                coap_call_handlers
                0x00000000000136e2                coap_receive
                0x0000000000013cdd                coap_engine_init
                0x0000000000013d3b                coap_activate_resource
                0x0000000000013de6                coap_get_first_resource
                0x0000000000013dff                coap_get_next_resource
 .text          0x00000000000140f5      0x2d9 build/cooja/mtype819.a(coap-res-well-k)
 .text          0x00000000000143ce      0x96a build/cooja/mtype819.a(coap-observe.o)
                0x00000000000144e3                coap_remove_observer
                0x0000000000014513                coap_remove_observer_by_client
                0x000000000001457b                coap_remove_observer_by_token
                0x000000000001460e                coap_remove_observer_by_uri
                0x00000000000146b5                coap_remove_observer_by_mid
                0x0000000000014731                coap_notify_observers
                0x000000000001474a                coap_notify_observers_sub
                0x0000000000014bb4                coap_observe_handler
                0x0000000000014ccf                coap_has_observers
 .text          0x0000000000014d38      0x733 build/cooja/mtype819.a(coap-uip.o)
                0x0000000000014d38                coap_endpoint_log
                0x0000000000014dbe                coap_endpoint_print
                0x0000000000014e44                coap_endpoint_snprint
                0x0000000000014f77                coap_endpoint_copy
                0x0000000000014fb4                coap_endpoint_cmp
                0x00000000000150c2                coap_endpoint_parse
                0x00000000000152ad                coap_endpoint_is_secure
                0x00000000000152bc                coap_endpoint_is_connected
                0x00000000000152f0                coap_endpoint_connect
                0x000000000001530c                coap_endpoint_disconnect
                0x0000000000015312                coap_databuf
                0x000000000001531c                coap_transport_init
                0x000000000001536c                coap_sendto
 .text          0x000000000001546b      0x324 build/cooja/mtype819.a(coap-timer.o)
                0x0000000000015568                coap_timer_stop
                0x0000000000015593                coap_timer_set
                0x00000000000155d6                coap_timer_reset
                0x0000000000015619                coap_timer_time_to_next_expiration
                0x0000000000015685                coap_timer_run
                0x0000000000015751                coap_timer_init
 .text          0x000000000001578f      0x2c6 build/cooja/mtype819.a(coap-transactio)
                0x00000000000157f5                coap_new_transaction
                0x000000000001585b                coap_send_transaction
                0x00000000000159bc                coap_clear_transaction
                0x0000000000015a04                coap_get_transaction_by_mid
 .text          0x0000000000015a55     0x1c53 build/cooja/mtype819.a(coap.o)
                0x0000000000015fc2                coap_init_connection
                0x0000000000015fd6                coap_get_mid
                0x0000000000015ff2                coap_init_message
                0x000000000001603b                coap_serialize_message
                0x00000000000166bd                coap_parse_message
                0x0000000000016d24                coap_get_query_variable
                0x0000000000016d66                coap_get_post_variable
                0x0000000000016daa                coap_set_status_code
                0x0000000000016dcf                coap_set_token
                0x0000000000016e16                coap_get_header_content_format
                0x0000000000016e47                coap_set_header_content_format
                0x0000000000016e6a                coap_get_header_accept
                0x0000000000016e9b                coap_set_header_accept
                0x0000000000016ebe                coap_get_header_max_age
                0x0000000000016eef                coap_set_header_max_age
                0x0000000000016f0f                coap_get_header_etag
                0x0000000000016f41                coap_set_header_etag
                0x0000000000016f98                coap_get_header_if_match
                0x0000000000016fca                coap_set_header_if_match
                0x0000000000017021                coap_get_header_if_none_match
                0x000000000001703b                coap_set_header_if_none_match
                0x0000000000017052                coap_get_header_proxy_uri
                0x0000000000017080                coap_set_header_proxy_uri
                0x00000000000170bd                coap_get_header_uri_host
                0x00000000000170eb                coap_set_header_uri_host
                0x0000000000017128                coap_get_header_uri_path
                0x0000000000017156                coap_set_header_uri_path
                0x00000000000171a3                coap_get_header_uri_query
                0x00000000000171d7                coap_set_header_uri_query
                0x000000000001722d                coap_get_header_location_path
                0x000000000001725b                coap_set_header_location_path
                0x00000000000172f4                coap_get_header_location_query
                0x0000000000017322                coap_set_header_location_query
                0x000000000001736f                coap_get_header_observe
                0x000000000001739e                coap_set_header_observe
                0x00000000000173be                coap_get_header_block2
                0x000000000001742a                coap_set_header_block2
                0x00000000000174a1                coap_get_header_block1
                0x0000000000017516                coap_set_header_block1
                0x0000000000017591                coap_get_header_size2
                0x00000000000175c1                coap_set_header_size2
                0x00000000000175e4                coap_get_header_size1
                0x0000000000017614                coap_set_header_size1
                0x0000000000017637                coap_get_payload
                0x0000000000017671                coap_set_payload
 .text          0x00000000000176a8      0x32f build/cooja/mtype819.a(contiki-main.o)
                0x00000000000176a8                main
 .text          0x00000000000179d7       0x92 build/cooja/mtype819.a(autostart.o)
                0x00000000000179d7                autostart_start
                0x0000000000017a21                autostart_exit
 .text          0x0000000000017a69      0x355 build/cooja/mtype819.a(ctimer.o)
                0x0000000000017b91                ctimer_init
                0x0000000000017bc4                ctimer_set
                0x0000000000017bea                ctimer_set_with_process
                0x0000000000017c67                ctimer_reset
                0x0000000000017cbb                ctimer_restart
                0x0000000000017d0f                ctimer_stop
                0x0000000000017d5f                ctimer_expired
 .text          0x0000000000017dbe      0x394 build/cooja/mtype819.a(log.o)
                0x0000000000017dbe                log_6addr
                0x0000000000017e11                log_6addr_compact_snprint
                0x0000000000017eaf                log_6addr_compact
                0x0000000000017f02                log_lladdr
                0x0000000000017f74                log_lladdr_compact
                0x0000000000017fdc                log_set_level
                0x0000000000018097                log_get_level
                0x0000000000018110                log_level_to_str
 .text          0x0000000000018152       0x1b build/cooja/mtype819.a(energest.o)
                0x0000000000018152                energest_init
                0x0000000000018158                energest_flush
                0x000000000001815e                energest_get_total_time
 .text          0x000000000001816d      0x43f build/cooja/mtype819.a(etimer.o)
                0x0000000000018391                etimer_request_poll
                0x000000000001841a                etimer_set
                0x0000000000018443                etimer_reset_with_new_interval
                0x0000000000018472                etimer_reset
                0x0000000000018498                etimer_restart
                0x00000000000184be                etimer_adjust
                0x00000000000184db                etimer_expired
                0x00000000000184ee                etimer_expiration_time
                0x0000000000018500                etimer_start_time
                0x000000000001850a                etimer_pending
                0x000000000001851c                etimer_next_expiration_time
                0x0000000000018536                etimer_stop
 .text          0x00000000000185ac       0x25 build/cooja/mtype819.a(node-id.o)
                0x00000000000185ac                node_id_init
 .text          0x00000000000185d1       0xeb build/cooja/mtype819.a(rtimer.o)
                0x00000000000185d1                rtimer_init
                0x00000000000185df                rtimer_set
                0x000000000001865a                rtimer_run_next
 .text          0x00000000000186bc      0x4fb build/cooja/mtype819.a(process.o)
                0x00000000000186bc                process_alloc_event
                0x00000000000186d1                process_start
                0x00000000000188ab                process_exit
                0x00000000000188c8                process_init
                0x0000000000018a5d                process_run
                0x0000000000018a90                process_nevents
                0x0000000000018aab                process_post
                0x0000000000018b3e                process_post_synch
                0x0000000000018b73                process_poll
                0x0000000000018ba3                process_is_running
 .text          0x0000000000018bb7       0xb1 build/cooja/mtype819.a(timer.o)
                0x0000000000018bb7                timer_set
                0x0000000000018bd5                timer_reset
                0x0000000000018c02                timer_restart
                0x0000000000018c17                timer_expired
                0x0000000000018c44                timer_remaining
 .text          0x0000000000018c68      0x28f build/cooja/mtype819.a(list.o)
                0x0000000000018c68                list_init
                0x0000000000018c77                list_head
                0x0000000000018c81                list_copy
                0x0000000000018c91                list_tail
                0x0000000000018cc7                list_add
                0x0000000000018d13                list_push
                0x0000000000018d3f                list_chop
                0x0000000000018da9                list_pop
                0x0000000000018dd1                list_remove
                0x0000000000018e39                list_length
                0x0000000000018e67                list_insert
                0x0000000000018eac                list_item_next
                0x0000000000018ec3                list_contains
 .text          0x0000000000018ef7      0x1b5 build/cooja/mtype819.a(memb.o)
                0x0000000000018ef7                memb_init
                0x0000000000018f4c                memb_alloc
                0x0000000000018faf                memb_free
                0x0000000000019026                memb_inmemb
                0x0000000000019065                memb_numfree
 .text          0x00000000000190ac      0x41c build/cooja/mtype819.a(button-hal.o)
                0x0000000000019225                button_hal_get_by_id
                0x0000000000019263                button_hal_get_by_index
                0x000000000001928f                button_hal_get_state
                0x00000000000192e1                button_hal_init
 .text          0x00000000000194c8      0x1f3 build/cooja/mtype819.a(serial-line.o)
                0x00000000000194c8                serial_line_input_byte
                0x0000000000019686                serial_line_init
 .text          0x00000000000196bb      0x168 build/cooja/mtype819.a(gpio-hal.o)
                0x00000000000196bb                gpio_hal_register_handler
                0x00000000000196d8                gpio_hal_event_handler
                0x0000000000019734                gpio_hal_init
                0x0000000000019753                gpio_hal_arch_port_toggle_pin
                0x000000000001978f                gpio_hal_arch_port_toggle_pins
                0x00000000000197bd                gpio_hal_arch_no_port_toggle_pin
                0x00000000000197fb                gpio_hal_arch_no_port_toggle_pins
 .text          0x0000000000019823      0x2e7 build/cooja/mtype819.a(queuebuf.o)
                0x000000000001982d                queuebuf_init
                0x0000000000019856                queuebuf_numfree
                0x000000000001986e                queuebuf_new_from_packetbuf
                0x000000000001990d                queuebuf_update_attr_from_packetbuf
                0x0000000000019942                queuebuf_update_from_packetbuf
                0x0000000000019992                queuebuf_free
                0x00000000000199db                queuebuf_to_packetbuf
                0x0000000000019a47                queuebuf_dataptr
                0x0000000000019a81                queuebuf_datalen
                0x0000000000019aa4                queuebuf_addr
                0x0000000000019ad9                queuebuf_attr
                0x0000000000019b04                queuebuf_debug_print
 .text          0x0000000000019b0a      0x407 build/cooja/mtype819.a(packetbuf.o)
                0x0000000000019b0a                packetbuf_clear
                0x0000000000019b35                packetbuf_copyfrom
                0x0000000000019b84                packetbuf_copyto
                0x0000000000019c17                packetbuf_hdralloc
                0x0000000000019c93                packetbuf_hdrreduce
                0x0000000000019cd9                packetbuf_set_datalen
                0x0000000000019cf3                packetbuf_dataptr
                0x0000000000019d10                packetbuf_hdrptr
                0x0000000000019d1a                packetbuf_datalen
                0x0000000000019d26                packetbuf_hdrlen
                0x0000000000019d3d                packetbuf_totlen
                0x0000000000019d53                packetbuf_remaininglen
                0x0000000000019d66                packetbuf_attr_clear
                0x0000000000019db2                packetbuf_attr_copyto
                0x0000000000019e0a                packetbuf_attr_copyfrom
                0x0000000000019e62                packetbuf_set_attr
                0x0000000000019e8c                packetbuf_attr
                0x0000000000019ea6                packetbuf_set_addr
                0x0000000000019ed7                packetbuf_addr
                0x0000000000019ef4                packetbuf_holds_broadcast
 .text          0x0000000000019f11       0xef build/cooja/mtype819.a(netstack.o)
                0x0000000000019f11                netstack_process_ip_callback
                0x0000000000019fa2                netstack_ip_packet_processor_add
                0x0000000000019fc5                uip_ds6_ip_packet_processor_rm
                0x0000000000019fe2                netstack_init
 .text          0x000000000001a000       0x4f build/cooja/mtype819.a(linkaddr.o)
                0x000000000001a000                linkaddr_copy
                0x000000000001a016                linkaddr_cmp
                0x000000000001a039                linkaddr_set_node_addr
 .text          0x000000000001a04f      0x1f6 build/cooja/mtype819.a(csma.o)
 .text          0x000000000001a245      0x95d build/cooja/mtype819.a(csma-output.o)
                0x000000000001a8dc                csma_output_packet
                0x000000000001ab69                csma_output_init
 .text          0x000000000001aba2      0xc11 build/cooja/mtype819.a(uip-ds6.o)
                0x000000000001aba2                uip_ds6_default_prefix
                0x000000000001abac                uip_ds6_set_default_prefix
                0x000000000001abd7                uip_ds6_init
                0x000000000001ae39                uip_ds6_periodic
                0x000000000001aec0                uip_ds6_list_loop
                0x000000000001af80                uip_ds6_prefix_add
                0x000000000001b02c                uip_ds6_prefix_rm
                0x000000000001b03f                uip_ds6_prefix_lookup
                0x000000000001b07e                uip_ds6_is_addr_onlink
                0x000000000001b0f1                uip_ds6_addr_add
                0x000000000001b211                uip_ds6_addr_rm
                0x000000000001b2ba                uip_ds6_addr_lookup
                0x000000000001b2f3                uip_ds6_get_link_local
                0x000000000001b374                uip_ds6_get_global
                0x000000000001b3f5                uip_ds6_maddr_add
                0x000000000001b455                uip_ds6_maddr_rm
                0x000000000001b468                uip_ds6_maddr_lookup
                0x000000000001b4a1                uip_ds6_aaddr_add
                0x000000000001b501                uip_ds6_aaddr_rm
                0x000000000001b514                uip_ds6_aaddr_lookup
                0x000000000001b54d                uip_ds6_select_src
                0x000000000001b696                uip_ds6_set_addr_iid
                0x000000000001b6c1                uip_ds6_set_lladdr_from_iid
                0x000000000001b6ea                get_match_length
                0x000000000001b77b                uip_ds6_compute_reachable_time
 .text          0x000000000001b7b3      0x128 build/cooja/mtype819.a(uip-udp-packet.)
                0x000000000001b7b3                uip_udp_packet_send
                0x000000000001b80e                uip_udp_packet_sendto
 .text          0x000000000001b8db      0xa3c build/cooja/mtype819.a(uip-ds6-route.o)
                0x000000000001b9c5                uip_ds6_notification_add
                0x000000000001b9f7                uip_ds6_notification_rm
                0x000000000001ba14                uip_ds6_route_init
                0x000000000001bab3                uip_ds6_route_nexthop
                0x000000000001bae2                uip_ds6_route_head
                0x000000000001bafb                uip_ds6_route_next
                0x000000000001bb24                uip_ds6_route_is_nexthop
                0x000000000001bb66                uip_ds6_route_num_routes
                0x000000000001bb70                uip_ds6_route_lookup
                0x000000000001bc47                uip_ds6_route_add
                0x000000000001be87                uip_ds6_route_rm
                0x000000000001c025                uip_ds6_route_rm_by_nexthop
                0x000000000001c064                uip_ds6_defrt_head
                0x000000000001c07d                uip_ds6_defrt_add
                0x000000000001c13e                uip_ds6_defrt_rm
                0x000000000001c1bf                uip_ds6_defrt_lookup
                0x000000000001c226                uip_ds6_defrt_choose
                0x000000000001c29c                uip_ds6_defrt_periodic
 .text          0x000000000001c317      0x6f7 build/cooja/mtype819.a(tcpip.o)
                0x000000000001c331                tcpip_output
                0x000000000001c3b0                udp_attach
                0x000000000001c3c8                udp_new
                0x000000000001c412                udp_broadcast_new
                0x000000000001c584                tcpip_input
                0x000000000001c714                tcpip_ipv6_output
                0x000000000001c908                tcpip_poll_udp
                0x000000000001c926                tcpip_uipcall
 .text          0x000000000001ca0e     0x1205 build/cooja/mtype819.a(uip6.o)
                0x000000000001cabd                uip_chksum
                0x000000000001cb94                uip_icmp6chksum
                0x000000000001cba9                uip_udpchksum
                0x000000000001cbbe                uip_init
                0x000000000001cc07                uip_remove_ext_hdr
                0x000000000001cce1                uip_udp_new
                0x000000000001cff5                uip_process
                0x000000000001daed                uip_htons
                0x000000000001db0f                uip_htonl
                0x000000000001db4d                uip_send
 .text          0x000000000001dc13      0x369 build/cooja/mtype819.a(uip-ds6-nbr.o)
                0x000000000001dc13                uip_ds6_neighbors_init
                0x000000000001dc37                uip_ds6_nbr_add
                0x000000000001dcbd                uip_ds6_nbr_rm
                0x000000000001dd08                uip_ds6_nbr_update_ll
                0x000000000001ddf6                uip_ds6_nbr_get_ipaddr
                0x000000000001de0b                uip_ds6_nbr_get_ll
                0x000000000001de27                uip_ds6_nbr_num
                0x000000000001de70                uip_ds6_nbr_head
                0x000000000001de89                uip_ds6_nbr_next
                0x000000000001dea5                uip_ds6_nbr_lookup
                0x000000000001defd                uip_ds6_nbr_ll_lookup
                0x000000000001df19                uip_ds6_nbr_ipaddr_from_lladdr
                0x000000000001df42                uip_ds6_nbr_lladdr_from_ipaddr
                0x000000000001df76                uip_ds6_link_callback
 .text          0x000000000001df7c      0x6a7 build/cooja/mtype819.a(uip-nd6.o)
                0x000000000001e60a                uip_nd6_init
 .text          0x000000000001e623     0x2c17 build/cooja/mtype819.a(sicslowpan.o)
                0x000000000001ec2a                netstack_sniffer_add
                0x000000000001ec38                netstack_sniffer_remove
                0x000000000002120e                sicslowpan_init
                0x0000000000021230                sicslowpan_get_last_rssi
 .text          0x000000000002123a      0x4d1 build/cooja/mtype819.a(uiplib.o)
                0x000000000002123a                uiplib_ip6addrconv
                0x00000000000213f2                uiplib_ip4addrconv
                0x00000000000214b5                uiplib_ipaddr_print
                0x0000000000021508                uiplib_ipaddr_snprint
 .text          0x000000000002170b      0x4c9 build/cooja/mtype819.a(rpl.o)
                0x000000000002170b                rpl_lollipop_greater_than
                0x0000000000021765                rpl_get_global_address
                0x000000000002185d                rpl_link_callback
                0x00000000000218a1                rpl_has_joined
                0x00000000000218c6                rpl_is_reachable
                0x0000000000021947                rpl_reset_prefix
                0x00000000000219b1                rpl_set_prefix_from_addr
                0x0000000000021a96                rpl_set_prefix
                0x0000000000021bb0                rpl_set_leaf_only
                0x0000000000021bc8                rpl_get_leaf_only
 .text          0x0000000000021bd4     0x138c build/cooja/mtype819.a(rpl-icmp6.o)
                0x0000000000021cf9                rpl_icmp6_update_nbr_table
                0x0000000000021d82                rpl_icmp6_dis_output
                0x00000000000223c8                rpl_icmp6_dio_output
                0x0000000000022bc6                rpl_icmp6_dao_output
                0x0000000000022ea7                rpl_icmp6_dao_ack_output
                0x0000000000022f17                rpl_icmp6_init
 .text          0x0000000000022f60      0x264 build/cooja/mtype819.a(rpl-dag-root.o)
                0x0000000000022f60                rpl_dag_root_print_links
                0x000000000002308c                rpl_dag_root_set_prefix
                0x00000000000230b8                rpl_dag_root_start
                0x0000000000023195                rpl_dag_root_is_root
 .text          0x00000000000231c4       0x30 build/cooja/mtype819.a(watchdog.o)
                0x00000000000231c4                watchdog_init
                0x00000000000231ca                watchdog_start
                0x00000000000231d0                watchdog_periodic
                0x00000000000231e8                watchdog_stop
                0x00000000000231ee                watchdog_reboot
 .text          0x00000000000231f4       0x4a build/cooja/mtype819.a(int-master.o)
                0x00000000000231f4                int_master_enable
                0x0000000000023204                int_master_read_and_disable
                0x0000000000023221                int_master_status_set
                0x000000000002322f                int_master_is_enabled
 .text          0x000000000002323e      0x226 build/cooja/mtype819.a(coap-timer-defa)
 .text          0x0000000000023464       0xc7 build/cooja/mtype819.a(stimer.o)
                0x0000000000023464                stimer_set
                0x0000000000023482                stimer_reset
                0x00000000000234af                stimer_restart
                0x00000000000234c4                stimer_expired
                0x00000000000234ef                stimer_remaining
                0x0000000000023513                stimer_elapsed
 .text          0x000000000002352b      0x156 build/cooja/mtype819.a(ringbuf.o)
                0x000000000002352b                ringbuf_init
                0x000000000002355d                ringbuf_put
                0x00000000000235db                ringbuf_get
                0x0000000000023648                ringbuf_size
                0x000000000002365a                ringbuf_elements
 .text          0x0000000000023681       0x1f build/cooja/mtype819.a(assert.o)
                0x0000000000023681                _xassert
 .text          0x00000000000236a0      0x79b build/cooja/mtype819.a(nbr-table.o)
                0x0000000000023b19                nbr_table_register
                0x0000000000023b86                nbr_table_is_registered
                0x0000000000023bc1                nbr_table_head
                0x0000000000023c1c                nbr_table_next
                0x0000000000023c7d                nbr_table_add_lladdr
                0x0000000000023d57                nbr_table_get_from_lladdr
                0x0000000000023da3                nbr_table_remove
                0x0000000000023ddb                nbr_table_lock
                0x0000000000023df5                nbr_table_unlock
                0x0000000000023e0f                nbr_table_get_lladdr
 .text          0x0000000000023e3b      0x3a5 build/cooja/mtype819.a(link-stats.o)
                0x0000000000023e3b                link_stats_from_lladdr
                0x0000000000023e57                link_stats_get_lladdr
                0x0000000000023e73                link_stats_is_fresh
                0x0000000000023eaf                guess_etx_from_rssi
                0x0000000000023f2b                link_stats_packet_sent
                0x000000000002404b                link_stats_input_callback
                0x000000000002415b                link_stats_reset
                0x00000000000241ab                link_stats_init
 .text          0x00000000000241e0      0x187 build/cooja/mtype819.a(mac-sequence.o)
                0x00000000000241e0                mac_sequence_is_duplicate
                0x0000000000024280                mac_sequence_register_seqno
 .text          0x0000000000024367       0x23 build/cooja/mtype819.a(mac.o)
                0x0000000000024367                mac_call_sent_callback
 .text          0x000000000002438a      0x432 build/cooja/mtype819.a(framer-802154.o)
                0x0000000000024519                framer_802154_setup_params
 .text          0x00000000000247bc      0xb6f build/cooja/mtype819.a(frame802154.o)
                0x00000000000247ed                frame802154_get_pan_id
                0x00000000000247f9                frame802154_set_pan_id
                0x0000000000024813                frame802154_has_panid
                0x00000000000249c2                frame802154_check_dest_panid
                0x0000000000024a4a                frame802154_is_broadcast_addr
                0x0000000000024a97                frame802154_extract_linkaddr
                0x0000000000024cfc                frame802154_hdrlen
                0x0000000000024d6f                frame802154_create_fcf
                0x0000000000024e27                frame802154_create
                0x0000000000024f9c                frame802154_parse_fcf
                0x000000000002507e                frame802154_parse
 .text          0x000000000002532b       0x2d build/cooja/mtype819.a(csma-security.o)
                0x000000000002532b                csma_security_create_frame
                0x0000000000025349                csma_security_parse_frame
 .text          0x0000000000025358      0x4e4 build/cooja/mtype819.a(uipbuf.o)
                0x0000000000025358                uipbuf_clear
                0x000000000002537f                uipbuf_add_ext_hdr
                0x00000000000253ff                uipbuf_set_len
                0x000000000002542c                uipbuf_set_len_field
                0x0000000000025458                uipbuf_get_len_field
                0x0000000000025478                uipbuf_get_next_header
                0x00000000000255aa                uipbuf_get_last_header
                0x0000000000025623                uipbuf_search_header
                0x00000000000256d9                uipbuf_get_attr
                0x0000000000025700                uipbuf_set_attr
                0x0000000000025737                uipbuf_set_default_attr
                0x000000000002576e                uipbuf_clear_attr
                0x0000000000025792                uipbuf_set_attr_flag
                0x00000000000257b3                uipbuf_clr_attr_flag
                0x00000000000257da                uipbuf_is_attr_flag
                0x00000000000257fe                uipbuf_init
 .text          0x000000000002583c      0x73f build/cooja/mtype819.a(uip-icmp6.o)
                0x00000000000258b1                uip_icmp6_input
                0x0000000000025908                uip_icmp6_register_input_handler
                0x0000000000025a5b                uip_icmp6_error_output
                0x0000000000025d0c                uip_icmp6_send
                0x0000000000025f03                uip_icmp6_echo_reply_callback_add
                0x0000000000025f35                uip_icmp6_echo_reply_callback_rm
                0x0000000000025f52                uip_icmp6_init
 .text          0x0000000000025f7b      0x69b build/cooja/mtype819.a(uip-sr.o)
                0x0000000000025f7b                uip_sr_num_nodes
                0x0000000000026009                uip_sr_get_node
                0x0000000000026060                uip_sr_is_addr_reachable
                0x000000000002610e                uip_sr_expire_parent
                0x0000000000026157                uip_sr_update_node
                0x0000000000026287                uip_sr_init
                0x00000000000262bb                uip_sr_node_head
                0x00000000000262d4                uip_sr_node_next
                0x00000000000262ea                uip_sr_periodic
                0x00000000000263f0                uip_sr_free_all
                0x0000000000026460                uip_sr_link_snprint
 .text          0x0000000000026616      0x146 build/cooja/mtype819.a(uip-packetqueue)
                0x0000000000026644                uip_packetqueue_new
                0x0000000000026653                uip_packetqueue_alloc
                0x00000000000266ae                uip_packetqueue_free
                0x00000000000266f5                uip_packetqueue_buf
                0x0000000000026712                uip_packetqueue_buflen
                0x0000000000026733                uip_packetqueue_set_buflen
 .text          0x000000000002675c      0x1b0 build/cooja/mtype819.a(rpl-nbr-policy.)
                0x00000000000268c9                rpl_nbr_policy_find_removable
 .text          0x000000000002690c      0x915 build/cooja/mtype819.a(rpl-neighbor.o)
                0x0000000000026988                rpl_neighbor_snprint
                0x0000000000026c3b                rpl_neighbor_print_list
                0x0000000000026cf0                rpl_neighbor_count
                0x0000000000026d97                rpl_neighbor_get_from_lladdr
                0x0000000000026db3                rpl_neighbor_is_acceptable_parent
                0x0000000000026de7                rpl_neighbor_get_link_metric
                0x0000000000026e1b                rpl_neighbor_rank_via_nbr
                0x0000000000026e4f                rpl_neighbor_get_lladdr
                0x0000000000026e6b                rpl_neighbor_get_ipaddr
                0x0000000000026e92                rpl_neighbor_get_link_stats
                0x0000000000026eb9                rpl_neighbor_is_fresh
                0x0000000000026ee0                rpl_neighbor_is_reachable
                0x0000000000026f2b                rpl_neighbor_is_parent
                0x0000000000026f55                rpl_neighbor_set_preferred_parent
                0x0000000000026fec                rpl_neighbor_remove_all
                0x0000000000027048                rpl_neighbor_get_from_ipaddr
                0x0000000000027156                rpl_neighbor_select_best
                0x0000000000027202                rpl_neighbor_init
 .text          0x0000000000027221      0xe69 build/cooja/mtype819.a(rpl-dag.o)
                0x0000000000027221                rpl_dag_state_to_str
                0x0000000000027260                rpl_dag_get_root_ipaddr
                0x00000000000272a8                rpl_dag_leave
                0x0000000000027331                rpl_dag_poison_and_leave
                0x0000000000027349                rpl_dag_periodic
                0x00000000000273d1                rpl_is_addr_in_our_dag
                0x0000000000027415                rpl_get_default_instance
                0x0000000000027431                rpl_get_any_dag
                0x000000000002748a                rpl_refresh_routes
                0x00000000000274ca                rpl_global_repair
                0x0000000000027563                rpl_local_repair
                0x00000000000275ad                rpl_dag_ready_to_advertise
                0x00000000000275f0                rpl_dag_update_state
                0x0000000000027d1d                rpl_process_dio
                0x0000000000027d9b                rpl_process_dis
                0x0000000000027de0                rpl_process_dao
                0x0000000000027e6f                rpl_process_dao_ack
                0x0000000000027f06                rpl_process_hbh
                0x0000000000027f56                rpl_dag_init_root
                0x000000000002806a                rpl_dag_init
 .text          0x000000000002808a      0x9e7 build/cooja/mtype819.a(rpl-timers.o)
                0x000000000002808a                rpl_timers_schedule_periodic_dis
                0x00000000000281d8                rpl_timers_dio_reset
                0x00000000000282e6                rpl_timers_schedule_unicast_dio
                0x000000000002843a                rpl_timers_schedule_dao
                0x00000000000284f9                rpl_timers_schedule_dao_ack
                0x000000000002857f                rpl_timers_notify_dao_ack
                0x00000000000285dd                get_probing_delay
                0x0000000000028611                get_probing_target
                0x00000000000287fb                rpl_schedule_probing
                0x0000000000028829                rpl_schedule_probing_now
                0x0000000000028893                rpl_timers_unschedule_leaving
                0x00000000000288cb                rpl_timers_schedule_leaving
                0x000000000002890c                rpl_timers_init
                0x000000000002899c                rpl_timers_stop_dag_timers
                0x0000000000028a15                rpl_timers_unschedule_state_update
                0x0000000000028a39                rpl_timers_schedule_state_update
 .text          0x0000000000028a71      0xb8e build/cooja/mtype819.a(rpl-ext-header.)
                0x0000000000028a71                rpl_ext_header_srh_get_next_hop
                0x0000000000028b58                rpl_ext_header_srh_update
                0x00000000000290c4                rpl_ext_header_hbh_update
                0x00000000000293c4                rpl_ext_header_update
                0x000000000002944d                rpl_ext_header_remove
 .text          0x00000000000295ff      0x31b build/cooja/mtype819.a(rpl-mrhof.o)
 *fill*         0x000000000002991a        0x6 
 .text          0x0000000000029920      0x122 /usr/lib/gcc/i686-linux-gnu/5/libgcc.a(_udivdi3.o)
                0x0000000000029920                __udivdi3
 .text          0x0000000000029a42        0x0 /usr/lib/gcc/i686-linux-gnu/5/crtendS.o
 .text          0x0000000000029a42        0x0 /usr/lib/gcc/i686-linux-gnu/5/../../../i386-linux-gnu/crtn.o
 *(.gnu.warning)

.fini           0x0000000000029a44       0x14
 *(SORT(.fini))
 .fini          0x0000000000029a44        0xf /usr/lib/gcc/i686-linux-gnu/5/../../../i386-linux-gnu/crti.o
                0x0000000000029a44                _fini
 .fini          0x0000000000029a53        0x5 /usr/lib/gcc/i686-linux-gnu/5/../../../i386-linux-gnu/crtn.o
                [!provide]                        PROVIDE (__etext, .)
                [!provide]                        PROVIDE (_etext, .)
                [!provide]                        PROVIDE (etext, .)

.rodata         0x0000000000029a60      0xa6b
 *(.rodata .rodata.* .gnu.linkonce.r.*)
 .rodata        0x0000000000029a60       0x6a presence.o
                0x0000000000029a70                autostart_processes
 *fill*         0x0000000000029aca        0x2 
 .rodata        0x0000000000029acc        0x8 build/cooja/mtype819.a(beep.o)
                0x0000000000029acc                beep_interface
 .rodata        0x0000000000029ad4        0xe build/cooja/mtype819.a(leds-arch.o)
                0x0000000000029ad4                leds_interface
                0x0000000000029adc                leds_arch_leds
 *fill*         0x0000000000029ae2        0x2 
 .rodata        0x0000000000029ae4        0x8 build/cooja/mtype819.a(moteid.o)
                0x0000000000029ae4                moteid_interface
 .rodata        0x0000000000029aec       0x1c build/cooja/mtype819.a(pir-sensor.o)
                0x0000000000029aec                pir_interface
                0x0000000000029af8                pir_sensor
 .rodata        0x0000000000029b08        0xe build/cooja/mtype819.a(rs232.o)
                0x0000000000029b08                rs232_interface
 *fill*         0x0000000000029b16        0x2 
 .rodata        0x0000000000029b18       0x24 build/cooja/mtype819.a(vib-sensor.o)
                0x0000000000029b18                vib_interface
                0x0000000000029b2c                vib_sensor
 .rodata        0x0000000000029b3c        0x8 build/cooja/mtype819.a(clock.o)
                0x0000000000029b3c                clock_interface
 .rodata        0x0000000000029b44        0x8 build/cooja/mtype819.a(cooja-log.o)
                0x0000000000029b44                simlog_interface
 .rodata        0x0000000000029b4c       0x2f build/cooja/mtype819.a(cfs-cooja.o)
                0x0000000000029b4c                cfs_interface
 *fill*         0x0000000000029b7b        0x5 
 .rodata        0x0000000000029b80       0xb8 build/cooja/mtype819.a(cooja-radio.o)
                0x0000000000029b80                radio_interface
                0x0000000000029c00                cooja_radio_driver
 .rodata        0x0000000000029c38        0x8 build/cooja/mtype819.a(eeprom.o)
                0x0000000000029c38                eeprom_interface
 .rodata        0x0000000000029c40        0x8 build/cooja/mtype819.a(sensors.o)
 .rodata        0x0000000000029c48       0x2c build/cooja/mtype819.a(buttons.o)
                0x0000000000029c48                button_interface
                0x0000000000029c5c                button_hal_button_count
                0x0000000000029c64                button_sensor
 .rodata        0x0000000000029c74       0x3c build/cooja/mtype819.a(res-presence.o)
 .rodata        0x0000000000029cb0       0x41 build/cooja/mtype819.a(coap-engine.o)
 .rodata        0x0000000000029cf1       0x19 build/cooja/mtype819.a(coap-res-well-k)
 .rodata        0x0000000000029d0a       0x11 build/cooja/mtype819.a(coap-observe.o)
 .rodata        0x0000000000029d1b       0x35 build/cooja/mtype819.a(coap-uip.o)
 .rodata        0x0000000000029d50      0x1ac build/cooja/mtype819.a(coap.o)
 .rodata        0x0000000000029efc       0xf8 build/cooja/mtype819.a(contiki-main.o)
 .rodata        0x0000000000029ff4        0xf build/cooja/mtype819.a(ctimer.o)
 *fill*         0x000000000002a003        0x1 
 .rodata        0x000000000002a004       0xc4 build/cooja/mtype819.a(log.o)
 .rodata        0x000000000002a0c8        0xc build/cooja/mtype819.a(etimer.o)
 .rodata        0x000000000002a0d4       0x13 build/cooja/mtype819.a(button-hal.o)
 .rodata        0x000000000002a0e7        0xe build/cooja/mtype819.a(serial-line.o)
 *fill*         0x000000000002a0f5        0x3 
 .rodata        0x000000000002a0f8        0x8 build/cooja/mtype819.a(linkaddr.o)
                0x000000000002a0f8                linkaddr_null
 .rodata        0x000000000002a100       0x24 build/cooja/mtype819.a(csma.o)
                0x000000000002a108                csma_driver
 .rodata        0x000000000002a124       0x24 build/cooja/mtype819.a(csma-output.o)
 .rodata        0x000000000002a148       0xb9 build/cooja/mtype819.a(uip-ds6-route.o)
 .rodata        0x000000000002a201        0xd build/cooja/mtype819.a(tcpip.o)
 *fill*         0x000000000002a20e        0x2 
 .rodata        0x000000000002a210       0x30 build/cooja/mtype819.a(sicslowpan.o)
                0x000000000002a210                unc_llconf
                0x000000000002a214                unc_ctxconf
                0x000000000002a218                unc_mxconf
                0x000000000002a21c                llprefix
                0x000000000002a230                sicslowpan_driver
 .rodata        0x000000000002a240       0x2d build/cooja/mtype819.a(uiplib.o)
 *fill*         0x000000000002a26d       0x13 
 .rodata        0x000000000002a280       0x74 build/cooja/mtype819.a(rpl.o)
                0x000000000002a2a0                rpl_lite_driver
 .rodata        0x000000000002a2f4       0x20 build/cooja/mtype819.a(coap-timer-defa)
                0x000000000002a308                coap_timer_default_driver
 .rodata        0x000000000002a314       0x25 build/cooja/mtype819.a(assert.o)
 *fill*         0x000000000002a339        0x3 
 .rodata        0x000000000002a33c        0xc build/cooja/mtype819.a(framer-802154.o)
                0x000000000002a33c                framer_802154
 .rodata        0x000000000002a348       0x44 build/cooja/mtype819.a(uip-sr.o)
 .rodata        0x000000000002a38c       0x58 build/cooja/mtype819.a(rpl-neighbor.o)
 .rodata        0x000000000002a3e4       0xdb build/cooja/mtype819.a(rpl-dag.o)
 .rodata        0x000000000002a4bf        0xc build/cooja/mtype819.a(rpl-timers.o)

.rodata1
 *(.rodata1)

.eh_frame_hdr   0x000000000002a4cc     0x19ec
 *(.eh_frame_hdr)
 .eh_frame_hdr  0x000000000002a4cc     0x19ec presence.o
                0x000000000002a4cc                __GNU_EH_FRAME_HDR
 *(.eh_frame_entry .eh_frame_entry.*)

.eh_frame       0x000000000002beb8     0x6924
 *(.eh_frame)
 .eh_frame      0x000000000002beb8       0x3c /usr/lib/gcc/i686-linux-gnu/5/../../../i386-linux-gnu/crti.o
                                         0x40 (size before relaxing)
 .eh_frame      0x000000000002bef4       0x20 presence.o
                                         0x38 (size before relaxing)
 .eh_frame      0x000000000002bf14      0x178 build/cooja/mtype819.o
                                        0x190 (size before relaxing)
 .eh_frame      0x000000000002c08c       0x40 build/cooja/mtype819.a(simEnvChange.o)
                                         0x58 (size before relaxing)
 .eh_frame      0x000000000002c0cc       0x60 build/cooja/mtype819.a(cooja_mt.o)
                                         0x78 (size before relaxing)
 .eh_frame      0x000000000002c12c       0x80 build/cooja/mtype819.a(cooja_mtarch.o)
                                         0x98 (size before relaxing)
 .eh_frame      0x000000000002c1ac       0xc8 build/cooja/mtype819.a(rtimer-arch.o)
                                         0xe0 (size before relaxing)
 .eh_frame      0x000000000002c274      0x160 build/cooja/mtype819.a(beep.o)
                                        0x178 (size before relaxing)
 .eh_frame      0x000000000002c3d4       0x80 build/cooja/mtype819.a(leds-arch.o)
                                         0x98 (size before relaxing)
 .eh_frame      0x000000000002c454       0x40 build/cooja/mtype819.a(moteid.o)
                                         0x58 (size before relaxing)
 .eh_frame      0x000000000002c494       0xa0 build/cooja/mtype819.a(pir-sensor.o)
                                         0xb8 (size before relaxing)
 .eh_frame      0x000000000002c534      0x100 build/cooja/mtype819.a(rs232.o)
                                        0x118 (size before relaxing)
 .eh_frame      0x000000000002c634       0xa0 build/cooja/mtype819.a(vib-sensor.o)
                                         0xb8 (size before relaxing)
 .eh_frame      0x000000000002c6d4       0xc0 build/cooja/mtype819.a(clock.o)
                                         0xd8 (size before relaxing)
 .eh_frame      0x000000000002c794      0x120 build/cooja/mtype819.a(cooja-log.o)
                                        0x138 (size before relaxing)
 .eh_frame      0x000000000002c8b4      0x160 build/cooja/mtype819.a(cfs-cooja.o)
                                        0x178 (size before relaxing)
 .eh_frame      0x000000000002ca14      0x340 build/cooja/mtype819.a(cooja-radio.o)
                                        0x358 (size before relaxing)
 .eh_frame      0x000000000002cd54       0xa0 build/cooja/mtype819.a(eeprom.o)
                                         0xb8 (size before relaxing)
 .eh_frame      0x000000000002cdf4       0x40 build/cooja/mtype819.a(random.o)
                                         0x58 (size before relaxing)
 .eh_frame      0x000000000002ce34       0xc0 build/cooja/mtype819.a(sensors.o)
                                         0xd8 (size before relaxing)
 .eh_frame      0x000000000002cef4      0x120 build/cooja/mtype819.a(leds.o)
                                        0x138 (size before relaxing)
 .eh_frame      0x000000000002d014      0x220 build/cooja/mtype819.a(gpio-hal-arch.o)
                                        0x238 (size before relaxing)
 .eh_frame      0x000000000002d234       0xa0 build/cooja/mtype819.a(buttons.o)
                                         0xb8 (size before relaxing)
 .eh_frame      0x000000000002d2d4       0x40 build/cooja/mtype819.a(res-presence.o)
                                         0x58 (size before relaxing)
 .eh_frame      0x000000000002d314      0x220 build/cooja/mtype819.a(coap-engine.o)
                                        0x238 (size before relaxing)
 .eh_frame      0x000000000002d534       0x24 build/cooja/mtype819.a(coap-res-well-k)
                                         0x3c (size before relaxing)
 .eh_frame      0x000000000002d558      0x188 build/cooja/mtype819.a(coap-observe.o)
                                        0x1a0 (size before relaxing)
 .eh_frame      0x000000000002d6e0      0x250 build/cooja/mtype819.a(coap-uip.o)
                                        0x268 (size before relaxing)
 .eh_frame      0x000000000002d930      0x114 build/cooja/mtype819.a(coap-timer.o)
                                        0x12c (size before relaxing)
 .eh_frame      0x000000000002da44      0x100 build/cooja/mtype819.a(coap-transactio)
                                        0x118 (size before relaxing)
 .eh_frame      0x000000000002db44      0x6ec build/cooja/mtype819.a(coap.o)
                                        0x704 (size before relaxing)
 .eh_frame      0x000000000002e230       0x30 build/cooja/mtype819.a(contiki-main.o)
                                         0x48 (size before relaxing)
 .eh_frame      0x000000000002e260       0x40 build/cooja/mtype819.a(autostart.o)
                                         0x58 (size before relaxing)
 .eh_frame      0x000000000002e2a0      0x100 build/cooja/mtype819.a(ctimer.o)
                                        0x118 (size before relaxing)
 .eh_frame      0x000000000002e3a0      0x100 build/cooja/mtype819.a(log.o)
                                        0x118 (size before relaxing)
 .eh_frame      0x000000000002e4a0       0x60 build/cooja/mtype819.a(energest.o)
                                         0x78 (size before relaxing)
 .eh_frame      0x000000000002e500      0x1e0 build/cooja/mtype819.a(etimer.o)
                                        0x1f8 (size before relaxing)
 .eh_frame      0x000000000002e6e0       0x20 build/cooja/mtype819.a(node-id.o)
                                         0x38 (size before relaxing)
 .eh_frame      0x000000000002e700       0x60 build/cooja/mtype819.a(rtimer.o)
                                         0x78 (size before relaxing)
 .eh_frame      0x000000000002e760      0x1c4 build/cooja/mtype819.a(process.o)
                                        0x1dc (size before relaxing)
 .eh_frame      0x000000000002e924       0xa4 build/cooja/mtype819.a(timer.o)
                                         0xbc (size before relaxing)
 .eh_frame      0x000000000002e9c8      0x1a0 build/cooja/mtype819.a(list.o)
                                        0x1b8 (size before relaxing)
 .eh_frame      0x000000000002eb68       0xa0 build/cooja/mtype819.a(memb.o)
                                         0xb8 (size before relaxing)
 .eh_frame      0x000000000002ec08      0x144 build/cooja/mtype819.a(button-hal.o)
                                        0x15c (size before relaxing)
 .eh_frame      0x000000000002ed4c       0x60 build/cooja/mtype819.a(serial-line.o)
                                         0x78 (size before relaxing)
 .eh_frame      0x000000000002edac       0xe0 build/cooja/mtype819.a(gpio-hal.o)
                                         0xf8 (size before relaxing)
 .eh_frame      0x000000000002ee8c      0x1a0 build/cooja/mtype819.a(queuebuf.o)
                                        0x1b8 (size before relaxing)
 .eh_frame      0x000000000002f02c      0x28c build/cooja/mtype819.a(packetbuf.o)
                                        0x2a4 (size before relaxing)
 .eh_frame      0x000000000002f2b8       0x80 build/cooja/mtype819.a(netstack.o)
                                         0x98 (size before relaxing)
 .eh_frame      0x000000000002f338       0x60 build/cooja/mtype819.a(linkaddr.o)
                                         0x78 (size before relaxing)
 .eh_frame      0x000000000002f398       0xe0 build/cooja/mtype819.a(csma.o)
                                         0xf8 (size before relaxing)
 .eh_frame      0x000000000002f478      0x1d0 build/cooja/mtype819.a(csma-output.o)
                                        0x1e8 (size before relaxing)
 .eh_frame      0x000000000002f648      0x328 build/cooja/mtype819.a(uip-ds6.o)
                                        0x340 (size before relaxing)
 .eh_frame      0x000000000002f970       0x40 build/cooja/mtype819.a(uip-udp-packet.)
                                         0x58 (size before relaxing)
 .eh_frame      0x000000000002f9b0      0x2e0 build/cooja/mtype819.a(uip-ds6-route.o)
                                        0x2f8 (size before relaxing)
 .eh_frame      0x000000000002fc90      0x244 build/cooja/mtype819.a(tcpip.o)
                                        0x25c (size before relaxing)
 .eh_frame      0x000000000002fed4      0x1e8 build/cooja/mtype819.a(uip6.o)
                                        0x200 (size before relaxing)
 .eh_frame      0x00000000000300bc      0x1c0 build/cooja/mtype819.a(uip-ds6-nbr.o)
                                        0x1d8 (size before relaxing)
 .eh_frame      0x000000000003027c       0x84 build/cooja/mtype819.a(uip-nd6.o)
                                         0x9c (size before relaxing)
 .eh_frame      0x0000000000030300      0x2f8 build/cooja/mtype819.a(sicslowpan.o)
                                        0x310 (size before relaxing)
 .eh_frame      0x00000000000305f8       0x88 build/cooja/mtype819.a(uiplib.o)
                                         0xa0 (size before relaxing)
 .eh_frame      0x0000000000030680      0x1e0 build/cooja/mtype819.a(rpl.o)
                                        0x1f8 (size before relaxing)
 .eh_frame      0x0000000000030860      0x1c4 build/cooja/mtype819.a(rpl-icmp6.o)
                                        0x1dc (size before relaxing)
 .eh_frame      0x0000000000030a24       0xa0 build/cooja/mtype819.a(rpl-dag-root.o)
                                         0xb8 (size before relaxing)
 .eh_frame      0x0000000000030ac4       0xa0 build/cooja/mtype819.a(watchdog.o)
                                         0xb8 (size before relaxing)
 .eh_frame      0x0000000000030b64       0x80 build/cooja/mtype819.a(int-master.o)
                                         0x98 (size before relaxing)
 .eh_frame      0x0000000000030be4       0xa4 build/cooja/mtype819.a(coap-timer-defa)
                                         0xbc (size before relaxing)
 .eh_frame      0x0000000000030c88       0xc4 build/cooja/mtype819.a(stimer.o)
                                         0xdc (size before relaxing)
 .eh_frame      0x0000000000030d4c       0xa0 build/cooja/mtype819.a(ringbuf.o)
                                         0xb8 (size before relaxing)
 .eh_frame      0x0000000000030dec       0x20 build/cooja/mtype819.a(assert.o)
                                         0x38 (size before relaxing)
 .eh_frame      0x0000000000030e0c      0x2ac build/cooja/mtype819.a(nbr-table.o)
                                        0x2c4 (size before relaxing)
 .eh_frame      0x00000000000310b8      0x120 build/cooja/mtype819.a(link-stats.o)
                                        0x138 (size before relaxing)
 .eh_frame      0x00000000000311d8       0x48 build/cooja/mtype819.a(mac-sequence.o)
                                         0x60 (size before relaxing)
 .eh_frame      0x0000000000031220       0x20 build/cooja/mtype819.a(mac.o)
                                         0x38 (size before relaxing)
 .eh_frame      0x0000000000031240       0xa4 build/cooja/mtype819.a(framer-802154.o)
                                         0xbc (size before relaxing)
 .eh_frame      0x00000000000312e4      0x1a4 build/cooja/mtype819.a(frame802154.o)
                                        0x1bc (size before relaxing)
 .eh_frame      0x0000000000031488       0x40 build/cooja/mtype819.a(csma-security.o)
                                         0x58 (size before relaxing)
 .eh_frame      0x00000000000314c8      0x200 build/cooja/mtype819.a(uipbuf.o)
                                        0x218 (size before relaxing)
 .eh_frame      0x00000000000316c8      0x150 build/cooja/mtype819.a(uip-icmp6.o)
                                        0x168 (size before relaxing)
 .eh_frame      0x0000000000031818      0x184 build/cooja/mtype819.a(uip-sr.o)
                                        0x19c (size before relaxing)
 .eh_frame      0x000000000003199c       0xe0 build/cooja/mtype819.a(uip-packetqueue)
                                         0xf8 (size before relaxing)
 .eh_frame      0x0000000000031a7c       0x80 build/cooja/mtype819.a(rpl-nbr-policy.)
                                         0x98 (size before relaxing)
 .eh_frame      0x0000000000031afc      0x2d4 build/cooja/mtype819.a(rpl-neighbor.o)
                                        0x2ec (size before relaxing)
 .eh_frame      0x0000000000031dd0      0x370 build/cooja/mtype819.a(rpl-dag.o)
                                        0x388 (size before relaxing)
 .eh_frame      0x0000000000032140      0x3a8 build/cooja/mtype819.a(rpl-timers.o)
                                        0x3c0 (size before relaxing)
 .eh_frame      0x00000000000324e8      0x124 build/cooja/mtype819.a(rpl-ext-header.)
                                        0x13c (size before relaxing)
 .eh_frame      0x000000000003260c      0x148 build/cooja/mtype819.a(rpl-mrhof.o)
                                        0x160 (size before relaxing)
 .eh_frame      0x0000000000032754       0x84 /usr/lib/gcc/i686-linux-gnu/5/libgcc.a(_udivdi3.o)
                                         0x9c (size before relaxing)
 .eh_frame      0x00000000000327d8        0x4 /usr/lib/gcc/i686-linux-gnu/5/crtendS.o
 *(.eh_frame.*)

.gcc_except_table
 *(.gcc_except_table .gcc_except_table.*)

.gnu_extab
 *(.gnu_extab*)

.exception_ranges
 *(.exception_ranges .exception_ranges*)
                0x0000000000033f10                . = DATA_SEGMENT_ALIGN (0x1000, 0x1000)

.eh_frame
 *(.eh_frame)
 *(.eh_frame.*)

.gnu_extab
 *(.gnu_extab)

.gcc_except_table
 *(.gcc_except_table .gcc_except_table.*)

.exception_ranges
 *(.exception_ranges .exception_ranges*)

.tdata
 *(.tdata .tdata.* .gnu.linkonce.td.*)

.tbss
 *(.tbss .tbss.* .gnu.linkonce.tb.*)
 *(.tcommon)

.preinit_array
 *(.preinit_array)

.init_array     0x0000000000033f10        0x4
 *(SORT(.init_array.*) SORT(.ctors.*))
 *(.init_array EXCLUDE_FILE(*crtend?.o *crtend.o *crtbegin?.o *crtbegin.o) .ctors)
 .init_array    0x0000000000033f10        0x4 /usr/lib/gcc/i686-linux-gnu/5/crtbeginS.o

.fini_array     0x0000000000033f14        0x4
 *(SORT(.fini_array.*) SORT(.dtors.*))
 *(.fini_array EXCLUDE_FILE(*crtend?.o *crtend.o *crtbegin?.o *crtbegin.o) .dtors)
 .fini_array    0x0000000000033f14        0x4 /usr/lib/gcc/i686-linux-gnu/5/crtbeginS.o

.ctors
 *crtbegin.o(.ctors)
 *crtbegin?.o(.ctors)
 *(EXCLUDE_FILE(*crtend?.o *crtend.o) .ctors)
 *(SORT(.ctors.*))
 *(.ctors)

.dtors
 *crtbegin.o(.dtors)
 *crtbegin?.o(.dtors)
 *(EXCLUDE_FILE(*crtend?.o *crtend.o) .dtors)
 *(SORT(.dtors.*))
 *(.dtors)

.jcr            0x0000000000033f18        0x4
 *(.jcr)
 .jcr           0x0000000000033f18        0x0 /usr/lib/gcc/i686-linux-gnu/5/crtbeginS.o
 .jcr           0x0000000000033f18        0x4 /usr/lib/gcc/i686-linux-gnu/5/crtendS.o

.data.rel.ro
 *(.data.rel.ro.local* .gnu.linkonce.d.rel.ro.local.*)
 *(.data.rel.ro .data.rel.ro.* .gnu.linkonce.d.rel.ro.*)

.dynamic        0x0000000000033f1c       0xd0
 *(.dynamic)
 .dynamic       0x0000000000033f1c       0xd0 /usr/lib/gcc/i686-linux-gnu/5/../../../i386-linux-gnu/crti.o
                0x0000000000033f1c                _DYNAMIC

.got            0x0000000000033fec       0x14
 *(.got)
 .got           0x0000000000033fec       0x14 /usr/lib/gcc/i686-linux-gnu/5/../../../i386-linux-gnu/crti.o
 *(.igot)
                0x0000000000034ff4                . = DATA_SEGMENT_RELRO_END (., (SIZEOF (.got.plt) >= 0xc)?0xc:0x0)

.got.plt        0x0000000000034000        0xc
 *(.got.plt)
 .got.plt       0x0000000000034000        0xc /usr/lib/gcc/i686-linux-gnu/5/../../../i386-linux-gnu/crti.o
                0x0000000000034000                _GLOBAL_OFFSET_TABLE_
 *(.igot.plt)

.data           0x0000000000034020      0x484
 *(.data .data.* .gnu.linkonce.d.*)
 .data          0x0000000000034020        0x0 /usr/lib/gcc/i686-linux-gnu/5/../../../i386-linux-gnu/crti.o
 .data          0x0000000000034020        0x0 /usr/lib/gcc/i686-linux-gnu/5/crtbeginS.o
 .data.rel.local
                0x0000000000034020        0x4 /usr/lib/gcc/i686-linux-gnu/5/crtbeginS.o
                0x0000000000034020                __dso_handle
 .data          0x0000000000034024       0x10 presence.o
                0x0000000000034024                presence_server
 *fill*         0x0000000000034034        0xc 
 .data          0x0000000000034040       0x44 build/cooja/mtype819.o
                0x0000000000034040                simInterfaces
                0x0000000000034074                sensors
 .data          0x0000000000034084        0x0 build/cooja/mtype819.a(simEnvChange.o)
 .data          0x0000000000034084        0x0 build/cooja/mtype819.a(cooja_mt.o)
 .data          0x0000000000034084        0x0 build/cooja/mtype819.a(cooja_mtarch.o)
 .data          0x0000000000034084        0x0 build/cooja/mtype819.a(rtimer-arch.o)
 .data          0x0000000000034084        0x0 build/cooja/mtype819.a(beep.o)
 .data          0x0000000000034084        0x0 build/cooja/mtype819.a(leds-arch.o)
 .data          0x0000000000034084        0x0 build/cooja/mtype819.a(moteid.o)
 .data          0x0000000000034084        0x0 build/cooja/mtype819.a(pir-sensor.o)
 .data          0x0000000000034084        0x0 build/cooja/mtype819.a(rs232.o)
 .data          0x0000000000034084        0x0 build/cooja/mtype819.a(vib-sensor.o)
 .data          0x0000000000034084        0x0 build/cooja/mtype819.a(clock.o)
 .data          0x0000000000034084        0x0 build/cooja/mtype819.a(cooja-log.o)
 .data          0x0000000000034084        0x0 build/cooja/mtype819.a(cfs-cooja.o)
 .data          0x0000000000034084       0x2c build/cooja/mtype819.a(cooja-radio.o)
                0x0000000000034084                simRadioHWOn
                0x0000000000034088                simSignalStrength
                0x000000000003408c                simLastSignalStrength
                0x0000000000034090                simPower
                0x0000000000034094                simRadioChannel
                0x0000000000034098                simLQI
                0x00000000000340a0                cooja_radio_process
 .data          0x00000000000340b0        0x0 build/cooja/mtype819.a(eeprom.o)
 .data          0x00000000000340b0        0x0 build/cooja/mtype819.a(random.o)
 .data          0x00000000000340b0       0x10 build/cooja/mtype819.a(sensors.o)
                0x00000000000340b0                sensors_process
 .data          0x00000000000340c0        0x0 build/cooja/mtype819.a(leds.o)
 .data          0x00000000000340c0        0x0 build/cooja/mtype819.a(gpio-hal-arch.o)
 .data          0x00000000000340c0       0x78 build/cooja/mtype819.a(buttons.o)
                0x00000000000340c0                simButtonIsActive
                0x0000000000034130                button_hal_buttons
 *fill*         0x0000000000034138        0x8 
 .data          0x0000000000034140       0x24 build/cooja/mtype819.a(res-presence.o)
                0x0000000000034140                res_presence
 .data          0x0000000000034164        0x8 build/cooja/mtype819.a(coap-engine.o)
 *fill*         0x000000000003416c       0x14 
 .data          0x0000000000034180       0x24 build/cooja/mtype819.a(coap-res-well-k)
                0x0000000000034180                res_well_known_core
 .data          0x00000000000341a4       0x10 build/cooja/mtype819.a(coap-observe.o)
 .data          0x00000000000341b4       0x10 build/cooja/mtype819.a(coap-uip.o)
                0x00000000000341b4                coap_engine
 .data          0x00000000000341c4        0x4 build/cooja/mtype819.a(coap-timer.o)
 .data          0x00000000000341c8       0x10 build/cooja/mtype819.a(coap-transactio)
 .data          0x00000000000341d8        0x4 build/cooja/mtype819.a(coap.o)
                0x00000000000341d8                coap_error_message
 .data          0x00000000000341dc        0x0 build/cooja/mtype819.a(contiki-main.o)
 .data          0x00000000000341dc        0x0 build/cooja/mtype819.a(autostart.o)
 .data          0x00000000000341dc       0x14 build/cooja/mtype819.a(ctimer.o)
                0x00000000000341e0                ctimer_process
 *fill*         0x00000000000341f0       0x10 
 .data          0x0000000000034200       0xbc build/cooja/mtype819.a(log.o)
                0x0000000000034200                curr_log_level_main
                0x0000000000034220                all_modules
 .data          0x00000000000342bc        0x0 build/cooja/mtype819.a(energest.o)
 .data          0x00000000000342bc       0x10 build/cooja/mtype819.a(etimer.o)
                0x00000000000342bc                etimer_process
 .data          0x00000000000342cc        0x0 build/cooja/mtype819.a(node-id.o)
 .data          0x00000000000342cc        0x0 build/cooja/mtype819.a(rtimer.o)
 .data          0x00000000000342cc        0x0 build/cooja/mtype819.a(process.o)
 .data          0x00000000000342cc        0x0 build/cooja/mtype819.a(timer.o)
 .data          0x00000000000342cc        0x0 build/cooja/mtype819.a(list.o)
 .data          0x00000000000342cc        0x0 build/cooja/mtype819.a(memb.o)
 .data          0x00000000000342cc       0x10 build/cooja/mtype819.a(button-hal.o)
                0x00000000000342cc                button_hal_process
 .data          0x00000000000342dc       0x10 build/cooja/mtype819.a(serial-line.o)
                0x00000000000342dc                serial_line_process
 .data          0x00000000000342ec        0x4 build/cooja/mtype819.a(gpio-hal.o)
 .data          0x00000000000342f0       0x18 build/cooja/mtype819.a(queuebuf.o)
 .data          0x0000000000034308        0x4 build/cooja/mtype819.a(packetbuf.o)
 .data          0x000000000003430c        0x4 build/cooja/mtype819.a(netstack.o)
 .data          0x0000000000034310        0x0 build/cooja/mtype819.a(linkaddr.o)
 .data          0x0000000000034310        0x0 build/cooja/mtype819.a(csma.o)
 .data          0x0000000000034310       0x28 build/cooja/mtype819.a(csma-output.o)
 .data          0x0000000000034338        0x0 build/cooja/mtype819.a(uip-ds6.o)
 .data          0x0000000000034338        0x0 build/cooja/mtype819.a(uip-udp-packet.)
 .data          0x0000000000034338       0x44 build/cooja/mtype819.a(uip-ds6-route.o)
                0x0000000000034348                nbr_routes
 .data          0x000000000003437c       0x10 build/cooja/mtype819.a(tcpip.o)
                0x000000000003437c                tcpip_process
 .data          0x000000000003438c        0x0 build/cooja/mtype819.a(uip6.o)
 .data          0x000000000003438c       0x14 build/cooja/mtype819.a(uip-ds6-nbr.o)
 .data          0x00000000000343a0        0xc build/cooja/mtype819.a(uip-nd6.o)
 .data          0x00000000000343ac        0x0 build/cooja/mtype819.a(sicslowpan.o)
 .data          0x00000000000343ac        0x0 build/cooja/mtype819.a(uiplib.o)
 .data          0x00000000000343ac        0x0 build/cooja/mtype819.a(rpl.o)
 .data          0x00000000000343ac       0x30 build/cooja/mtype819.a(rpl-icmp6.o)
 .data          0x00000000000343dc        0x0 build/cooja/mtype819.a(rpl-dag-root.o)
 .data          0x00000000000343dc        0x0 build/cooja/mtype819.a(watchdog.o)
 .data          0x00000000000343dc        0x0 build/cooja/mtype819.a(int-master.o)
 .data          0x00000000000343dc       0x10 build/cooja/mtype819.a(coap-timer-defa)
                0x00000000000343dc                coap_timer_process
 .data          0x00000000000343ec        0x0 build/cooja/mtype819.a(stimer.o)
 .data          0x00000000000343ec        0x0 build/cooja/mtype819.a(ringbuf.o)
 .data          0x00000000000343ec        0x0 build/cooja/mtype819.a(assert.o)
 .data          0x00000000000343ec       0x10 build/cooja/mtype819.a(nbr-table.o)
 .data          0x00000000000343fc       0x14 build/cooja/mtype819.a(link-stats.o)
 .data          0x0000000000034410        0x0 build/cooja/mtype819.a(mac-sequence.o)
 .data          0x0000000000034410        0x0 build/cooja/mtype819.a(mac.o)
 .data          0x0000000000034410        0x0 build/cooja/mtype819.a(framer-802154.o)
 .data          0x0000000000034410        0x2 build/cooja/mtype819.a(frame802154.o)
 .data          0x0000000000034412        0x0 build/cooja/mtype819.a(csma-security.o)
 .data          0x0000000000034412        0x0 build/cooja/mtype819.a(uipbuf.o)
 *fill*         0x0000000000034412        0x2 
 .data          0x0000000000034414       0x20 build/cooja/mtype819.a(uip-icmp6.o)
 .data          0x0000000000034434       0x10 build/cooja/mtype819.a(uip-sr.o)
 .data          0x0000000000034444        0xc build/cooja/mtype819.a(uip-packetqueue)
 .data          0x0000000000034450        0x0 build/cooja/mtype819.a(rpl-nbr-policy.)
 .data          0x0000000000034450       0x14 build/cooja/mtype819.a(rpl-neighbor.o)
                0x0000000000034460                rpl_neighbors
 .data          0x0000000000034464        0x0 build/cooja/mtype819.a(rpl-dag.o)
 .data          0x0000000000034464        0x0 build/cooja/mtype819.a(rpl-timers.o)
 .data          0x0000000000034464        0x0 build/cooja/mtype819.a(rpl-ext-header.)
 *fill*         0x0000000000034464       0x1c 
 .data          0x0000000000034480       0x24 build/cooja/mtype819.a(rpl-mrhof.o)
                0x0000000000034480                rpl_mrhof
 .data          0x00000000000344a4        0x0 /usr/lib/gcc/i686-linux-gnu/5/libgcc.a(_udivdi3.o)
 .data          0x00000000000344a4        0x0 /usr/lib/gcc/i686-linux-gnu/5/crtendS.o
 .data          0x00000000000344a4        0x0 /usr/lib/gcc/i686-linux-gnu/5/../../../i386-linux-gnu/crtn.o

.tm_clone_table
                0x00000000000344a4        0x0
 .tm_clone_table
                0x00000000000344a4        0x0 /usr/lib/gcc/i686-linux-gnu/5/crtbeginS.o
 .tm_clone_table
                0x00000000000344a4        0x0 /usr/lib/gcc/i686-linux-gnu/5/crtendS.o

.data1
 *(.data1)
                0x00000000000344a4                _edata = .
                [!provide]                        PROVIDE (edata, .)
                0x00000000000344a4                . = .
                0x00000000000344a4                __bss_start = .

.bss            0x00000000000344c0     0xf124
 *(.dynbss)
 .dynbss        0x00000000000344c0        0x0 /usr/lib/gcc/i686-linux-gnu/5/../../../i386-linux-gnu/crti.o
 *(.bss .bss.* .gnu.linkonce.b.*)
 .bss           0x00000000000344c0        0x0 /usr/lib/gcc/i686-linux-gnu/5/../../../i386-linux-gnu/crti.o
 .bss           0x00000000000344c0        0x1 /usr/lib/gcc/i686-linux-gnu/5/crtbeginS.o
 .bss           0x00000000000344c1        0x0 presence.o
 *fill*         0x00000000000344c1       0x1f 
 .bss           0x00000000000344e0     0x2030 build/cooja/mtype819.o
 .bss           0x0000000000036510        0x1 build/cooja/mtype819.a(simEnvChange.o)
                0x0000000000036510                simDontFallAsleep
 *fill*         0x0000000000036511        0x3 
 .bss           0x0000000000036514        0x4 build/cooja/mtype819.a(cooja_mt.o)
 .bss           0x0000000000036518        0x4 build/cooja/mtype819.a(cooja_mtarch.o)
 .bss           0x000000000003651c        0x0 build/cooja/mtype819.a(rtimer-arch.o)
 .bss           0x000000000003651c        0x0 build/cooja/mtype819.a(beep.o)
 .bss           0x000000000003651c        0x1 build/cooja/mtype819.a(leds-arch.o)
                0x000000000003651c                simLedsValue
 .bss           0x000000000003651d        0x0 build/cooja/mtype819.a(moteid.o)
 .bss           0x000000000003651d        0x1 build/cooja/mtype819.a(pir-sensor.o)
                0x000000000003651d                simPirValue
 *fill*         0x000000000003651e        0x2 
 .bss           0x0000000000036520        0x4 build/cooja/mtype819.a(rs232.o)
 .bss           0x0000000000036524        0x1 build/cooja/mtype819.a(vib-sensor.o)
                0x0000000000036524                simVibValue
 .bss           0x0000000000036525        0x0 build/cooja/mtype819.a(clock.o)
 *fill*         0x0000000000036525       0x1b 
 .bss           0x0000000000036540     0x2020 build/cooja/mtype819.a(cooja-log.o)
 .bss           0x0000000000038560      0xfc0 build/cooja/mtype819.a(cfs-cooja.o)
                0x0000000000038560                simCFSData
                0x0000000000039500                simCFSSize
                0x0000000000039504                simCFSChanged
                0x0000000000039508                simCFSRead
                0x000000000003950c                simCFSWritten
 .bss           0x0000000000039520       0x24 build/cooja/mtype819.a(cooja-radio.o)
                0x0000000000039520                simReceiving
                0x0000000000039524                simInSize
                0x0000000000039528                simLastPacketTimestamp
                0x0000000000039530                simOutSize
 .bss           0x0000000000039544        0xc build/cooja/mtype819.a(eeprom.o)
                0x0000000000039544                simEEPROMChanged
                0x0000000000039548                simEEPROMRead
                0x000000000003954c                simEEPROMWritten
 .bss           0x0000000000039550        0x0 build/cooja/mtype819.a(random.o)
 .bss           0x0000000000039550        0xc build/cooja/mtype819.a(sensors.o)
 .bss           0x000000000003955c        0x0 build/cooja/mtype819.a(leds.o)
 .bss           0x000000000003955c       0x24 build/cooja/mtype819.a(gpio-hal-arch.o)
 .bss           0x0000000000039580        0x0 build/cooja/mtype819.a(buttons.o)
 .bss           0x0000000000039580        0x4 build/cooja/mtype819.a(res-presence.o)
 *fill*         0x0000000000039584       0x1c 
 .bss           0x00000000000395a0      0x190 build/cooja/mtype819.a(coap-engine.o)
 .bss           0x0000000000039730        0x0 build/cooja/mtype819.a(coap-res-well-k)
 *fill*         0x0000000000039730       0x10 
 .bss           0x0000000000039740      0x120 build/cooja/mtype819.a(coap-observe.o)
 .bss           0x0000000000039860       0x18 build/cooja/mtype819.a(coap-uip.o)
 .bss           0x0000000000039878        0x5 build/cooja/mtype819.a(coap-timer.o)
 *fill*         0x000000000003987d        0x3 
 .bss           0x0000000000039880      0x334 build/cooja/mtype819.a(coap-transactio)
 .bss           0x0000000000039bb4        0x6 build/cooja/mtype819.a(coap.o)
                0x0000000000039bb4                coap_status_code
 .bss           0x0000000000039bba        0x0 build/cooja/mtype819.a(contiki-main.o)
 .bss           0x0000000000039bba        0x0 build/cooja/mtype819.a(autostart.o)
 *fill*         0x0000000000039bba        0x2 
 .bss           0x0000000000039bbc        0x5 build/cooja/mtype819.a(ctimer.o)
 *fill*         0x0000000000039bc1        0x3 
 .bss           0x0000000000039bc4       0x2c build/cooja/mtype819.a(log.o)
                0x0000000000039bc4                curr_log_level_rpl
                0x0000000000039bc8                curr_log_level_tcpip
                0x0000000000039bcc                curr_log_level_ipv6
                0x0000000000039bd0                curr_log_level_6lowpan
                0x0000000000039bd4                curr_log_level_nullnet
                0x0000000000039bd8                curr_log_level_mac
                0x0000000000039bdc                curr_log_level_framer
                0x0000000000039be0                curr_log_level_6top
                0x0000000000039be4                curr_log_level_coap
                0x0000000000039be8                curr_log_level_snmp
                0x0000000000039bec                curr_log_level_lwm2m
 .bss           0x0000000000039bf0        0x0 build/cooja/mtype819.a(energest.o)
 .bss           0x0000000000039bf0        0x8 build/cooja/mtype819.a(etimer.o)
 .bss           0x0000000000039bf8        0x2 build/cooja/mtype819.a(node-id.o)
                0x0000000000039bf8                node_id
 *fill*         0x0000000000039bfa        0x2 
 .bss           0x0000000000039bfc        0x4 build/cooja/mtype819.a(rtimer.o)
 .bss           0x0000000000039c00      0x1a1 build/cooja/mtype819.a(process.o)
                0x0000000000039c00                process_list
                0x0000000000039c04                process_current
 .bss           0x0000000000039da1        0x0 build/cooja/mtype819.a(timer.o)
 .bss           0x0000000000039da1        0x0 build/cooja/mtype819.a(list.o)
 .bss           0x0000000000039da1        0x0 build/cooja/mtype819.a(memb.o)
 *fill*         0x0000000000039da1        0x3 
 .bss           0x0000000000039da4       0x10 build/cooja/mtype819.a(button-hal.o)
 *fill*         0x0000000000039db4        0xc 
 .bss           0x0000000000039dc0      0x140 build/cooja/mtype819.a(serial-line.o)
 .bss           0x0000000000039f00        0x4 build/cooja/mtype819.a(gpio-hal.o)
 *fill*         0x0000000000039f04       0x1c 
 .bss           0x0000000000039f20     0x2c80 build/cooja/mtype819.a(queuebuf.o)
 .bss           0x000000000003cba0       0xa0 build/cooja/mtype819.a(packetbuf.o)
 .bss           0x000000000003cc40        0x4 build/cooja/mtype819.a(netstack.o)
 .bss           0x000000000003cc44        0x0 build/cooja/mtype819.a(linkaddr.o)
 .bss           0x000000000003cc44        0x0 build/cooja/mtype819.a(csma.o)
 *fill*         0x000000000003cc44       0x1c 
 .bss           0x000000000003cc60      0x726 build/cooja/mtype819.a(csma-output.o)
 *fill*         0x000000000003d386        0x2 
 .bss           0x000000000003d388       0x30 build/cooja/mtype819.a(uip-ds6.o)
 .bss           0x000000000003d3b8        0x0 build/cooja/mtype819.a(uip-udp-packet.)
 *fill*         0x000000000003d3b8        0x8 
 .bss           0x000000000003d3c0      0x2a4 build/cooja/mtype819.a(uip-ds6-route.o)
 .bss           0x000000000003d664       0x10 build/cooja/mtype819.a(tcpip.o)
 .bss           0x000000000003d674        0x8 build/cooja/mtype819.a(uip6.o)
                0x000000000003d674                uip_ext_bitmap
                0x000000000003d676                uip_ext_len
                0x000000000003d678                uip_last_proto
 *fill*         0x000000000003d67c        0x4 
 .bss           0x000000000003d680       0xf0 build/cooja/mtype819.a(uip-ds6-nbr.o)
 .bss           0x000000000003d770       0x10 build/cooja/mtype819.a(uip-nd6.o)
 .bss           0x000000000003d780      0x724 build/cooja/mtype819.a(sicslowpan.o)
 .bss           0x000000000003dea4        0x0 build/cooja/mtype819.a(uiplib.o)
 .bss           0x000000000003dea4        0x1 build/cooja/mtype819.a(rpl.o)
 .bss           0x000000000003dea5        0x0 build/cooja/mtype819.a(rpl-icmp6.o)
 *fill*         0x000000000003dea5        0x3 
 .bss           0x000000000003dea8       0x11 build/cooja/mtype819.a(rpl-dag-root.o)
 .bss           0x000000000003deb9        0x0 build/cooja/mtype819.a(watchdog.o)
 *fill*         0x000000000003deb9        0x3 
 .bss           0x000000000003debc        0x4 build/cooja/mtype819.a(int-master.o)
 .bss           0x000000000003dec0       0x1c build/cooja/mtype819.a(coap-timer-defa)
 .bss           0x000000000003dedc        0x0 build/cooja/mtype819.a(stimer.o)
 .bss           0x000000000003dedc        0x0 build/cooja/mtype819.a(ringbuf.o)
 .bss           0x000000000003dedc        0x0 build/cooja/mtype819.a(assert.o)
 *fill*         0x000000000003dedc        0x4 
 .bss           0x000000000003dee0       0xdc build/cooja/mtype819.a(nbr-table.o)