Archive member included to satisfy reference by file (symbol)

build/cooja/mtype388.a(simEnvChange.o)
                              build/cooja/mtype388.o (simDontFallAsleep)
build/cooja/mtype388.a(cooja_mt.o)
                              build/cooja/mtype388.o (cooja_mt_start)
build/cooja/mtype388.a(cooja_mtarch.o)
                              build/cooja/mtype388.a(cooja_mt.o) (cooja_mtarch_start)
build/cooja/mtype388.a(rtimer-arch.o)
                              build/cooja/mtype388.o (rtimer_arch_check)
build/cooja/mtype388.a(beep.o)
                              build/cooja/mtype388.o (beep_interface)
build/cooja/mtype388.a(leds-arch.o)
                              build/cooja/mtype388.o (leds_interface)
build/cooja/mtype388.a(moteid.o)
                              build/cooja/mtype388.o (moteid_interface)
build/cooja/mtype388.a(pir-sensor.o)
                              build/cooja/mtype388.o (pir_interface)
build/cooja/mtype388.a(rs232.o)
                              build/cooja/mtype388.o (rs232_interface)
build/cooja/mtype388.a(vib-sensor.o)
                              build/cooja/mtype388.o (vib_interface)
build/cooja/mtype388.a(clock.o)
                              build/cooja/mtype388.o (clock_interface)
build/cooja/mtype388.a(cooja-log.o)
                              build/cooja/mtype388.o (simlog_interface)
build/cooja/mtype388.a(cfs-cooja.o)
                              build/cooja/mtype388.o (cfs_interface)
build/cooja/mtype388.a(cooja-radio.o)
                              build/cooja/mtype388.o (radio_interface)
build/cooja/mtype388.a(eeprom.o)
                              build/cooja/mtype388.o (eeprom_interface)
build/cooja/mtype388.a(random.o)
                              build/cooja/mtype388.a(moteid.o) (random_init)
build/cooja/mtype388.a(sensors.o)
                              build/cooja/mtype388.a(pir-sensor.o) (sensors_changed)
build/cooja/mtype388.a(leds.o)
                              build/cooja/mtype388.a(leds-arch.o) (leds_get)
build/cooja/mtype388.a(gpio-hal-arch.o)
                              build/cooja/mtype388.a(leds-arch.o) (gpio_hal_arch_register_pin_callback)
build/cooja/mtype388.a(buttons.o)
                              build/cooja/mtype388.o (button_interface)
build/cooja/mtype388.a(res-leds_temper)
                              temperature_actuator.o (res_leds_temperature)
build/cooja/mtype388.a(coap-engine.o)
                              temperature_actuator.o (coap_activate_resource)
build/cooja/mtype388.a(coap-res-well-k)
                              build/cooja/mtype388.a(coap-engine.o) (res_well_known_core)
build/cooja/mtype388.a(coap-observe.o)
                              build/cooja/mtype388.a(coap-engine.o) (coap_remove_observer_by_mid)
build/cooja/mtype388.a(coap-uip.o)
                              build/cooja/mtype388.a(coap-observe.o) (coap_endpoint_copy)
build/cooja/mtype388.a(coap-timer.o)
                              build/cooja/mtype388.a(coap-engine.o) (coap_timer_set)
build/cooja/mtype388.a(coap-transactio)
                              build/cooja/mtype388.a(coap-engine.o) (coap_send_transaction)
build/cooja/mtype388.a(coap.o)
                              build/cooja/mtype388.a(coap-engine.o) (coap_status_code)
build/cooja/mtype388.a(contiki-main.o)
                              build/cooja/mtype388.o (main)
build/cooja/mtype388.a(autostart.o)
                              build/cooja/mtype388.a(contiki-main.o) (autostart_start)
build/cooja/mtype388.a(ctimer.o)
                              build/cooja/mtype388.a(contiki-main.o) (ctimer_init)
build/cooja/mtype388.a(log.o)
                              build/cooja/mtype388.a(contiki-main.o) (curr_log_level_main)
build/cooja/mtype388.a(energest.o)
                              build/cooja/mtype388.a(contiki-main.o) (energest_init)
build/cooja/mtype388.a(etimer.o)
                              build/cooja/mtype388.a(contiki-main.o) (etimer_process)
build/cooja/mtype388.a(node-id.o)
                              build/cooja/mtype388.a(contiki-main.o) (node_id)
build/cooja/mtype388.a(rtimer.o)
                              build/cooja/mtype388.a(contiki-main.o) (rtimer_init)
build/cooja/mtype388.a(process.o)
                              build/cooja/mtype388.a(ctimer.o) (process_current)
build/cooja/mtype388.a(timer.o)
                              build/cooja/mtype388.a(etimer.o) (timer_set)
build/cooja/mtype388.a(list.o)
                              build/cooja/mtype388.a(coap-engine.o) (list_init)
build/cooja/mtype388.a(memb.o)
                              build/cooja/mtype388.a(coap-observe.o) (memb_alloc)
build/cooja/mtype388.a(button-hal.o)
                              build/cooja/mtype388.o (button_hal_init)
build/cooja/mtype388.a(serial-line.o)
                              build/cooja/mtype388.a(rs232.o) (serial_line_input_byte)
build/cooja/mtype388.a(gpio-hal.o)
                              build/cooja/mtype388.a(button-hal.o) (gpio_hal_register_handler)
[...]
Memory Configuration

Name             Origin             Length             Attributes
*default*        0x0000000000000000 0xffffffffffffffff

Linker script and memory map

LOAD /usr/lib/gcc/i686-linux-gnu/5/../../../i386-linux-gnu/crti.o
LOAD /usr/lib/gcc/i686-linux-gnu/5/crtbeginS.o
LOAD temperature_actuator.o
LOAD build/cooja/mtype388.o
LOAD build/cooja/mtype388.a
LOAD /usr/lib/gcc/i686-linux-gnu/5/libgcc.a
LOAD /usr/lib/gcc/i686-linux-gnu/5/libgcc_s.so
LOAD /usr/lib/gcc/i686-linux-gnu/5/../../../i386-linux-gnu/libc.so
START GROUP
LOAD /lib/i386-linux-gnu/libc.so.6
LOAD /usr/lib/i386-linux-gnu/libc_nonshared.a
LOAD /lib/i386-linux-gnu/ld-linux.so.2
END GROUP
LOAD /usr/lib/gcc/i686-linux-gnu/5/libgcc.a
LOAD /usr/lib/gcc/i686-linux-gnu/5/libgcc_s.so
LOAD /usr/lib/gcc/i686-linux-gnu/5/crtendS.o
LOAD /usr/lib/gcc/i686-linux-gnu/5/../../../i386-linux-gnu/crtn.o
                0x0000000000000114                . = (0x0 + SIZEOF_HEADERS)

.note.gnu.build-id
                0x0000000000000114       0x24
 *(.note.gnu.build-id)
 .note.gnu.build-id
                0x0000000000000114       0x24 /usr/lib/gcc/i686-linux-gnu/5/../../../i386-linux-gnu/crti.o

.hash
 *(.hash)

.gnu.hash       0x0000000000000138     0x158c
 *(.gnu.hash)
 .gnu.hash      0x0000000000000138     0x158c /usr/lib/gcc/i686-linux-gnu/5/../../../i386-linux-gnu/crti.o

.dynsym         0x00000000000016c4     0x2eb0
 *(.dynsym)
 .dynsym        0x00000000000016c4     0x2eb0 /usr/lib/gcc/i686-linux-gnu/5/../../../i386-linux-gnu/crti.o

.dynstr         0x0000000000004574     0x3696
 *(.dynstr)
 .dynstr        0x0000000000004574     0x3696 /usr/lib/gcc/i686-linux-gnu/5/../../../i386-linux-gnu/crti.o

.gnu.version    0x0000000000007c0a      0x5d6
 *(.gnu.version)
 .gnu.version   0x0000000000007c0a      0x5d6 /usr/lib/gcc/i686-linux-gnu/5/../../../i386-linux-gnu/crti.o

.gnu.version_d  0x00000000000081e0        0x0
 *(.gnu.version_d)
 .gnu.version_d
                0x00000000000081e0        0x0 /usr/lib/gcc/i686-linux-gnu/5/../../../i386-linux-gnu/crti.o

.gnu.version_r  0x00000000000081e0       0x40
 *(.gnu.version_r)
 .gnu.version_r
                0x00000000000081e0       0x40 /usr/lib/gcc/i686-linux-gnu/5/../../../i386-linux-gnu/crti.o

.rel.dyn        0x0000000000008220     0x92a0
 *(.rel.init)
 .rel.init      0x0000000000008220        0x0 /usr/lib/gcc/i686-linux-gnu/5/../../../i386-linux-gnu/crti.o
 *(.rel.text .rel.text.* .rel.gnu.linkonce.t.*)
 .rel.text      0x0000000000008220     0x88b0 /usr/lib/gcc/i686-linux-gnu/5/../../../i386-linux-gnu/crti.o
 *(.rel.fini)
 .rel.fini      0x0000000000010ad0        0x0 /usr/lib/gcc/i686-linux-gnu/5/../../../i386-linux-gnu/crti.o
 *(.rel.rodata .rel.rodata.* .rel.gnu.linkonce.r.*)
 .rel.rodata    0x0000000000010ad0      0x588 /usr/lib/gcc/i686-linux-gnu/5/../../../i386-linux-gnu/crti.o
 *(.rel.data.rel.ro .rel.data.rel.ro.* .rel.gnu.linkonce.d.rel.ro.*)
 *(.rel.data .rel.data.* .rel.gnu.linkonce.d.*)
 .rel.data.rel.local
                0x0000000000011058        0x8 /usr/lib/gcc/i686-linux-gnu/5/../../../i386-linux-gnu/crti.o
 .rel.data      0x0000000000011060      0x428 /usr/lib/gcc/i686-linux-gnu/5/../../../i386-linux-gnu/crti.o
 *(.rel.tdata .rel.tdata.* .rel.gnu.linkonce.td.*)
 *(.rel.tbss .rel.tbss.* .rel.gnu.linkonce.tb.*)
 *(.rel.ctors)
 *(.rel.dtors)
 *(.rel.got)
 .rel.got       0x0000000000011488       0x28 /usr/lib/gcc/i686-linux-gnu/5/../../../i386-linux-gnu/crti.o
 *(.rel.bss .rel.bss.* .rel.gnu.linkonce.b.*)
 *(.rel.ifunc)
 .rel.ifunc     0x00000000000114b0        0x0 /usr/lib/gcc/i686-linux-gnu/5/../../../i386-linux-gnu/crti.o
 .rel.fini_array
                0x00000000000114b0        0x8 /usr/lib/gcc/i686-linux-gnu/5/../../../i386-linux-gnu/crti.o
 .rel.init_array
                0x00000000000114b8        0x8 /usr/lib/gcc/i686-linux-gnu/5/../../../i386-linux-gnu/crti.o

.rel.plt        0x00000000000114c0        0x0
 *(.rel.plt)
 .rel.plt       0x00000000000114c0        0x0 /usr/lib/gcc/i686-linux-gnu/5/../../../i386-linux-gnu/crti.o
 *(.rel.iplt)

.init           0x00000000000114c0       0x23
 *(SORT(.init))
 .init          0x00000000000114c0       0x1e /usr/lib/gcc/i686-linux-gnu/5/../../../i386-linux-gnu/crti.o
                0x00000000000114c0                _init
 .init          0x00000000000114de        0x5 /usr/lib/gcc/i686-linux-gnu/5/../../../i386-linux-gnu/crtn.o

.plt            0x00000000000114f0       0x10
 *(.plt)
 .plt           0x00000000000114f0       0x10 /usr/lib/gcc/i686-linux-gnu/5/../../../i386-linux-gnu/crti.o
 *(.iplt)

.plt.got        0x0000000000011500       0x10
 *(.plt.got)
 .plt.got       0x0000000000011500       0x10 /usr/lib/gcc/i686-linux-gnu/5/../../../i386-linux-gnu/crti.o

.text           0x0000000000011510    0x18892
 *(.text.unlikely .text.*_unlikely .text.unlikely.*)
 .text.unlikely
                0x0000000000011510        0x0 /usr/lib/gcc/i686-linux-gnu/5/crtbeginS.o
 .text.unlikely
                0x0000000000011510        0x0 /usr/lib/gcc/i686-linux-gnu/5/libgcc.a(_udivdi3.o)
 *(.text.exit .text.exit.*)
 *(.text.startup .text.startup.*)
 *(.text.hot .text.hot.*)
 *(.text .stub .text.* .gnu.linkonce.t.*)
 .text          0x0000000000011510        0x0 /usr/lib/gcc/i686-linux-gnu/5/../../../i386-linux-gnu/crti.o
 .gnu.linkonce.t.__x86.get_pc_thunk.bx
                0x0000000000011510        0x4 /usr/lib/gcc/i686-linux-gnu/5/../../../i386-linux-gnu/crti.o
                0x0000000000011510                __x86.get_pc_thunk.bx
 *fill*         0x0000000000011514        0xc 
 .text          0x0000000000011520      0x11c /usr/lib/gcc/i686-linux-gnu/5/crtbeginS.o
 .text.__x86.get_pc_thunk.dx
                0x000000000001163c        0x4 /usr/lib/gcc/i686-linux-gnu/5/crtbeginS.o
                0x000000000001163c                __x86.get_pc_thunk.dx
 .text          0x0000000000011640       0xbc temperature_actuator.o
 .text          0x00000000000116fc      0x283 build/cooja/mtype388.o
                0x000000000001178e                platform_init_stage_one
                0x00000000000117a1                platform_init_stage_two
                0x00000000000117b4                platform_init_stage_three
                0x00000000000117c7                platform_main_loop
                0x000000000001183a                Java_org_contikios_cooja_corecomm_Lib81_init
                0x0000000000011871                Java_org_contikios_cooja_corecomm_Lib81_getMemory
                0x00000000000118a4                Java_org_contikios_cooja_corecomm_Lib81_setMemory
                0x0000000000011904                Java_org_contikios_cooja_corecomm_Lib81_tick
                0x000000000001196c                Java_org_contikios_cooja_corecomm_Lib81_setReferenceAddress
 .text          0x000000000001197f       0x65 build/cooja/mtype388.a(simEnvChange.o)
                0x000000000001197f                doActionsBeforeTick
                0x00000000000119b1                doActionsAfterTick
 .text          0x00000000000119e4       0x83 build/cooja/mtype388.a(cooja_mt.o)
                0x00000000000119e4                cooja_mt_start
                0x0000000000011a0e                cooja_mt_exec
                0x0000000000011a44                cooja_mt_yield
 .text          0x0000000000011a67       0xbe build/cooja/mtype388.a(cooja_mtarch.o)
                0x0000000000011a67                cooja_mtarch_start
                0x0000000000011ada                cooja_sw
                0x0000000000011afd                cooja_mtarch_exec
                0x0000000000011b1a                cooja_mtarch_yield
 .text          0x0000000000011b25       0xc5 build/cooja/mtype388.a(rtimer-arch.o)
                0x0000000000011b25                rtimer_arch_init
                0x0000000000011b49                rtimer_arch_schedule
                0x0000000000011b79                rtimer_arch_next
                0x0000000000011b89                rtimer_arch_pending
                0x0000000000011b93                rtimer_arch_check
                0x0000000000011bda                rtimer_arch_now
 .text          0x0000000000011bea       0x81 build/cooja/mtype388.a(beep.o)
                0x0000000000011bea                beep_alarm
                0x0000000000011bf7                beep_beep
                0x0000000000011c04                beep
                0x0000000000011c11                beep_down
                0x0000000000011c1e                beep_on
                0x0000000000011c2b                beep_off
                0x0000000000011c38                beep_spinup
                0x0000000000011c45                beep_quick
                0x0000000000011c52                beep_long
 .text          0x0000000000011c6b       0x65 build/cooja/mtype388.a(leds-arch.o)
                0x0000000000011c7e                leds_arch_init
 .text          0x0000000000011cd0       0x35 build/cooja/mtype388.a(moteid.o)
 .text          0x0000000000011d05       0xb7 build/cooja/mtype388.a(pir-sensor.o)
 .text          0x0000000000011dbc      0x148 build/cooja/mtype388.a(rs232.o)
                0x0000000000011dbc                rs232_init
                0x0000000000011dc2                rs232_set_speed
                0x0000000000011dd1                rs232_set_input
                0x0000000000011ddf                rs232_send
                0x0000000000011e03                rs232_print
                0x0000000000011e1f                slip_arch_writeb
 .text          0x0000000000011f04       0xb7 build/cooja/mtype388.a(vib-sensor.o)
 .text          0x0000000000011fbb       0x38 build/cooja/mtype388.a(clock.o)
                0x0000000000011fbb                clock_init
                0x0000000000011fc1                clock_time
                0x0000000000011fcb                clock_seconds
                0x0000000000011fe1                clock_delay
 .text          0x0000000000011ff3      0x219 build/cooja/mtype388.a(cooja-log.o)
                0x0000000000011ff3                simlog_char
                0x0000000000012036                simlog
                0x00000000000120ac                log_message
                0x00000000000120dd                log_set_putchar_with_slip
                0x00000000000120eb                log_putchar
                0x0000000000012166                log_puts
                0x000000000001218e                log_printf
 .text          0x000000000001220c      0x2b9 build/cooja/mtype388.a(cfs-cooja.o)
                0x000000000001220c                cfs_open
                0x0000000000012275                cfs_close
                0x0000000000012282                cfs_read
                0x0000000000012317                cfs_write
                0x00000000000123f3                cfs_seek
                0x000000000001247b                cfs_remove
                0x000000000001249f                cfs_opendir
                0x00000000000124a9                cfs_readdir
                0x00000000000124b3                cfs_closedir
 .text          0x00000000000124c5      0x620 build/cooja/mtype388.a(cooja-radio.o)
                0x0000000000012507                radio_set_channel
                0x0000000000012515                radio_set_txpower
                0x000000000001252d                radio_signal_strength_last
                0x0000000000012537                radio_signal_strength_current
                0x0000000000012541                radio_LQI
 .text          0x0000000000012ae5       0xee build/cooja/mtype388.a(eeprom.o)
                0x0000000000012ae5                eeprom_init
                0x0000000000012aeb                eeprom_read
                0x0000000000012b59                eeprom_write
 .text          0x0000000000012bd3       0x2d build/cooja/mtype388.a(random.o)
                0x0000000000012bd3                random_init
                0x0000000000012bf3                random_rand
 .text          0x0000000000012c00      0x29c build/cooja/mtype388.a(sensors.o)
                0x0000000000012c3b                sensors_first
                0x0000000000012c45                sensors_next
                0x0000000000012c5f                sensors_changed
                0x0000000000012c93                sensors_find
 .text          0x0000000000012e9c      0x349 build/cooja/mtype388.a(leds.o)
                0x0000000000012e9c                leds_init
                0x0000000000012ee3                leds_single_on
                0x0000000000012f42                leds_single_off
                0x0000000000012fa1                leds_single_toggle
                0x0000000000012fd3                leds_on
                0x0000000000013055                leds_off
                0x00000000000130d7                leds_toggle
                0x000000000001312c                leds_set
                0x0000000000013158                leds_get
 .text          0x00000000000131e5      0x343 build/cooja/mtype388.a(gpio-hal-arch.o)
                0x00000000000131e5                gpio_hal_arch_register_pin_callback
                0x0000000000013251                gpio_hal_arch_init
                0x0000000000013296                gpio_hal_arch_no_port_interrupt_enable
                0x00000000000132c6                gpio_hal_arch_no_port_interrupt_disable
                0x00000000000132f6                gpio_hal_arch_no_port_pin_cfg_set
                0x000000000001331b                gpio_hal_arch_no_port_pin_cfg_get
                0x0000000000013341                gpio_hal_arch_no_port_pin_set_input
                0x0000000000013353                gpio_hal_arch_no_port_pin_set_output
                0x0000000000013365                gpio_hal_arch_no_port_set_pin
                0x0000000000013386                gpio_hal_arch_no_port_clear_pin
                0x00000000000133a7                gpio_hal_arch_no_port_read_pin
                0x00000000000133cd                gpio_hal_arch_no_port_write_pin
                0x00000000000133f7                gpio_hal_arch_no_port_set_pins
                0x000000000001343e                gpio_hal_arch_no_port_clear_pins
                0x0000000000013485                gpio_hal_arch_no_port_read_pins
                0x00000000000134c8                gpio_hal_arch_no_port_write_pins
 .text          0x0000000000013528       0x89 build/cooja/mtype388.a(buttons.o)
 .text          0x00000000000135b1      0x2ba build/cooja/mtype388.a(res-leds_temper)
 .text          0x000000000001386b      0xbea build/cooja/mtype388.a(coap-engine.o)
                0x0000000000013900                coap_add_handler
                0x000000000001391d                coap_remove_handler
                0x000000000001393a                coap_call_handlers
                0x0000000000013a42                coap_receive
                0x000000000001403d                coap_engine_init
                0x000000000001409b                coap_activate_resource
                0x0000000000014146                coap_get_first_resource
                0x000000000001415f                coap_get_next_resource
 .text          0x0000000000014455      0x2d9 build/cooja/mtype388.a(coap-res-well-k)
 .text          0x000000000001472e      0x96a build/cooja/mtype388.a(coap-observe.o)
                0x0000000000014843                coap_remove_observer
                0x0000000000014873                coap_remove_observer_by_client
                0x00000000000148db                coap_remove_observer_by_token
                0x000000000001496e                coap_remove_observer_by_uri
                0x0000000000014a15                coap_remove_observer_by_mid
                0x0000000000014a91                coap_notify_observers
                0x0000000000014aaa                coap_notify_observers_sub
                0x0000000000014f14                coap_observe_handler
                0x000000000001502f                coap_has_observers
 .text          0x0000000000015098      0x733 build/cooja/mtype388.a(coap-uip.o)
                0x0000000000015098                coap_endpoint_log
                0x000000000001511e                coap_endpoint_print
                0x00000000000151a4                coap_endpoint_snprint
                0x00000000000152d7                coap_endpoint_copy
                0x0000000000015314                coap_endpoint_cmp
                0x0000000000015422                coap_endpoint_parse
                0x000000000001560d                coap_endpoint_is_secure
                0x000000000001561c                coap_endpoint_is_connected
                0x0000000000015650                coap_endpoint_connect
                0x000000000001566c                coap_endpoint_disconnect
                0x0000000000015672                coap_databuf
                0x000000000001567c                coap_transport_init
                0x00000000000156cc                coap_sendto
 .text          0x00000000000157cb      0x324 build/cooja/mtype388.a(coap-timer.o)
                0x00000000000158c8                coap_timer_stop
                0x00000000000158f3                coap_timer_set
                0x0000000000015936                coap_timer_reset
                0x0000000000015979                coap_timer_time_to_next_expiration
                0x00000000000159e5                coap_timer_run
                0x0000000000015ab1                coap_timer_init
 .text          0x0000000000015aef      0x2c6 build/cooja/mtype388.a(coap-transactio)
                0x0000000000015b55                coap_new_transaction
                0x0000000000015bbb                coap_send_transaction
                0x0000000000015d1c                coap_clear_transaction
                0x0000000000015d64                coap_get_transaction_by_mid
 .text          0x0000000000015db5     0x1c53 build/cooja/mtype388.a(coap.o)
                0x0000000000016322                coap_init_connection
                0x0000000000016336                coap_get_mid
                0x0000000000016352                coap_init_message
                0x000000000001639b                coap_serialize_message
                0x0000000000016a1d                coap_parse_message
                0x0000000000017084                coap_get_query_variable
                0x00000000000170c6                coap_get_post_variable
                0x000000000001710a                coap_set_status_code
                0x000000000001712f                coap_set_token
                0x0000000000017176                coap_get_header_content_format
                0x00000000000171a7                coap_set_header_content_format
                0x00000000000171ca                coap_get_header_accept
                0x00000000000171fb                coap_set_header_accept
                0x000000000001721e                coap_get_header_max_age
                0x000000000001724f                coap_set_header_max_age
                0x000000000001726f                coap_get_header_etag
                0x00000000000172a1                coap_set_header_etag
                0x00000000000172f8                coap_get_header_if_match
                0x000000000001732a                coap_set_header_if_match
                0x0000000000017381                coap_get_header_if_none_match
                0x000000000001739b                coap_set_header_if_none_match
                0x00000000000173b2                coap_get_header_proxy_uri
                0x00000000000173e0                coap_set_header_proxy_uri
                0x000000000001741d                coap_get_header_uri_host
                0x000000000001744b                coap_set_header_uri_host
                0x0000000000017488                coap_get_header_uri_path
                0x00000000000174b6                coap_set_header_uri_path
                0x0000000000017503                coap_get_header_uri_query
                0x0000000000017537                coap_set_header_uri_query
                0x000000000001758d                coap_get_header_location_path
                0x00000000000175bb                coap_set_header_location_path
                0x0000000000017654                coap_get_header_location_query
                0x0000000000017682                coap_set_header_location_query
                0x00000000000176cf                coap_get_header_observe
                0x00000000000176fe                coap_set_header_observe
                0x000000000001771e                coap_get_header_block2
                0x000000000001778a                coap_set_header_block2
                0x0000000000017801                coap_get_header_block1
                0x0000000000017876                coap_set_header_block1
                0x00000000000178f1                coap_get_header_size2
                0x0000000000017921                coap_set_header_size2
                0x0000000000017944                coap_get_header_size1
                0x0000000000017974                coap_set_header_size1
                0x0000000000017997                coap_get_payload
                0x00000000000179d1                coap_set_payload
 .text          0x0000000000017a08      0x32f build/cooja/mtype388.a(contiki-main.o)
                0x0000000000017a08                main
 .text          0x0000000000017d37       0x92 build/cooja/mtype388.a(autostart.o)
                0x0000000000017d37                autostart_start
                0x0000000000017d81                autostart_exit
 .text          0x0000000000017dc9      0x355 build/cooja/mtype388.a(ctimer.o)
                0x0000000000017ef1                ctimer_init
                0x0000000000017f24                ctimer_set
                0x0000000000017f4a                ctimer_set_with_process
                0x0000000000017fc7                ctimer_reset
                0x000000000001801b                ctimer_restart
                0x000000000001806f                ctimer_stop
                0x00000000000180bf                ctimer_expired
 .text          0x000000000001811e      0x394 build/cooja/mtype388.a(log.o)
                0x000000000001811e                log_6addr
                0x0000000000018171                log_6addr_compact_snprint
                0x000000000001820f                log_6addr_compact
                0x0000000000018262                log_lladdr
                0x00000000000182d4                log_lladdr_compact
                0x000000000001833c                log_set_level
                0x00000000000183f7                log_get_level
                0x0000000000018470                log_level_to_str
 .text          0x00000000000184b2       0x1b build/cooja/mtype388.a(energest.o)
                0x00000000000184b2                energest_init
                0x00000000000184b8                energest_flush
                0x00000000000184be                energest_get_total_time
 .text          0x00000000000184cd      0x43f build/cooja/mtype388.a(etimer.o)
                0x00000000000186f1                etimer_request_poll
                0x000000000001877a                etimer_set
                0x00000000000187a3                etimer_reset_with_new_interval
                0x00000000000187d2                etimer_reset
                0x00000000000187f8                etimer_restart
                0x000000000001881e                etimer_adjust
                0x000000000001883b                etimer_expired
                0x000000000001884e                etimer_expiration_time
                0x0000000000018860                etimer_start_time
                0x000000000001886a                etimer_pending
                0x000000000001887c                etimer_next_expiration_time
                0x0000000000018896                etimer_stop
 .text          0x000000000001890c       0x25 build/cooja/mtype388.a(node-id.o)
                0x000000000001890c                node_id_init
 .text          0x0000000000018931       0xeb build/cooja/mtype388.a(rtimer.o)
                0x0000000000018931                rtimer_init
                0x000000000001893f                rtimer_set
                0x00000000000189ba                rtimer_run_next
 .text          0x0000000000018a1c      0x4fb build/cooja/mtype388.a(process.o)
                0x0000000000018a1c                process_alloc_event
                0x0000000000018a31                process_start
                0x0000000000018c0b                process_exit
                0x0000000000018c28                process_init
                0x0000000000018dbd                process_run
                0x0000000000018df0                process_nevents
                0x0000000000018e0b                process_post
                0x0000000000018e9e                process_post_synch
                0x0000000000018ed3                process_poll
                0x0000000000018f03                process_is_running
 .text          0x0000000000018f17       0xb1 build/cooja/mtype388.a(timer.o)
                0x0000000000018f17                timer_set
                0x0000000000018f35                timer_reset
                0x0000000000018f62                timer_restart
                0x0000000000018f77                timer_expired
                0x0000000000018fa4                timer_remaining
 .text          0x0000000000018fc8      0x28f build/cooja/mtype388.a(list.o)
                0x0000000000018fc8                list_init
                0x0000000000018fd7                list_head
                0x0000000000018fe1                list_copy
                0x0000000000018ff1                list_tail
                0x0000000000019027                list_add
                0x0000000000019073                list_push
                0x000000000001909f                list_chop
                0x0000000000019109                list_pop
                0x0000000000019131                list_remove
                0x0000000000019199                list_length
                0x00000000000191c7                list_insert
                0x000000000001920c                list_item_next
                0x0000000000019223                list_contains
 .text          0x0000000000019257      0x1b5 build/cooja/mtype388.a(memb.o)
                0x0000000000019257                memb_init
                0x00000000000192ac                memb_alloc
                0x000000000001930f                memb_free
                0x0000000000019386                memb_inmemb
                0x00000000000193c5                memb_numfree
 .text          0x000000000001940c      0x41c build/cooja/mtype388.a(button-hal.o)
                0x0000000000019585                button_hal_get_by_id
                0x00000000000195c3                button_hal_get_by_index
                0x00000000000195ef                button_hal_get_state
                0x0000000000019641                button_hal_init
 .text          0x0000000000019828      0x1f3 build/cooja/mtype388.a(serial-line.o)
                0x0000000000019828                serial_line_input_byte
                0x00000000000199e6                serial_line_init
 .text          0x0000000000019a1b      0x168 build/cooja/mtype388.a(gpio-hal.o)
                0x0000000000019a1b                gpio_hal_register_handler
                0x0000000000019a38                gpio_hal_event_handler
                0x0000000000019a94                gpio_hal_init
                0x0000000000019ab3                gpio_hal_arch_port_toggle_pin
                0x0000000000019aef                gpio_hal_arch_port_toggle_pins
                0x0000000000019b1d                gpio_hal_arch_no_port_toggle_pin
                0x0000000000019b5b                gpio_hal_arch_no_port_toggle_pins
 .text          0x0000000000019b83      0x2e7 build/cooja/mtype388.a(queuebuf.o)
                0x0000000000019b8d                queuebuf_init
                0x0000000000019bb6                queuebuf_numfree
                0x0000000000019bce                queuebuf_new_from_packetbuf
                0x0000000000019c6d                queuebuf_update_attr_from_packetbuf
                0x0000000000019ca2                queuebuf_update_from_packetbuf
                0x0000000000019cf2                queuebuf_free
                0x0000000000019d3b                queuebuf_to_packetbuf
                0x0000000000019da7                queuebuf_dataptr
                0x0000000000019de1                queuebuf_datalen
                0x0000000000019e04                queuebuf_addr
                0x0000000000019e39                queuebuf_attr
                0x0000000000019e64                queuebuf_debug_print
 .text          0x0000000000019e6a      0x407 build/cooja/mtype388.a(packetbuf.o)
                0x0000000000019e6a                packetbuf_clear
                0x0000000000019e95                packetbuf_copyfrom
                0x0000000000019ee4                packetbuf_copyto
                0x0000000000019f77                packetbuf_hdralloc
                0x0000000000019ff3                packetbuf_hdrreduce
                0x000000000001a039                packetbuf_set_datalen
                0x000000000001a053                packetbuf_dataptr
                0x000000000001a070                packetbuf_hdrptr
                0x000000000001a07a                packetbuf_datalen
                0x000000000001a086                packetbuf_hdrlen
                0x000000000001a09d                packetbuf_totlen
                0x000000000001a0b3                packetbuf_remaininglen
                0x000000000001a0c6                packetbuf_attr_clear
                0x000000000001a112                packetbuf_attr_copyto
                0x000000000001a16a                packetbuf_attr_copyfrom
                0x000000000001a1c2                packetbuf_set_attr
                0x000000000001a1ec                packetbuf_attr
                0x000000000001a206                packetbuf_set_addr
                0x000000000001a237                packetbuf_addr
                0x000000000001a254                packetbuf_holds_broadcast
 .text          0x000000000001a271       0xef build/cooja/mtype388.a(netstack.o)
                0x000000000001a271                netstack_process_ip_callback
                0x000000000001a302                netstack_ip_packet_processor_add
                0x000000000001a325                uip_ds6_ip_packet_processor_rm
                0x000000000001a342                netstack_init
 .text          0x000000000001a360       0x4f build/cooja/mtype388.a(linkaddr.o)
                0x000000000001a360                linkaddr_copy
                0x000000000001a376                linkaddr_cmp
                0x000000000001a399                linkaddr_set_node_addr
 .text          0x000000000001a3af      0x1f6 build/cooja/mtype388.a(csma.o)
 .text          0x000000000001a5a5      0x95d build/cooja/mtype388.a(csma-output.o)
                0x000000000001ac3c                csma_output_packet
                0x000000000001aec9                csma_output_init
 .text          0x000000000001af02      0xc11 build/cooja/mtype388.a(uip-ds6.o)
                0x000000000001af02                uip_ds6_default_prefix
                0x000000000001af0c                uip_ds6_set_default_prefix
                0x000000000001af37                uip_ds6_init
                0x000000000001b199                uip_ds6_periodic
                0x000000000001b220                uip_ds6_list_loop
                0x000000000001b2e0                uip_ds6_prefix_add
                0x000000000001b38c                uip_ds6_prefix_rm
                0x000000000001b39f                uip_ds6_prefix_lookup
                0x000000000001b3de                uip_ds6_is_addr_onlink
                0x000000000001b451                uip_ds6_addr_add
                0x000000000001b571                uip_ds6_addr_rm
                0x000000000001b61a                uip_ds6_addr_lookup
                0x000000000001b653                uip_ds6_get_link_local
                0x000000000001b6d4                uip_ds6_get_global
                0x000000000001b755                uip_ds6_maddr_add
                0x000000000001b7b5                uip_ds6_maddr_rm
                0x000000000001b7c8                uip_ds6_maddr_lookup
                0x000000000001b801                uip_ds6_aaddr_add
                0x000000000001b861                uip_ds6_aaddr_rm
                0x000000000001b874                uip_ds6_aaddr_lookup
                0x000000000001b8ad                uip_ds6_select_src
                0x000000000001b9f6                uip_ds6_set_addr_iid
                0x000000000001ba21                uip_ds6_set_lladdr_from_iid
                0x000000000001ba4a                get_match_length
                0x000000000001badb                uip_ds6_compute_reachable_time
 .text          0x000000000001bb13      0x128 build/cooja/mtype388.a(uip-udp-packet.)
                0x000000000001bb13                uip_udp_packet_send
                0x000000000001bb6e                uip_udp_packet_sendto
 .text          0x000000000001bc3b      0xa3c build/cooja/mtype388.a(uip-ds6-route.o)
                0x000000000001bd25                uip_ds6_notification_add
                0x000000000001bd57                uip_ds6_notification_rm
                0x000000000001bd74                uip_ds6_route_init
                0x000000000001be13                uip_ds6_route_nexthop
                0x000000000001be42                uip_ds6_route_head
                0x000000000001be5b                uip_ds6_route_next
                0x000000000001be84                uip_ds6_route_is_nexthop
                0x000000000001bec6                uip_ds6_route_num_routes
                0x000000000001bed0                uip_ds6_route_lookup
                0x000000000001bfa7                uip_ds6_route_add
                0x000000000001c1e7                uip_ds6_route_rm
                0x000000000001c385                uip_ds6_route_rm_by_nexthop
                0x000000000001c3c4                uip_ds6_defrt_head
                0x000000000001c3dd                uip_ds6_defrt_add
                0x000000000001c49e                uip_ds6_defrt_rm
                0x000000000001c51f                uip_ds6_defrt_lookup
                0x000000000001c586                uip_ds6_defrt_choose
                0x000000000001c5fc                uip_ds6_defrt_periodic
 .text          0x000000000001c677      0x6f7 build/cooja/mtype388.a(tcpip.o)
                0x000000000001c691                tcpip_output
                0x000000000001c710                udp_attach
                0x000000000001c728                udp_new
                0x000000000001c772                udp_broadcast_new
                0x000000000001c8e4                tcpip_input
                0x000000000001ca74                tcpip_ipv6_output
                0x000000000001cc68                tcpip_poll_udp
                0x000000000001cc86                tcpip_uipcall
 .text          0x000000000001cd6e     0x1205 build/cooja/mtype388.a(uip6.o)
                0x000000000001ce1d                uip_chksum
                0x000000000001cef4                uip_icmp6chksum
                0x000000000001cf09                uip_udpchksum
                0x000000000001cf1e                uip_init
                0x000000000001cf67                uip_remove_ext_hdr
                0x000000000001d041                uip_udp_new
                0x000000000001d355                uip_process
                0x000000000001de4d                uip_htons
                0x000000000001de6f                uip_htonl
                0x000000000001dead                uip_send
 .text          0x000000000001df73      0x369 build/cooja/mtype388.a(uip-ds6-nbr.o)
                0x000000000001df73                uip_ds6_neighbors_init
                0x000000000001df97                uip_ds6_nbr_add
                0x000000000001e01d                uip_ds6_nbr_rm
                0x000000000001e068                uip_ds6_nbr_update_ll
                0x000000000001e156                uip_ds6_nbr_get_ipaddr
                0x000000000001e16b                uip_ds6_nbr_get_ll
                0x000000000001e187                uip_ds6_nbr_num
                0x000000000001e1d0                uip_ds6_nbr_head
                0x000000000001e1e9                uip_ds6_nbr_next
                0x000000000001e205                uip_ds6_nbr_lookup
                0x000000000001e25d                uip_ds6_nbr_ll_lookup
                0x000000000001e279                uip_ds6_nbr_ipaddr_from_lladdr
                0x000000000001e2a2                uip_ds6_nbr_lladdr_from_ipaddr
                0x000000000001e2d6                uip_ds6_link_callback
 .text          0x000000000001e2dc      0x6a7 build/cooja/mtype388.a(uip-nd6.o)
                0x000000000001e96a                uip_nd6_init
 .text          0x000000000001e983     0x2c17 build/cooja/mtype388.a(sicslowpan.o)
                0x000000000001ef8a                netstack_sniffer_add
                0x000000000001ef98                netstack_sniffer_remove
                0x000000000002156e                sicslowpan_init
                0x0000000000021590                sicslowpan_get_last_rssi
 .text          0x000000000002159a      0x4d1 build/cooja/mtype388.a(uiplib.o)
                0x000000000002159a                uiplib_ip6addrconv
                0x0000000000021752                uiplib_ip4addrconv
                0x0000000000021815                uiplib_ipaddr_print
                0x0000000000021868                uiplib_ipaddr_snprint
 .text          0x0000000000021a6b      0x4c9 build/cooja/mtype388.a(rpl.o)
                0x0000000000021a6b                rpl_lollipop_greater_than
                0x0000000000021ac5                rpl_get_global_address
                0x0000000000021bbd                rpl_link_callback
                0x0000000000021c01                rpl_has_joined
                0x0000000000021c26                rpl_is_reachable
                0x0000000000021ca7                rpl_reset_prefix
                0x0000000000021d11                rpl_set_prefix_from_addr
                0x0000000000021df6                rpl_set_prefix
                0x0000000000021f10                rpl_set_leaf_only
                0x0000000000021f28                rpl_get_leaf_only
 .text          0x0000000000021f34     0x138c build/cooja/mtype388.a(rpl-icmp6.o)
                0x0000000000022059                rpl_icmp6_update_nbr_table
                0x00000000000220e2                rpl_icmp6_dis_output
                0x0000000000022728                rpl_icmp6_dio_output
                0x0000000000022f26                rpl_icmp6_dao_output
                0x0000000000023207                rpl_icmp6_dao_ack_output
                0x0000000000023277                rpl_icmp6_init
 .text          0x00000000000232c0      0x264 build/cooja/mtype388.a(rpl-dag-root.o)
                0x00000000000232c0                rpl_dag_root_print_links
                0x00000000000233ec                rpl_dag_root_set_prefix
                0x0000000000023418                rpl_dag_root_start
                0x00000000000234f5                rpl_dag_root_is_root
 .text          0x0000000000023524       0x30 build/cooja/mtype388.a(watchdog.o)
                0x0000000000023524                watchdog_init
                0x000000000002352a                watchdog_start
                0x0000000000023530                watchdog_periodic
                0x0000000000023548                watchdog_stop
                0x000000000002354e                watchdog_reboot
 .text          0x0000000000023554       0x4a build/cooja/mtype388.a(int-master.o)
                0x0000000000023554                int_master_enable
                0x0000000000023564                int_master_read_and_disable
                0x0000000000023581                int_master_status_set
                0x000000000002358f                int_master_is_enabled
 .text          0x000000000002359e      0x226 build/cooja/mtype388.a(coap-timer-defa)
 .text          0x00000000000237c4       0xc7 build/cooja/mtype388.a(stimer.o)
                0x00000000000237c4                stimer_set
                0x00000000000237e2                stimer_reset
                0x000000000002380f                stimer_restart
                0x0000000000023824                stimer_expired
                0x000000000002384f                stimer_remaining
                0x0000000000023873                stimer_elapsed
 .text          0x000000000002388b      0x156 build/cooja/mtype388.a(ringbuf.o)
                0x000000000002388b                ringbuf_init
                0x00000000000238bd                ringbuf_put
                0x000000000002393b                ringbuf_get
                0x00000000000239a8                ringbuf_size
                0x00000000000239ba                ringbuf_elements
 .text          0x00000000000239e1       0x1f build/cooja/mtype388.a(assert.o)
                0x00000000000239e1                _xassert
 .text          0x0000000000023a00      0x79b build/cooja/mtype388.a(nbr-table.o)
                0x0000000000023e79                nbr_table_register
                0x0000000000023ee6                nbr_table_is_registered
                0x0000000000023f21                nbr_table_head
                0x0000000000023f7c                nbr_table_next
                0x0000000000023fdd                nbr_table_add_lladdr
                0x00000000000240b7                nbr_table_get_from_lladdr
                0x0000000000024103                nbr_table_remove
                0x000000000002413b                nbr_table_lock
                0x0000000000024155                nbr_table_unlock
                0x000000000002416f                nbr_table_get_lladdr
 .text          0x000000000002419b      0x3a5 build/cooja/mtype388.a(link-stats.o)
                0x000000000002419b                link_stats_from_lladdr
                0x00000000000241b7                link_stats_get_lladdr
                0x00000000000241d3                link_stats_is_fresh
                0x000000000002420f                guess_etx_from_rssi
                0x000000000002428b                link_stats_packet_sent
                0x00000000000243ab                link_stats_input_callback
                0x00000000000244bb                link_stats_reset
                0x000000000002450b                link_stats_init
 .text          0x0000000000024540      0x187 build/cooja/mtype388.a(mac-sequence.o)
                0x0000000000024540                mac_sequence_is_duplicate
                0x00000000000245e0                mac_sequence_register_seqno
 .text          0x00000000000246c7       0x23 build/cooja/mtype388.a(mac.o)
                0x00000000000246c7                mac_call_sent_callback
 .text          0x00000000000246ea      0x432 build/cooja/mtype388.a(framer-802154.o)
                0x0000000000024879                framer_802154_setup_params
 .text          0x0000000000024b1c      0xb6f build/cooja/mtype388.a(frame802154.o)
                0x0000000000024b4d                frame802154_get_pan_id
                0x0000000000024b59                frame802154_set_pan_id
                0x0000000000024b73                frame802154_has_panid
                0x0000000000024d22                frame802154_check_dest_panid
                0x0000000000024daa                frame802154_is_broadcast_addr
                0x0000000000024df7                frame802154_extract_linkaddr
                0x000000000002505c                frame802154_hdrlen
                0x00000000000250cf                frame802154_create_fcf
                0x0000000000025187                frame802154_create
                0x00000000000252fc                frame802154_parse_fcf
                0x00000000000253de                frame802154_parse
 .text          0x000000000002568b       0x2d build/cooja/mtype388.a(csma-security.o)
                0x000000000002568b                csma_security_create_frame
                0x00000000000256a9                csma_security_parse_frame
 .text          0x00000000000256b8      0x4e4 build/cooja/mtype388.a(uipbuf.o)
                0x00000000000256b8                uipbuf_clear
                0x00000000000256df                uipbuf_add_ext_hdr
                0x000000000002575f                uipbuf_set_len
                0x000000000002578c                uipbuf_set_len_field
                0x00000000000257b8                uipbuf_get_len_field
                0x00000000000257d8                uipbuf_get_next_header
                0x000000000002590a                uipbuf_get_last_header
                0x0000000000025983                uipbuf_search_header
                0x0000000000025a39                uipbuf_get_attr
                0x0000000000025a60                uipbuf_set_attr
                0x0000000000025a97                uipbuf_set_default_attr
                0x0000000000025ace                uipbuf_clear_attr
                0x0000000000025af2                uipbuf_set_attr_flag
                0x0000000000025b13                uipbuf_clr_attr_flag
                0x0000000000025b3a                uipbuf_is_attr_flag
                0x0000000000025b5e                uipbuf_init
 .text          0x0000000000025b9c      0x73f build/cooja/mtype388.a(uip-icmp6.o)
                0x0000000000025c11                uip_icmp6_input
                0x0000000000025c68                uip_icmp6_register_input_handler
                0x0000000000025dbb                uip_icmp6_error_output
                0x000000000002606c                uip_icmp6_send
                0x0000000000026263                uip_icmp6_echo_reply_callback_add
                0x0000000000026295                uip_icmp6_echo_reply_callback_rm
                0x00000000000262b2                uip_icmp6_init
 .text          0x00000000000262db      0x69b build/cooja/mtype388.a(uip-sr.o)
                0x00000000000262db                uip_sr_num_nodes
                0x0000000000026369                uip_sr_get_node
                0x00000000000263c0                uip_sr_is_addr_reachable
                0x000000000002646e                uip_sr_expire_parent
                0x00000000000264b7                uip_sr_update_node
                0x00000000000265e7                uip_sr_init
                0x000000000002661b                uip_sr_node_head
                0x0000000000026634                uip_sr_node_next
                0x000000000002664a                uip_sr_periodic
                0x0000000000026750                uip_sr_free_all
                0x00000000000267c0                uip_sr_link_snprint
 .text          0x0000000000026976      0x146 build/cooja/mtype388.a(uip-packetqueue)
                0x00000000000269a4                uip_packetqueue_new
                0x00000000000269b3                uip_packetqueue_alloc
                0x0000000000026a0e                uip_packetqueue_free
                0x0000000000026a55                uip_packetqueue_buf
                0x0000000000026a72                uip_packetqueue_buflen
                0x0000000000026a93                uip_packetqueue_set_buflen
 .text          0x0000000000026abc      0x1b0 build/cooja/mtype388.a(rpl-nbr-policy.)
                0x0000000000026c29                rpl_nbr_policy_find_removable
 .text          0x0000000000026c6c      0x915 build/cooja/mtype388.a(rpl-neighbor.o)
                0x0000000000026ce8                rpl_neighbor_snprint
                0x0000000000026f9b                rpl_neighbor_print_list
                0x0000000000027050                rpl_neighbor_count
                0x00000000000270f7                rpl_neighbor_get_from_lladdr
                0x0000000000027113                rpl_neighbor_is_acceptable_parent
                0x0000000000027147                rpl_neighbor_get_link_metric
                0x000000000002717b                rpl_neighbor_rank_via_nbr
                0x00000000000271af                rpl_neighbor_get_lladdr
                0x00000000000271cb                rpl_neighbor_get_ipaddr
                0x00000000000271f2                rpl_neighbor_get_link_stats
                0x0000000000027219                rpl_neighbor_is_fresh
                0x0000000000027240                rpl_neighbor_is_reachable
                0x000000000002728b                rpl_neighbor_is_parent
                0x00000000000272b5                rpl_neighbor_set_preferred_parent
                0x000000000002734c                rpl_neighbor_remove_all
                0x00000000000273a8                rpl_neighbor_get_from_ipaddr
                0x00000000000274b6                rpl_neighbor_select_best
                0x0000000000027562                rpl_neighbor_init
 .text          0x0000000000027581      0xe69 build/cooja/mtype388.a(rpl-dag.o)
                0x0000000000027581                rpl_dag_state_to_str
                0x00000000000275c0                rpl_dag_get_root_ipaddr
                0x0000000000027608                rpl_dag_leave
                0x0000000000027691                rpl_dag_poison_and_leave
                0x00000000000276a9                rpl_dag_periodic
                0x0000000000027731                rpl_is_addr_in_our_dag
                0x0000000000027775                rpl_get_default_instance
                0x0000000000027791                rpl_get_any_dag
                0x00000000000277ea                rpl_refresh_routes
                0x000000000002782a                rpl_global_repair
                0x00000000000278c3                rpl_local_repair
                0x000000000002790d                rpl_dag_ready_to_advertise
                0x0000000000027950                rpl_dag_update_state
                0x000000000002807d                rpl_process_dio
                0x00000000000280fb                rpl_process_dis
                0x0000000000028140                rpl_process_dao
                0x00000000000281cf                rpl_process_dao_ack
                0x0000000000028266                rpl_process_hbh
                0x00000000000282b6                rpl_dag_init_root
                0x00000000000283ca                rpl_dag_init
 .text          0x00000000000283ea      0x9e7 build/cooja/mtype388.a(rpl-timers.o)
                0x00000000000283ea                rpl_timers_schedule_periodic_dis
                0x0000000000028538                rpl_timers_dio_reset
                0x0000000000028646                rpl_timers_schedule_unicast_dio
                0x000000000002879a                rpl_timers_schedule_dao
                0x0000000000028859                rpl_timers_schedule_dao_ack
                0x00000000000288df                rpl_timers_notify_dao_ack
                0x000000000002893d                get_probing_delay
                0x0000000000028971                get_probing_target
                0x0000000000028b5b                rpl_schedule_probing
                0x0000000000028b89                rpl_schedule_probing_now
                0x0000000000028bf3                rpl_timers_unschedule_leaving
                0x0000000000028c2b                rpl_timers_schedule_leaving
                0x0000000000028c6c                rpl_timers_init
                0x0000000000028cfc                rpl_timers_stop_dag_timers
                0x0000000000028d75                rpl_timers_unschedule_state_update
                0x0000000000028d99                rpl_timers_schedule_state_update
 .text          0x0000000000028dd1      0xb8e build/cooja/mtype388.a(rpl-ext-header.)
                0x0000000000028dd1                rpl_ext_header_srh_get_next_hop
                0x0000000000028eb8                rpl_ext_header_srh_update
                0x0000000000029424                rpl_ext_header_hbh_update
                0x0000000000029724                rpl_ext_header_update
                0x00000000000297ad                rpl_ext_header_remove
 .text          0x000000000002995f      0x31b build/cooja/mtype388.a(rpl-mrhof.o)
 *fill*         0x0000000000029c7a        0x6 
 .text          0x0000000000029c80      0x122 /usr/lib/gcc/i686-linux-gnu/5/libgcc.a(_udivdi3.o)
                0x0000000000029c80                __udivdi3
 .text          0x0000000000029da2        0x0 /usr/lib/gcc/i686-linux-gnu/5/crtendS.o
 .text          0x0000000000029da2        0x0 /usr/lib/gcc/i686-linux-gnu/5/../../../i386-linux-gnu/crtn.o
 *(.gnu.warning)

.fini           0x0000000000029da4       0x14
 *(SORT(.fini))
 .fini          0x0000000000029da4        0xf /usr/lib/gcc/i686-linux-gnu/5/../../../i386-linux-gnu/crti.o
                0x0000000000029da4                _fini
 .fini          0x0000000000029db3        0x5 /usr/lib/gcc/i686-linux-gnu/5/../../../i386-linux-gnu/crtn.o
                [!provide]                        PROVIDE (__etext, .)
                [!provide]                        PROVIDE (_etext, .)
                [!provide]                        PROVIDE (etext, .)

.rodata         0x0000000000029dc0      0xb6b
 *(.rodata .rodata.* .gnu.linkonce.r.*)
 .rodata        0x0000000000029dc0       0x97 temperature_actuator.o
                0x0000000000029dd8                autostart_processes
 *fill*         0x0000000000029e57        0x1 
 .rodata        0x0000000000029e58        0x8 build/cooja/mtype388.a(beep.o)
                0x0000000000029e58                beep_interface
 .rodata        0x0000000000029e60        0xe build/cooja/mtype388.a(leds-arch.o)
                0x0000000000029e60                leds_interface
                0x0000000000029e68                leds_arch_leds
 *fill*         0x0000000000029e6e        0x2 
 .rodata        0x0000000000029e70        0x8 build/cooja/mtype388.a(moteid.o)
                0x0000000000029e70                moteid_interface
 .rodata        0x0000000000029e78       0x1c build/cooja/mtype388.a(pir-sensor.o)
                0x0000000000029e78                pir_interface
                0x0000000000029e84                pir_sensor
 .rodata        0x0000000000029e94        0xe build/cooja/mtype388.a(rs232.o)
                0x0000000000029e94                rs232_interface
 *fill*         0x0000000000029ea2        0x2 
 .rodata        0x0000000000029ea4       0x24 build/cooja/mtype388.a(vib-sensor.o)
                0x0000000000029ea4                vib_interface
                0x0000000000029eb8                vib_sensor
 .rodata        0x0000000000029ec8        0x8 build/cooja/mtype388.a(clock.o)
                0x0000000000029ec8                clock_interface
 .rodata        0x0000000000029ed0        0x8 build/cooja/mtype388.a(cooja-log.o)
                0x0000000000029ed0                simlog_interface
 .rodata        0x0000000000029ed8       0x2f build/cooja/mtype388.a(cfs-cooja.o)
                0x0000000000029ed8                cfs_interface
 *fill*         0x0000000000029f07       0x19 
 .rodata        0x0000000000029f20       0xb8 build/cooja/mtype388.a(cooja-radio.o)
                0x0000000000029f20                radio_interface
                0x0000000000029fa0                cooja_radio_driver
 .rodata        0x0000000000029fd8        0x8 build/cooja/mtype388.a(eeprom.o)
                0x0000000000029fd8                eeprom_interface
 .rodata        0x0000000000029fe0        0x8 build/cooja/mtype388.a(sensors.o)
 .rodata        0x0000000000029fe8       0x2c build/cooja/mtype388.a(buttons.o)
                0x0000000000029fe8                button_interface
                0x0000000000029ffc                button_hal_button_count
                0x000000000002a004                button_sensor
 .rodata        0x000000000002a014       0xf9 build/cooja/mtype388.a(res-leds_temper)
 .rodata        0x000000000002a10d       0x41 build/cooja/mtype388.a(coap-engine.o)
 .rodata        0x000000000002a14e       0x19 build/cooja/mtype388.a(coap-res-well-k)
 .rodata        0x000000000002a167       0x11 build/cooja/mtype388.a(coap-observe.o)
 .rodata        0x000000000002a178       0x35 build/cooja/mtype388.a(coap-uip.o)
 *fill*         0x000000000002a1ad        0x3 
 .rodata        0x000000000002a1b0      0x1ac build/cooja/mtype388.a(coap.o)
 .rodata        0x000000000002a35c       0xf8 build/cooja/mtype388.a(contiki-main.o)
 .rodata        0x000000000002a454        0xf build/cooja/mtype388.a(ctimer.o)
 *fill*         0x000000000002a463        0x1 
 .rodata        0x000000000002a464       0xc4 build/cooja/mtype388.a(log.o)
 .rodata        0x000000000002a528        0xc build/cooja/mtype388.a(etimer.o)
 .rodata        0x000000000002a534       0x13 build/cooja/mtype388.a(button-hal.o)
 .rodata        0x000000000002a547        0xe build/cooja/mtype388.a(serial-line.o)
 *fill*         0x000000000002a555        0x3 
 .rodata        0x000000000002a558        0x8 build/cooja/mtype388.a(linkaddr.o)
                0x000000000002a558                linkaddr_null
 .rodata        0x000000000002a560       0x24 build/cooja/mtype388.a(csma.o)
                0x000000000002a568                csma_driver
 .rodata        0x000000000002a584       0x24 build/cooja/mtype388.a(csma-output.o)
 .rodata        0x000000000002a5a8       0xb9 build/cooja/mtype388.a(uip-ds6-route.o)
 .rodata        0x000000000002a661        0xd build/cooja/mtype388.a(tcpip.o)
 *fill*         0x000000000002a66e        0x2 
 .rodata        0x000000000002a670       0x30 build/cooja/mtype388.a(sicslowpan.o)
                0x000000000002a670                unc_llconf
                0x000000000002a674                unc_ctxconf
                0x000000000002a678                unc_mxconf
                0x000000000002a67c                llprefix
                0x000000000002a690                sicslowpan_driver
 .rodata        0x000000000002a6a0       0x2d build/cooja/mtype388.a(uiplib.o)
 *fill*         0x000000000002a6cd       0x13 
 .rodata        0x000000000002a6e0       0x74 build/cooja/mtype388.a(rpl.o)
                0x000000000002a700                rpl_lite_driver
 .rodata        0x000000000002a754       0x20 build/cooja/mtype388.a(coap-timer-defa)
                0x000000000002a768                coap_timer_default_driver
 .rodata        0x000000000002a774       0x25 build/cooja/mtype388.a(assert.o)
 *fill*         0x000000000002a799        0x3 
 .rodata        0x000000000002a79c        0xc build/cooja/mtype388.a(framer-802154.o)
                0x000000000002a79c                framer_802154
 .rodata        0x000000000002a7a8       0x44 build/cooja/mtype388.a(uip-sr.o)
 .rodata        0x000000000002a7ec       0x58 build/cooja/mtype388.a(rpl-neighbor.o)
 .rodata        0x000000000002a844       0xdb build/cooja/mtype388.a(rpl-dag.o)
 .rodata        0x000000000002a91f        0xc build/cooja/mtype388.a(rpl-timers.o)

.rodata1
 *(.rodata1)

.eh_frame_hdr   0x000000000002a92c     0x19e4
 *(.eh_frame_hdr)
 .eh_frame_hdr  0x000000000002a92c     0x19e4 temperature_actuator.o
                0x000000000002a92c                __GNU_EH_FRAME_HDR
 *(.eh_frame_entry .eh_frame_entry.*)

.eh_frame       0x000000000002c310     0x6904
 *(.eh_frame)
 .eh_frame      0x000000000002c310       0x3c /usr/lib/gcc/i686-linux-gnu/5/../../../i386-linux-gnu/crti.o
                                         0x40 (size before relaxing)
 .eh_frame      0x000000000002c34c       0x20 temperature_actuator.o
                                         0x38 (size before relaxing)
 .eh_frame      0x000000000002c36c      0x178 build/cooja/mtype388.o
                                        0x190 (size before relaxing)
 .eh_frame      0x000000000002c4e4       0x40 build/cooja/mtype388.a(simEnvChange.o)
                                         0x58 (size before relaxing)
 .eh_frame      0x000000000002c524       0x60 build/cooja/mtype388.a(cooja_mt.o)
                                         0x78 (size before relaxing)
 .eh_frame      0x000000000002c584       0x80 build/cooja/mtype388.a(cooja_mtarch.o)
                                         0x98 (size before relaxing)
 .eh_frame      0x000000000002c604       0xc8 build/cooja/mtype388.a(rtimer-arch.o)
                                         0xe0 (size before relaxing)
 .eh_frame      0x000000000002c6cc      0x160 build/cooja/mtype388.a(beep.o)
                                        0x178 (size before relaxing)
 .eh_frame      0x000000000002c82c       0x80 build/cooja/mtype388.a(leds-arch.o)
                                         0x98 (size before relaxing)
 .eh_frame      0x000000000002c8ac       0x40 build/cooja/mtype388.a(moteid.o)
                                         0x58 (size before relaxing)
 .eh_frame      0x000000000002c8ec       0xa0 build/cooja/mtype388.a(pir-sensor.o)
                                         0xb8 (size before relaxing)
 .eh_frame      0x000000000002c98c      0x100 build/cooja/mtype388.a(rs232.o)
                                        0x118 (size before relaxing)
 .eh_frame      0x000000000002ca8c       0xa0 build/cooja/mtype388.a(vib-sensor.o)
                                         0xb8 (size before relaxing)
 .eh_frame      0x000000000002cb2c       0xc0 build/cooja/mtype388.a(clock.o)
                                         0xd8 (size before relaxing)
 .eh_frame      0x000000000002cbec      0x120 build/cooja/mtype388.a(cooja-log.o)
                                        0x138 (size before relaxing)
 .eh_frame      0x000000000002cd0c      0x160 build/cooja/mtype388.a(cfs-cooja.o)
                                        0x178 (size before relaxing)
 .eh_frame      0x000000000002ce6c      0x340 build/cooja/mtype388.a(cooja-radio.o)
                                        0x358 (size before relaxing)
 .eh_frame      0x000000000002d1ac       0xa0 build/cooja/mtype388.a(eeprom.o)
                                         0xb8 (size before relaxing)
 .eh_frame      0x000000000002d24c       0x40 build/cooja/mtype388.a(random.o)
                                         0x58 (size before relaxing)
 .eh_frame      0x000000000002d28c       0xc0 build/cooja/mtype388.a(sensors.o)
                                         0xd8 (size before relaxing)
 .eh_frame      0x000000000002d34c      0x120 build/cooja/mtype388.a(leds.o)
                                        0x138 (size before relaxing)
 .eh_frame      0x000000000002d46c      0x220 build/cooja/mtype388.a(gpio-hal-arch.o)
                                        0x238 (size before relaxing)
 .eh_frame      0x000000000002d68c       0xa0 build/cooja/mtype388.a(buttons.o)
                                         0xb8 (size before relaxing)
 .eh_frame      0x000000000002d72c       0x20 build/cooja/mtype388.a(res-leds_temper)
                                         0x38 (size before relaxing)
 .eh_frame      0x000000000002d74c      0x220 build/cooja/mtype388.a(coap-engine.o)
                                        0x238 (size before relaxing)
 .eh_frame      0x000000000002d96c       0x24 build/cooja/mtype388.a(coap-res-well-k)
                                         0x3c (size before relaxing)
 .eh_frame      0x000000000002d990      0x188 build/cooja/mtype388.a(coap-observe.o)
                                        0x1a0 (size before relaxing)
 .eh_frame      0x000000000002db18      0x250 build/cooja/mtype388.a(coap-uip.o)
                                        0x268 (size before relaxing)
 .eh_frame      0x000000000002dd68      0x114 build/cooja/mtype388.a(coap-timer.o)
                                        0x12c (size before relaxing)
 .eh_frame      0x000000000002de7c      0x100 build/cooja/mtype388.a(coap-transactio)
                                        0x118 (size before relaxing)
 .eh_frame      0x000000000002df7c      0x6ec build/cooja/mtype388.a(coap.o)
                                        0x704 (size before relaxing)
 .eh_frame      0x000000000002e668       0x30 build/cooja/mtype388.a(contiki-main.o)
                                         0x48 (size before relaxing)
 .eh_frame      0x000000000002e698       0x40 build/cooja/mtype388.a(autostart.o)
                                         0x58 (size before relaxing)
 .eh_frame      0x000000000002e6d8      0x100 build/cooja/mtype388.a(ctimer.o)
                                        0x118 (size before relaxing)
 .eh_frame      0x000000000002e7d8      0x100 build/cooja/mtype388.a(log.o)
                                        0x118 (size before relaxing)
 .eh_frame      0x000000000002e8d8       0x60 build/cooja/mtype388.a(energest.o)
                                         0x78 (size before relaxing)
 .eh_frame      0x000000000002e938      0x1e0 build/cooja/mtype388.a(etimer.o)
                                        0x1f8 (size before relaxing)
 .eh_frame      0x000000000002eb18       0x20 build/cooja/mtype388.a(node-id.o)
                                         0x38 (size before relaxing)
 .eh_frame      0x000000000002eb38       0x60 build/cooja/mtype388.a(rtimer.o)
                                         0x78 (size before relaxing)
 .eh_frame      0x000000000002eb98      0x1c4 build/cooja/mtype388.a(process.o)
                                        0x1dc (size before relaxing)
 .eh_frame      0x000000000002ed5c       0xa4 build/cooja/mtype388.a(timer.o)
                                         0xbc (size before relaxing)
 .eh_frame      0x000000000002ee00      0x1a0 build/cooja/mtype388.a(list.o)
                                        0x1b8 (size before relaxing)
 .eh_frame      0x000000000002efa0       0xa0 build/cooja/mtype388.a(memb.o)
                                         0xb8 (size before relaxing)
 .eh_frame      0x000000000002f040      0x144 build/cooja/mtype388.a(button-hal.o)
                                        0x15c (size before relaxing)
 .eh_frame      0x000000000002f184       0x60 build/cooja/mtype388.a(serial-line.o)
                                         0x78 (size before relaxing)
 .eh_frame      0x000000000002f1e4       0xe0 build/cooja/mtype388.a(gpio-hal.o)
                                         0xf8 (size before relaxing)
 .eh_frame      0x000000000002f2c4      0x1a0 build/cooja/mtype388.a(queuebuf.o)
                                        0x1b8 (size before relaxing)
 .eh_frame      0x000000000002f464      0x28c build/cooja/mtype388.a(packetbuf.o)
                                        0x2a4 (size before relaxing)
 .eh_frame      0x000000000002f6f0       0x80 build/cooja/mtype388.a(netstack.o)
                                         0x98 (size before relaxing)
 .eh_frame      0x000000000002f770       0x60 build/cooja/mtype388.a(linkaddr.o)
                                         0x78 (size before relaxing)
 .eh_frame      0x000000000002f7d0       0xe0 build/cooja/mtype388.a(csma.o)
                                         0xf8 (size before relaxing)
 .eh_frame      0x000000000002f8b0      0x1d0 build/cooja/mtype388.a(csma-output.o)
                                        0x1e8 (size before relaxing)
 .eh_frame      0x000000000002fa80      0x328 build/cooja/mtype388.a(uip-ds6.o)
                                        0x340 (size before relaxing)
 .eh_frame      0x000000000002fda8       0x40 build/cooja/mtype388.a(uip-udp-packet.)
                                         0x58 (size before relaxing)
 .eh_frame      0x000000000002fde8      0x2e0 build/cooja/mtype388.a(uip-ds6-route.o)
                                        0x2f8 (size before relaxing)
 .eh_frame      0x00000000000300c8      0x244 build/cooja/mtype388.a(tcpip.o)
                                        0x25c (size before relaxing)
 .eh_frame      0x000000000003030c      0x1e8 build/cooja/mtype388.a(uip6.o)
                                        0x200 (size before relaxing)
 .eh_frame      0x00000000000304f4      0x1c0 build/cooja/mtype388.a(uip-ds6-nbr.o)
                                        0x1d8 (size before relaxing)
 .eh_frame      0x00000000000306b4       0x84 build/cooja/mtype388.a(uip-nd6.o)
                                         0x9c (size before relaxing)
 .eh_frame      0x0000000000030738      0x2f8 build/cooja/mtype388.a(sicslowpan.o)
                                        0x310 (size before relaxing)
 .eh_frame      0x0000000000030a30       0x88 build/cooja/mtype388.a(uiplib.o)
                                         0xa0 (size before relaxing)
 .eh_frame      0x0000000000030ab8      0x1e0 build/cooja/mtype388.a(rpl.o)
                                        0x1f8 (size before relaxing)
 .eh_frame      0x0000000000030c98      0x1c4 build/cooja/mtype388.a(rpl-icmp6.o)
                                        0x1dc (size before relaxing)
 .eh_frame      0x0000000000030e5c       0xa0 build/cooja/mtype388.a(rpl-dag-root.o)
                                         0xb8 (size before relaxing)
 .eh_frame      0x0000000000030efc       0xa0 build/cooja/mtype388.a(watchdog.o)
                                         0xb8 (size before relaxing)
 .eh_frame      0x0000000000030f9c       0x80 build/cooja/mtype388.a(int-master.o)
                                         0x98 (size before relaxing)
 .eh_frame      0x000000000003101c       0xa4 build/cooja/mtype388.a(coap-timer-defa)
                                         0xbc (size before relaxing)
 .eh_frame      0x00000000000310c0       0xc4 build/cooja/mtype388.a(stimer.o)
                                         0xdc (size before relaxing)
 .eh_frame      0x0000000000031184       0xa0 build/cooja/mtype388.a(ringbuf.o)
                                         0xb8 (size before relaxing)
 .eh_frame      0x0000000000031224       0x20 build/cooja/mtype388.a(assert.o)
                                         0x38 (size before relaxing)
 .eh_frame      0x0000000000031244      0x2ac build/cooja/mtype388.a(nbr-table.o)
                                        0x2c4 (size before relaxing)
 .eh_frame      0x00000000000314f0      0x120 build/cooja/mtype388.a(link-stats.o)
                                        0x138 (size before relaxing)
 .eh_frame      0x0000000000031610       0x48 build/cooja/mtype388.a(mac-sequence.o)
                                         0x60 (size before relaxing)
 .eh_frame      0x0000000000031658       0x20 build/cooja/mtype388.a(mac.o)
                                         0x38 (size before relaxing)
 .eh_frame      0x0000000000031678       0xa4 build/cooja/mtype388.a(framer-802154.o)
                                         0xbc (size before relaxing)
 .eh_frame      0x000000000003171c      0x1a4 build/cooja/mtype388.a(frame802154.o)
                                        0x1bc (size before relaxing)
 .eh_frame      0x00000000000318c0       0x40 build/cooja/mtype388.a(csma-security.o)
                                         0x58 (size before relaxing)
 .eh_frame      0x0000000000031900      0x200 build/cooja/mtype388.a(uipbuf.o)
                                        0x218 (size before relaxing)
 .eh_frame      0x0000000000031b00      0x150 build/cooja/mtype388.a(uip-icmp6.o)
                                        0x168 (size before relaxing)
 .eh_frame      0x0000000000031c50      0x184 build/cooja/mtype388.a(uip-sr.o)
                                        0x19c (size before relaxing)
 .eh_frame      0x0000000000031dd4       0xe0 build/cooja/mtype388.a(uip-packetqueue)
                                         0xf8 (size before relaxing)
 .eh_frame      0x0000000000031eb4       0x80 build/cooja/mtype388.a(rpl-nbr-policy.)
                                         0x98 (size before relaxing)
 .eh_frame      0x0000000000031f34      0x2d4 build/cooja/mtype388.a(rpl-neighbor.o)
                                        0x2ec (size before relaxing)
 .eh_frame      0x0000000000032208      0x370 build/cooja/mtype388.a(rpl-dag.o)
                                        0x388 (size before relaxing)
 .eh_frame      0x0000000000032578      0x3a8 build/cooja/mtype388.a(rpl-timers.o)
                                        0x3c0 (size before relaxing)
 .eh_frame      0x0000000000032920      0x124 build/cooja/mtype388.a(rpl-ext-header.)
                                        0x13c (size before relaxing)
 .eh_frame      0x0000000000032a44      0x148 build/cooja/mtype388.a(rpl-mrhof.o)
                                        0x160 (size before relaxing)
 .eh_frame      0x0000000000032b8c       0x84 /usr/lib/gcc/i686-linux-gnu/5/libgcc.a(_udivdi3.o)
                                         0x9c (size before relaxing)
 .eh_frame      0x0000000000032c10        0x4 /usr/lib/gcc/i686-linux-gnu/5/crtendS.o
 *(.eh_frame.*)

.gcc_except_table
 *(.gcc_except_table .gcc_except_table.*)

.gnu_extab
 *(.gnu_extab*)

.exception_ranges
 *(.exception_ranges .exception_ranges*)
                0x0000000000033f10                . = DATA_SEGMENT_ALIGN (0x1000, 0x1000)

.eh_frame
 *(.eh_frame)
 *(.eh_frame.*)

.gnu_extab
 *(.gnu_extab)

.gcc_except_table
 *(.gcc_except_table .gcc_except_table.*)

.exception_ranges
 *(.exception_ranges .exception_ranges*)

.tdata
 *(.tdata .tdata.* .gnu.linkonce.td.*)

.tbss
 *(.tbss .tbss.* .gnu.linkonce.tb.*)
 *(.tcommon)

.preinit_array
 *(.preinit_array)

.init_array     0x0000000000033f10        0x4
 *(SORT(.init_array.*) SORT(.ctors.*))
 *(.init_array EXCLUDE_FILE(*crtend?.o *crtend.o *crtbegin?.o *crtbegin.o) .ctors)
 .init_array    0x0000000000033f10        0x4 /usr/lib/gcc/i686-linux-gnu/5/crtbeginS.o

.fini_array     0x0000000000033f14        0x4
 *(SORT(.fini_array.*) SORT(.dtors.*))
 *(.fini_array EXCLUDE_FILE(*crtend?.o *crtend.o *crtbegin?.o *crtbegin.o) .dtors)
 .fini_array    0x0000000000033f14        0x4 /usr/lib/gcc/i686-linux-gnu/5/crtbeginS.o

.ctors
 *crtbegin.o(.ctors)
 *crtbegin?.o(.ctors)
 *(EXCLUDE_FILE(*crtend?.o *crtend.o) .ctors)
 *(SORT(.ctors.*))
 *(.ctors)

.dtors
 *crtbegin.o(.dtors)
 *crtbegin?.o(.dtors)
 *(EXCLUDE_FILE(*crtend?.o *crtend.o) .dtors)
 *(SORT(.dtors.*))
 *(.dtors)

.jcr            0x0000000000033f18        0x4
 *(.jcr)
 .jcr           0x0000000000033f18        0x0 /usr/lib/gcc/i686-linux-gnu/5/crtbeginS.o
 .jcr           0x0000000000033f18        0x4 /usr/lib/gcc/i686-linux-gnu/5/crtendS.o

.data.rel.ro
 *(.data.rel.ro.local* .gnu.linkonce.d.rel.ro.local.*)
 *(.data.rel.ro .data.rel.ro.* .gnu.linkonce.d.rel.ro.*)

.dynamic        0x0000000000033f1c       0xd0
 *(.dynamic)
 .dynamic       0x0000000000033f1c       0xd0 /usr/lib/gcc/i686-linux-gnu/5/../../../i386-linux-gnu/crti.o
                0x0000000000033f1c                _DYNAMIC

.got            0x0000000000033fec       0x14
 *(.got)
 .got           0x0000000000033fec       0x14 /usr/lib/gcc/i686-linux-gnu/5/../../../i386-linux-gnu/crti.o
 *(.igot)
                0x0000000000034ff4                . = DATA_SEGMENT_RELRO_END (., (SIZEOF (.got.plt) >= 0xc)?0xc:0x0)

.got.plt        0x0000000000034000        0xc
 *(.got.plt)
 .got.plt       0x0000000000034000        0xc /usr/lib/gcc/i686-linux-gnu/5/../../../i386-linux-gnu/crti.o
                0x0000000000034000                _GLOBAL_OFFSET_TABLE_
 *(.igot.plt)

.data           0x0000000000034020      0x484
 *(.data .data.* .gnu.linkonce.d.*)
 .data          0x0000000000034020        0x0 /usr/lib/gcc/i686-linux-gnu/5/../../../i386-linux-gnu/crti.o
 .data          0x0000000000034020        0x0 /usr/lib/gcc/i686-linux-gnu/5/crtbeginS.o
 .data.rel.local
                0x0000000000034020        0x4 /usr/lib/gcc/i686-linux-gnu/5/crtbeginS.o
                0x0000000000034020                __dso_handle
 .data          0x0000000000034024       0x10 temperature_actuator.o
                0x0000000000034024                contiki_coap_temperature_actuator_server
 *fill*         0x0000000000034034        0xc 
 .data          0x0000000000034040       0x44 build/cooja/mtype388.o
                0x0000000000034040                simInterfaces
                0x0000000000034074                sensors
 .data          0x0000000000034084        0x0 build/cooja/mtype388.a(simEnvChange.o)
 .data          0x0000000000034084        0x0 build/cooja/mtype388.a(cooja_mt.o)
 .data          0x0000000000034084        0x0 build/cooja/mtype388.a(cooja_mtarch.o)
 .data          0x0000000000034084        0x0 build/cooja/mtype388.a(rtimer-arch.o)
 .data          0x0000000000034084        0x0 build/cooja/mtype388.a(beep.o)
 .data          0x0000000000034084        0x0 build/cooja/mtype388.a(leds-arch.o)
 .data          0x0000000000034084        0x0 build/cooja/mtype388.a(moteid.o)
 .data          0x0000000000034084        0x0 build/cooja/mtype388.a(pir-sensor.o)
 .data          0x0000000000034084        0x0 build/cooja/mtype388.a(rs232.o)
 .data          0x0000000000034084        0x0 build/cooja/mtype388.a(vib-sensor.o)
 .data          0x0000000000034084        0x0 build/cooja/mtype388.a(clock.o)
 .data          0x0000000000034084        0x0 build/cooja/mtype388.a(cooja-log.o)
 .data          0x0000000000034084        0x0 build/cooja/mtype388.a(cfs-cooja.o)
 .data          0x0000000000034084       0x2c build/cooja/mtype388.a(cooja-radio.o)
                0x0000000000034084                simRadioHWOn
                0x0000000000034088                simSignalStrength
                0x000000000003408c                simLastSignalStrength
                0x0000000000034090                simPower
                0x0000000000034094                simRadioChannel
                0x0000000000034098                simLQI
                0x00000000000340a0                cooja_radio_process
 .data          0x00000000000340b0        0x0 build/cooja/mtype388.a(eeprom.o)
 .data          0x00000000000340b0        0x0 build/cooja/mtype388.a(random.o)
 .data          0x00000000000340b0       0x10 build/cooja/mtype388.a(sensors.o)
                0x00000000000340b0                sensors_process
 .data          0x00000000000340c0        0x0 build/cooja/mtype388.a(leds.o)
 .data          0x00000000000340c0        0x0 build/cooja/mtype388.a(gpio-hal-arch.o)
 .data          0x00000000000340c0       0x78 build/cooja/mtype388.a(buttons.o)
                0x00000000000340c0                simButtonIsActive
                0x0000000000034130                button_hal_buttons
 *fill*         0x0000000000034138        0x8 
 .data          0x0000000000034140       0x24 build/cooja/mtype388.a(res-leds_temper)
                0x0000000000034140                res_leds_temperature
 .data          0x0000000000034164        0x8 build/cooja/mtype388.a(coap-engine.o)
 *fill*         0x000000000003416c       0x14 
 .data          0x0000000000034180       0x24 build/cooja/mtype388.a(coap-res-well-k)
                0x0000000000034180                res_well_known_core
 .data          0x00000000000341a4       0x10 build/cooja/mtype388.a(coap-observe.o)
 .data          0x00000000000341b4       0x10 build/cooja/mtype388.a(coap-uip.o)
                0x00000000000341b4                coap_engine
 .data          0x00000000000341c4        0x4 build/cooja/mtype388.a(coap-timer.o)
 .data          0x00000000000341c8       0x10 build/cooja/mtype388.a(coap-transactio)
 .data          0x00000000000341d8        0x4 build/cooja/mtype388.a(coap.o)
                0x00000000000341d8                coap_error_message
 .data          0x00000000000341dc        0x0 build/cooja/mtype388.a(contiki-main.o)
 .data          0x00000000000341dc        0x0 build/cooja/mtype388.a(autostart.o)
 .data          0x00000000000341dc       0x14 build/cooja/mtype388.a(ctimer.o)
                0x00000000000341e0                ctimer_process
 *fill*         0x00000000000341f0       0x10 
 .data          0x0000000000034200       0xbc build/cooja/mtype388.a(log.o)
                0x0000000000034200                curr_log_level_main
                0x0000000000034220                all_modules
 .data          0x00000000000342bc        0x0 build/cooja/mtype388.a(energest.o)
 .data          0x00000000000342bc       0x10 build/cooja/mtype388.a(etimer.o)
                0x00000000000342bc                etimer_process
 .data          0x00000000000342cc        0x0 build/cooja/mtype388.a(node-id.o)
 .data          0x00000000000342cc        0x0 build/cooja/mtype388.a(rtimer.o)
 .data          0x00000000000342cc        0x0 build/cooja/mtype388.a(process.o)
 .data          0x00000000000342cc        0x0 build/cooja/mtype388.a(timer.o)
 .data          0x00000000000342cc        0x0 build/cooja/mtype388.a(list.o)
 .data          0x00000000000342cc        0x0 build/cooja/mtype388.a(memb.o)
 .data          0x00000000000342cc       0x10 build/cooja/mtype388.a(button-hal.o)
                0x00000000000342cc                button_hal_process
 .data          0x00000000000342dc       0x10 build/cooja/mtype388.a(serial-line.o)
                0x00000000000342dc                serial_line_process
 .data          0x00000000000342ec        0x4 build/cooja/mtype388.a(gpio-hal.o)
 .data          0x00000000000342f0       0x18 build/cooja/mtype388.a(queuebuf.o)
 .data          0x0000000000034308        0x4 build/cooja/mtype388.a(packetbuf.o)
 .data          0x000000000003430c        0x4 build/cooja/mtype388.a(netstack.o)
 .data          0x0000000000034310        0x0 build/cooja/mtype388.a(linkaddr.o)
 .data          0x0000000000034310        0x0 build/cooja/mtype388.a(csma.o)
 .data          0x0000000000034310       0x28 build/cooja/mtype388.a(csma-output.o)
 .data          0x0000000000034338        0x0 build/cooja/mtype388.a(uip-ds6.o)
 .data          0x0000000000034338        0x0 build/cooja/mtype388.a(uip-udp-packet.)
 .data          0x0000000000034338       0x44 build/cooja/mtype388.a(uip-ds6-route.o)
                0x0000000000034348                nbr_routes
 .data          0x000000000003437c       0x10 build/cooja/mtype388.a(tcpip.o)
                0x000000000003437c                tcpip_process
 .data          0x000000000003438c        0x0 build/cooja/mtype388.a(uip6.o)
 .data          0x000000000003438c       0x14 build/cooja/mtype388.a(uip-ds6-nbr.o)
 .data          0x00000000000343a0        0xc build/cooja/mtype388.a(uip-nd6.o)
 .data          0x00000000000343ac        0x0 build/cooja/mtype388.a(sicslowpan.o)
 .data          0x00000000000343ac        0x0 build/cooja/mtype388.a(uiplib.o)
 .data          0x00000000000343ac        0x0 build/cooja/mtype388.a(rpl.o)
 .data          0x00000000000343ac       0x30 build/cooja/mtype388.a(rpl-icmp6.o)
 .data          0x00000000000343dc        0x0 build/cooja/mtype388.a(rpl-dag-root.o)
 .data          0x00000000000343dc        0x0 build/cooja/mtype388.a(watchdog.o)
 .data          0x00000000000343dc        0x0 build/cooja/mtype388.a(int-master.o)
 .data          0x00000000000343dc       0x10 build/cooja/mtype388.a(coap-timer-defa)
                0x00000000000343dc                coap_timer_process
 .data          0x00000000000343ec        0x0 build/cooja/mtype388.a(stimer.o)
 .data          0x00000000000343ec        0x0 build/cooja/mtype388.a(ringbuf.o)
 .data          0x00000000000343ec        0x0 build/cooja/mtype388.a(assert.o)
 .data          0x00000000000343ec       0x10 build/cooja/mtype388.a(nbr-table.o)
 .data          0x00000000000343fc       0x14 build/cooja/mtype388.a(link-stats.o)
 .data          0x0000000000034410        0x0 build/cooja/mtype388.a(mac-sequence.o)
 .data          0x0000000000034410        0x0 build/cooja/mtype388.a(mac.o)
 .data          0x0000000000034410        0x0 build/cooja/mtype388.a(framer-802154.o)
 .data          0x0000000000034410        0x2 build/cooja/mtype388.a(frame802154.o)
 .data          0x0000000000034412        0x0 build/cooja/mtype388.a(csma-security.o)
 .data          0x0000000000034412        0x0 build/cooja/mtype388.a(uipbuf.o)
 *fill*         0x0000000000034412        0x2 
 .data          0x0000000000034414       0x20 build/cooja/mtype388.a(uip-icmp6.o)
 .data          0x0000000000034434       0x10 build/cooja/mtype388.a(uip-sr.o)
 .data          0x0000000000034444        0xc build/cooja/mtype388.a(uip-packetqueue)
 .data          0x0000000000034450        0x0 build/cooja/mtype388.a(rpl-nbr-policy.)
 .data          0x0000000000034450       0x14 build/cooja/mtype388.a(rpl-neighbor.o)
                0x0000000000034460                rpl_neighbors
 .data          0x0000000000034464        0x0 build/cooja/mtype388.a(rpl-dag.o)
 .data          0x0000000000034464        0x0 build/cooja/mtype388.a(rpl-timers.o)
 .data          0x0000000000034464        0x0 build/cooja/mtype388.a(rpl-ext-header.)
 *fill*         0x0000000000034464       0x1c 
 .data          0x0000000000034480       0x24 build/cooja/mtype388.a(rpl-mrhof.o)
                0x0000000000034480                rpl_mrhof
 .data          0x00000000000344a4        0x0 /usr/lib/gcc/i686-linux-gnu/5/libgcc.a(_udivdi3.o)
 .data          0x00000000000344a4        0x0 /usr/lib/gcc/i686-linux-gnu/5/crtendS.o
 .data          0x00000000000344a4        0x0 /usr/lib/gcc/i686-linux-gnu/5/../../../i386-linux-gnu/crtn.o

.tm_clone_table
                0x00000000000344a4        0x0
 .tm_clone_table
                0x00000000000344a4        0x0 /usr/lib/gcc/i686-linux-gnu/5/crtbeginS.o
 .tm_clone_table
                0x00000000000344a4        0x0 /usr/lib/gcc/i686-linux-gnu/5/crtendS.o

.data1
 *(.data1)
                0x00000000000344a4                _edata = .
                [!provide]                        PROVIDE (edata, .)
                0x00000000000344a4                . = .
                0x00000000000344a4                __bss_start = .

.bss            0x00000000000344c0     0xf104
 *(.dynbss)
 .dynbss        0x00000000000344c0        0x0 /usr/lib/gcc/i686-linux-gnu/5/../../../i386-linux-gnu/crti.o
 *(.bss .bss.* .gnu.linkonce.b.*)
 .bss           0x00000000000344c0        0x0 /usr/lib/gcc/i686-linux-gnu/5/../../../i386-linux-gnu/crti.o
 .bss           0x00000000000344c0        0x1 /usr/lib/gcc/i686-linux-gnu/5/crtbeginS.o
 .bss           0x00000000000344c1        0x0 temperature_actuator.o
 *fill*         0x00000000000344c1       0x1f 
 .bss           0x00000000000344e0     0x2030 build/cooja/mtype388.o
 .bss           0x0000000000036510        0x1 build/cooja/mtype388.a(simEnvChange.o)
                0x0000000000036510                simDontFallAsleep
 *fill*         0x0000000000036511        0x3 
 .bss           0x0000000000036514        0x4 build/cooja/mtype388.a(cooja_mt.o)
 .bss           0x0000000000036518        0x4 build/cooja/mtype388.a(cooja_mtarch.o)
 .bss           0x000000000003651c        0x0 build/cooja/mtype388.a(rtimer-arch.o)
 .bss           0x000000000003651c        0x0 build/cooja/mtype388.a(beep.o)
 .bss           0x000000000003651c        0x1 build/cooja/mtype388.a(leds-arch.o)
                0x000000000003651c                simLedsValue
 .bss           0x000000000003651d        0x0 build/cooja/mtype388.a(moteid.o)
 .bss           0x000000000003651d        0x1 build/cooja/mtype388.a(pir-sensor.o)
                0x000000000003651d                simPirValue
 *fill*         0x000000000003651e        0x2 
 .bss           0x0000000000036520        0x4 build/cooja/mtype388.a(rs232.o)
 .bss           0x0000000000036524        0x1 build/cooja/mtype388.a(vib-sensor.o)
                0x0000000000036524                simVibValue
 .bss           0x0000000000036525        0x0 build/cooja/mtype388.a(clock.o)
 *fill*         0x0000000000036525       0x1b 
 .bss           0x0000000000036540     0x2020 build/cooja/mtype388.a(cooja-log.o)
 .bss           0x0000000000038560      0xfc0 build/cooja/mtype388.a(cfs-cooja.o)
                0x0000000000038560                simCFSData
                0x0000000000039500                simCFSSize
                0x0000000000039504                simCFSChanged
                0x0000000000039508                simCFSRead
                0x000000000003950c                simCFSWritten
 .bss           0x0000000000039520       0x24 build/cooja/mtype388.a(cooja-radio.o)
                0x0000000000039520                simReceiving
                0x0000000000039524                simInSize
                0x0000000000039528                simLastPacketTimestamp
                0x0000000000039530                simOutSize
 .bss           0x0000000000039544        0xc build/cooja/mtype388.a(eeprom.o)
                0x0000000000039544                simEEPROMChanged
                0x0000000000039548                simEEPROMRead
                0x000000000003954c                simEEPROMWritten
 .bss           0x0000000000039550        0x0 build/cooja/mtype388.a(random.o)
 .bss           0x0000000000039550        0xc build/cooja/mtype388.a(sensors.o)
 .bss           0x000000000003955c        0x0 build/cooja/mtype388.a(leds.o)
 .bss           0x000000000003955c       0x24 build/cooja/mtype388.a(gpio-hal-arch.o)
 .bss           0x0000000000039580        0x0 build/cooja/mtype388.a(buttons.o)
 .bss           0x0000000000039580        0x0 build/cooja/mtype388.a(res-leds_temper)
 .bss           0x0000000000039580      0x190 build/cooja/mtype388.a(coap-engine.o)
 .bss           0x0000000000039710        0x0 build/cooja/mtype388.a(coap-res-well-k)
 *fill*         0x0000000000039710       0x10 
 .bss           0x0000000000039720      0x120 build/cooja/mtype388.a(coap-observe.o)
 .bss           0x0000000000039840       0x18 build/cooja/mtype388.a(coap-uip.o)
 .bss           0x0000000000039858        0x5 build/cooja/mtype388.a(coap-timer.o)
 *fill*         0x000000000003985d        0x3 
 .bss           0x0000000000039860      0x334 build/cooja/mtype388.a(coap-transactio)
 .bss           0x0000000000039b94        0x6 build/cooja/mtype388.a(coap.o)
                0x0000000000039b94                coap_status_code
 .bss           0x0000000000039b9a        0x0 build/cooja/mtype388.a(contiki-main.o)
 .bss           0x0000000000039b9a        0x0 build/cooja/mtype388.a(autostart.o)
 *fill*         0x0000000000039b9a        0x2 
 .bss           0x0000000000039b9c        0x5 build/cooja/mtype388.a(ctimer.o)
 *fill*         0x0000000000039ba1        0x3 
 .bss           0x0000000000039ba4       0x2c build/cooja/mtype388.a(log.o)
                0x0000000000039ba4                curr_log_level_rpl
                0x0000000000039ba8                curr_log_level_tcpip
                0x0000000000039bac                curr_log_level_ipv6
                0x0000000000039bb0                curr_log_level_6lowpan
                0x0000000000039bb4                curr_log_level_nullnet
                0x0000000000039bb8                curr_log_level_mac
                0x0000000000039bbc                curr_log_level_framer
                0x0000000000039bc0                curr_log_level_6top
                0x0000000000039bc4                curr_log_level_coap
                0x0000000000039bc8                curr_log_level_snmp
                0x0000000000039bcc                curr_log_level_lwm2m
 .bss           0x0000000000039bd0        0x0 build/cooja/mtype388.a(energest.o)
 .bss           0x0000000000039bd0        0x8 build/cooja/mtype388.a(etimer.o)
 .bss           0x0000000000039bd8        0x2 build/cooja/mtype388.a(node-id.o)
                0x0000000000039bd8                node_id
 *fill*         0x0000000000039bda        0x2 
 .bss           0x0000000000039bdc        0x4 build/cooja/mtype388.a(rtimer.o)
 .bss           0x0000000000039be0      0x1a1 build/cooja/mtype388.a(process.o)
                0x0000000000039be0                process_list
                0x0000000000039be4                process_current
 .bss           0x0000000000039d81        0x0 build/cooja/mtype388.a(timer.o)
 .bss           0x0000000000039d81        0x0 build/cooja/mtype388.a(list.o)
 .bss           0x0000000000039d81        0x0 build/cooja/mtype388.a(memb.o)
 *fill*         0x0000000000039d81        0x3 
 .bss           0x0000000000039d84       0x10 build/cooja/mtype388.a(button-hal.o)
 *fill*         0x0000000000039d94        0xc 
 .bss           0x0000000000039da0      0x140 build/cooja/mtype388.a(serial-line.o)
 .bss           0x0000000000039ee0        0x4 build/cooja/mtype388.a(gpio-hal.o)
 *fill*         0x0000000000039ee4       0x1c 
 .bss           0x0000000000039f00     0x2c80 build/cooja/mtype388.a(queuebuf.o)
 .bss           0x000000000003cb80       0xa0 build/cooja/mtype388.a(packetbuf.o)
 .bss           0x000000000003cc20        0x4 build/cooja/mtype388.a(netstack.o)
 .bss           0x000000000003cc24        0x0 build/cooja/mtype388.a(linkaddr.o)
 .bss           0x000000000003cc24        0x0 build/cooja/mtype388.a(csma.o)
 *fill*         0x000000000003cc24       0x1c 
 .bss           0x000000000003cc40      0x726 build/cooja/mtype388.a(csma-output.o)
 *fill*         0x000000000003d366        0x2 
 .bss           0x000000000003d368       0x30 build/cooja/mtype388.a(uip-ds6.o)
 .bss           0x000000000003d398        0x0 build/cooja/mtype388.a(uip-udp-packet.)
 *fill*         0x000000000003d398        0x8 
 .bss           0x000000000003d3a0      0x2a4 build/cooja/mtype388.a(uip-ds6-route.o)
 .bss           0x000000000003d644       0x10 build/cooja/mtype388.a(tcpip.o)
 .bss           0x000000000003d654        0x8 build/cooja/mtype388.a(uip6.o)
                0x000000000003d654                uip_ext_bitmap
                0x000000000003d656                uip_ext_len
                0x000000000003d658                uip_last_proto
 *fill*         0x000000000003d65c        0x4 
 .bss           0x000000000003d660       0xf0 build/cooja/mtype388.a(uip-ds6-nbr.o)
 .bss           0x000000000003d750       0x10 build/cooja/mtype388.a(uip-nd6.o)
 .bss           0x000000000003d760      0x724 build/cooja/mtype388.a(sicslowpan.o)
 .bss           0x000000000003de84        0x0 build/cooja/mtype388.a(uiplib.o)
 .bss           0x000000000003de84        0x1 build/cooja/mtype388.a(rpl.o)
 .bss           0x000000000003de85        0x0 build/cooja/mtype388.a(rpl-icmp6.o)
 *fill*         0x000000000003de85        0x3 
 .bss           0x000000000003de88       0x11 build/cooja/mtype388.a(rpl-dag-root.o)
 .bss           0x000000000003de99        0x0 build/cooja/mtype388.a(watchdog.o)
 *fill*         0x000000000003de99        0x3 
 .bss           0x000000000003de9c        0x4 build/cooja/mtype388.a(int-master.o)
 .bss           0x000000000003dea0       0x1c build/cooja/mtype388.a(coap-timer-defa)
 .bss           0x000000000003debc        0x0 build/cooja/mtype388.a(stimer.o)
 .bss           0x000000000003debc        0x0 build/cooja/mtype388.a(ringbuf.o)
 .bss           0x000000000003debc        0x0 build/cooja/mtype388.a(assert.o)
 *fill*         0x000000000003debc        0x4 